Archive member included to satisfy reference by file (symbol)

C:/PROGRA~2/ARMGNU~1/142BCE~1.3RE/bin/../lib/gcc/arm-none-eabi/14.3.1/thumb/v7e-m+dp/hard\libgcc.a(_aeabi_uldivmod.o)
                              cmake/stm32cubemx/CMakeFiles/STM32_Drivers.dir/__/__/Drivers/STM32F7xx_HAL_Driver/Src/stm32f7xx_hal_rcc.c.obj (__aeabi_uldivmod)
C:/PROGRA~2/ARMGNU~1/142BCE~1.3RE/bin/../lib/gcc/arm-none-eabi/14.3.1/thumb/v7e-m+dp/hard\libgcc.a(_udivmoddi4.o)
                              C:/PROGRA~2/ARMGNU~1/142BCE~1.3RE/bin/../lib/gcc/arm-none-eabi/14.3.1/thumb/v7e-m+dp/hard\libgcc.a(_aeabi_uldivmod.o) (__udivmoddi4)
C:/PROGRA~2/ARMGNU~1/142BCE~1.3RE/bin/../lib/gcc/arm-none-eabi/14.3.1/thumb/v7e-m+dp/hard\libgcc.a(_dvmd_tls.o)
                              C:/PROGRA~2/ARMGNU~1/142BCE~1.3RE/bin/../lib/gcc/arm-none-eabi/14.3.1/thumb/v7e-m+dp/hard\libgcc.a(_aeabi_uldivmod.o) (__aeabi_ldiv0)
C:/PROGRA~2/ARMGNU~1/142BCE~1.3RE/bin/../lib/gcc/arm-none-eabi/14.3.1/../../../../arm-none-eabi/lib/thumb/v7e-m+dp/hard\libg_nano.a(libc_a-exit.o)
                              C:/PROGRA~2/ARMGNU~1/142BCE~1.3RE/bin/../lib/gcc/arm-none-eabi/14.3.1/../../../../arm-none-eabi/lib/thumb/v7e-m+dp/hard/crt0.o (exit)
C:/PROGRA~2/ARMGNU~1/142BCE~1.3RE/bin/../lib/gcc/arm-none-eabi/14.3.1/../../../../arm-none-eabi/lib/thumb/v7e-m+dp/hard\libg_nano.a(libc_a-findfp.o)
                              C:/PROGRA~2/ARMGNU~1/142BCE~1.3RE/bin/../lib/gcc/arm-none-eabi/14.3.1/../../../../arm-none-eabi/lib/thumb/v7e-m+dp/hard\libg_nano.a(libc_a-exit.o) (__stdio_exit_handler)
C:/PROGRA~2/ARMGNU~1/142BCE~1.3RE/bin/../lib/gcc/arm-none-eabi/14.3.1/../../../../arm-none-eabi/lib/thumb/v7e-m+dp/hard\libg_nano.a(libc_a-fwalk.o)
                              C:/PROGRA~2/ARMGNU~1/142BCE~1.3RE/bin/../lib/gcc/arm-none-eabi/14.3.1/../../../../arm-none-eabi/lib/thumb/v7e-m+dp/hard\libg_nano.a(libc_a-findfp.o) (_fwalk_sglue)
C:/PROGRA~2/ARMGNU~1/142BCE~1.3RE/bin/../lib/gcc/arm-none-eabi/14.3.1/../../../../arm-none-eabi/lib/thumb/v7e-m+dp/hard\libg_nano.a(libc_a-snprintf.o)
                              CMakeFiles/stm32_blinking_led.dir/app/peripherals/ips_display.c.obj (snprintf)
C:/PROGRA~2/ARMGNU~1/142BCE~1.3RE/bin/../lib/gcc/arm-none-eabi/14.3.1/../../../../arm-none-eabi/lib/thumb/v7e-m+dp/hard\libg_nano.a(libc_a-stdio.o)
                              C:/PROGRA~2/ARMGNU~1/142BCE~1.3RE/bin/../lib/gcc/arm-none-eabi/14.3.1/../../../../arm-none-eabi/lib/thumb/v7e-m+dp/hard\libg_nano.a(libc_a-findfp.o) (__sread)
C:/PROGRA~2/ARMGNU~1/142BCE~1.3RE/bin/../lib/gcc/arm-none-eabi/14.3.1/../../../../arm-none-eabi/lib/thumb/v7e-m+dp/hard\libg_nano.a(libc_a-memset.o)
                              C:/PROGRA~2/ARMGNU~1/142BCE~1.3RE/bin/../lib/gcc/arm-none-eabi/14.3.1/../../../../arm-none-eabi/lib/thumb/v7e-m+dp/hard/crt0.o (memset)
C:/PROGRA~2/ARMGNU~1/142BCE~1.3RE/bin/../lib/gcc/arm-none-eabi/14.3.1/../../../../arm-none-eabi/lib/thumb/v7e-m+dp/hard\libg_nano.a(libc_a-closer.o)
                              C:/PROGRA~2/ARMGNU~1/142BCE~1.3RE/bin/../lib/gcc/arm-none-eabi/14.3.1/../../../../arm-none-eabi/lib/thumb/v7e-m+dp/hard\libg_nano.a(libc_a-stdio.o) (_close_r)
C:/PROGRA~2/ARMGNU~1/142BCE~1.3RE/bin/../lib/gcc/arm-none-eabi/14.3.1/../../../../arm-none-eabi/lib/thumb/v7e-m+dp/hard\libg_nano.a(libc_a-reent.o)
                              C:/PROGRA~2/ARMGNU~1/142BCE~1.3RE/bin/../lib/gcc/arm-none-eabi/14.3.1/../../../../arm-none-eabi/lib/thumb/v7e-m+dp/hard\libg_nano.a(libc_a-closer.o) (errno)
C:/PROGRA~2/ARMGNU~1/142BCE~1.3RE/bin/../lib/gcc/arm-none-eabi/14.3.1/../../../../arm-none-eabi/lib/thumb/v7e-m+dp/hard\libg_nano.a(libc_a-impure.o)
                              C:/PROGRA~2/ARMGNU~1/142BCE~1.3RE/bin/../lib/gcc/arm-none-eabi/14.3.1/../../../../arm-none-eabi/lib/thumb/v7e-m+dp/hard\libg_nano.a(libc_a-snprintf.o) (_impure_ptr)
C:/PROGRA~2/ARMGNU~1/142BCE~1.3RE/bin/../lib/gcc/arm-none-eabi/14.3.1/../../../../arm-none-eabi/lib/thumb/v7e-m+dp/hard\libg_nano.a(libc_a-lseekr.o)
                              C:/PROGRA~2/ARMGNU~1/142BCE~1.3RE/bin/../lib/gcc/arm-none-eabi/14.3.1/../../../../arm-none-eabi/lib/thumb/v7e-m+dp/hard\libg_nano.a(libc_a-stdio.o) (_lseek_r)
C:/PROGRA~2/ARMGNU~1/142BCE~1.3RE/bin/../lib/gcc/arm-none-eabi/14.3.1/../../../../arm-none-eabi/lib/thumb/v7e-m+dp/hard\libg_nano.a(libc_a-readr.o)
                              C:/PROGRA~2/ARMGNU~1/142BCE~1.3RE/bin/../lib/gcc/arm-none-eabi/14.3.1/../../../../arm-none-eabi/lib/thumb/v7e-m+dp/hard\libg_nano.a(libc_a-stdio.o) (_read_r)
C:/PROGRA~2/ARMGNU~1/142BCE~1.3RE/bin/../lib/gcc/arm-none-eabi/14.3.1/../../../../arm-none-eabi/lib/thumb/v7e-m+dp/hard\libg_nano.a(libc_a-writer.o)
                              C:/PROGRA~2/ARMGNU~1/142BCE~1.3RE/bin/../lib/gcc/arm-none-eabi/14.3.1/../../../../arm-none-eabi/lib/thumb/v7e-m+dp/hard\libg_nano.a(libc_a-stdio.o) (_write_r)
C:/PROGRA~2/ARMGNU~1/142BCE~1.3RE/bin/../lib/gcc/arm-none-eabi/14.3.1/../../../../arm-none-eabi/lib/thumb/v7e-m+dp/hard\libg_nano.a(libc_a-errno.o)
[...]
Memory Configuration

Name             Origin             Length             Attributes
RAM              0x20000000         0x00080000         xrw
FLASH            0x08000000         0x00200000         xr
*default*        0x00000000         0xffffffff

Linker script and memory map

LOAD C:/PROGRA~2/ARMGNU~1/142BCE~1.3RE/bin/../lib/gcc/arm-none-eabi/14.3.1/thumb/v7e-m+dp/hard/crti.o
LOAD C:/PROGRA~2/ARMGNU~1/142BCE~1.3RE/bin/../lib/gcc/arm-none-eabi/14.3.1/thumb/v7e-m+dp/hard/crtbegin.o
LOAD C:/PROGRA~2/ARMGNU~1/142BCE~1.3RE/bin/../lib/gcc/arm-none-eabi/14.3.1/../../../../arm-none-eabi/lib/thumb/v7e-m+dp/hard/crt0.o
LOAD cmake/stm32cubemx/CMakeFiles/STM32_Drivers.dir/__/__/Core/Src/system_stm32f7xx.c.obj
LOAD cmake/stm32cubemx/CMakeFiles/STM32_Drivers.dir/__/__/Drivers/STM32F7xx_HAL_Driver/Src/stm32f7xx_hal_cortex.c.obj
LOAD cmake/stm32cubemx/CMakeFiles/STM32_Drivers.dir/__/__/Drivers/STM32F7xx_HAL_Driver/Src/stm32f7xx_hal_i2c.c.obj
LOAD cmake/stm32cubemx/CMakeFiles/STM32_Drivers.dir/__/__/Drivers/STM32F7xx_HAL_Driver/Src/stm32f7xx_hal_i2c_ex.c.obj
LOAD cmake/stm32cubemx/CMakeFiles/STM32_Drivers.dir/__/__/Drivers/STM32F7xx_HAL_Driver/Src/stm32f7xx_hal_rcc.c.obj
LOAD cmake/stm32cubemx/CMakeFiles/STM32_Drivers.dir/__/__/Drivers/STM32F7xx_HAL_Driver/Src/stm32f7xx_hal_rcc_ex.c.obj
LOAD cmake/stm32cubemx/CMakeFiles/STM32_Drivers.dir/__/__/Drivers/STM32F7xx_HAL_Driver/Src/stm32f7xx_hal_flash.c.obj
LOAD cmake/stm32cubemx/CMakeFiles/STM32_Drivers.dir/__/__/Drivers/STM32F7xx_HAL_Driver/Src/stm32f7xx_hal_flash_ex.c.obj
LOAD cmake/stm32cubemx/CMakeFiles/STM32_Drivers.dir/__/__/Drivers/STM32F7xx_HAL_Driver/Src/stm32f7xx_hal_gpio.c.obj
LOAD cmake/stm32cubemx/CMakeFiles/STM32_Drivers.dir/__/__/Drivers/STM32F7xx_HAL_Driver/Src/stm32f7xx_hal_dma.c.obj
LOAD cmake/stm32cubemx/CMakeFiles/STM32_Drivers.dir/__/__/Drivers/STM32F7xx_HAL_Driver/Src/stm32f7xx_hal_dma_ex.c.obj
LOAD cmake/stm32cubemx/CMakeFiles/STM32_Drivers.dir/__/__/Drivers/STM32F7xx_HAL_Driver/Src/stm32f7xx_hal_pwr.c.obj
LOAD cmake/stm32cubemx/CMakeFiles/STM32_Drivers.dir/__/__/Drivers/STM32F7xx_HAL_Driver/Src/stm32f7xx_hal_pwr_ex.c.obj
LOAD cmake/stm32cubemx/CMakeFiles/STM32_Drivers.dir/__/__/Drivers/STM32F7xx_HAL_Driver/Src/stm32f7xx_hal.c.obj
LOAD cmake/stm32cubemx/CMakeFiles/STM32_Drivers.dir/__/__/Drivers/STM32F7xx_HAL_Driver/Src/stm32f7xx_hal_exti.c.obj
LOAD cmake/stm32cubemx/CMakeFiles/STM32_Drivers.dir/__/__/Drivers/STM32F7xx_HAL_Driver/Src/stm32f7xx_hal_spi.c.obj
LOAD cmake/stm32cubemx/CMakeFiles/STM32_Drivers.dir/__/__/Drivers/STM32F7xx_HAL_Driver/Src/stm32f7xx_hal_spi_ex.c.obj
LOAD CMakeFiles/stm32_blinking_led.dir/Core/Src/main.c.obj
LOAD CMakeFiles/stm32_blinking_led.dir/Core/Src/stm32f7xx_it.c.obj
LOAD CMakeFiles/stm32_blinking_led.dir/Core/Src/stm32f7xx_hal_msp.c.obj
LOAD CMakeFiles/stm32_blinking_led.dir/Core/Src/sysmem.c.obj
LOAD CMakeFiles/stm32_blinking_led.dir/Core/Src/syscalls.c.obj
LOAD CMakeFiles/stm32_blinking_led.dir/startup_stm32f767xx.s.obj
LOAD CMakeFiles/stm32_blinking_led.dir/app/app.c.obj
LOAD CMakeFiles/stm32_blinking_led.dir/app/features/feat_blinky.c.obj
LOAD CMakeFiles/stm32_blinking_led.dir/app/features/feat_temperature_sensor.c.obj
LOAD CMakeFiles/stm32_blinking_led.dir/app/features/feature.c.obj
LOAD CMakeFiles/stm32_blinking_led.dir/app/peripherals/ath25.c.obj
LOAD CMakeFiles/stm32_blinking_led.dir/app/peripherals/ips_display.c.obj
LOAD CMakeFiles/stm32_blinking_led.dir/Drivers_custom/ST7789/fonts.c.obj
LOAD CMakeFiles/stm32_blinking_led.dir/Drivers_custom/ST7789/st7789.c.obj
LOAD C:/PROGRA~2/ARMGNU~1/142BCE~1.3RE/bin/../lib/gcc/arm-none-eabi/14.3.1/../../../../arm-none-eabi/lib/thumb/v7e-m+dp/hard\libm.a
START GROUP
LOAD C:/PROGRA~2/ARMGNU~1/142BCE~1.3RE/bin/../lib/gcc/arm-none-eabi/14.3.1/thumb/v7e-m+dp/hard\libgcc.a
LOAD C:/PROGRA~2/ARMGNU~1/142BCE~1.3RE/bin/../lib/gcc/arm-none-eabi/14.3.1/../../../../arm-none-eabi/lib/thumb/v7e-m+dp/hard\libg_nano.a
LOAD C:/PROGRA~2/ARMGNU~1/142BCE~1.3RE/bin/../lib/gcc/arm-none-eabi/14.3.1/../../../../arm-none-eabi/lib/thumb/v7e-m+dp/hard\libc_nano.a
END GROUP
START GROUP
LOAD C:/PROGRA~2/ARMGNU~1/142BCE~1.3RE/bin/../lib/gcc/arm-none-eabi/14.3.1/thumb/v7e-m+dp/hard\libgcc.a
LOAD C:/PROGRA~2/ARMGNU~1/142BCE~1.3RE/bin/../lib/gcc/arm-none-eabi/14.3.1/../../../../arm-none-eabi/lib/thumb/v7e-m+dp/hard\libc_nano.a
END GROUP
LOAD C:/PROGRA~2/ARMGNU~1/142BCE~1.3RE/bin/../lib/gcc/arm-none-eabi/14.3.1/thumb/v7e-m+dp/hard/crtend.o
LOAD C:/PROGRA~2/ARMGNU~1/142BCE~1.3RE/bin/../lib/gcc/arm-none-eabi/14.3.1/thumb/v7e-m+dp/hard/crtn.o
                0x20080000                        _estack = (ORIGIN (RAM) + LENGTH (RAM))
                0x00000200                        _Min_Heap_Size = 0x200
                0x00000400                        _Min_Stack_Size = 0x400

.isr_vector     0x08000000      0x1f8
                0x08000000                        . = ALIGN (0x4)
 *(.isr_vector)
 .isr_vector    0x08000000      0x1f8 CMakeFiles/stm32_blinking_led.dir/startup_stm32f767xx.s.obj
                0x08000000                g_pfnVectors
                0x080001f8                        . = ALIGN (0x4)

.text           0x08000200     0x492c
                0x08000200                        . = ALIGN (0x4)
 *(.text)
 .text          0x08000200       0x30 C:/PROGRA~2/ARMGNU~1/142BCE~1.3RE/bin/../lib/gcc/arm-none-eabi/14.3.1/thumb/v7e-m+dp/hard\libgcc.a(_aeabi_uldivmod.o)
                0x08000200                __aeabi_uldivmod
 .text          0x08000230        0x4 C:/PROGRA~2/ARMGNU~1/142BCE~1.3RE/bin/../lib/gcc/arm-none-eabi/14.3.1/thumb/v7e-m+dp/hard\libgcc.a(_dvmd_tls.o)
                0x08000230                __aeabi_idiv0
                0x08000230                __aeabi_ldiv0
 *fill*         0x08000234        0xc 
 .text          0x08000240       0xa0 C:/PROGRA~2/ARMGNU~1/142BCE~1.3RE/bin/../lib/gcc/arm-none-eabi/14.3.1/../../../../arm-none-eabi/lib/thumb/v7e-m+dp/hard\libg_nano.a(libc_a-memchr.o)
                0x08000240                memchr
 *(.text*)
 .text.deregister_tm_clones
                0x080002e0       0x1c C:/PROGRA~2/ARMGNU~1/142BCE~1.3RE/bin/../lib/gcc/arm-none-eabi/14.3.1/thumb/v7e-m+dp/hard/crtbegin.o
 .text.register_tm_clones
                0x080002fc       0x24 C:/PROGRA~2/ARMGNU~1/142BCE~1.3RE/bin/../lib/gcc/arm-none-eabi/14.3.1/thumb/v7e-m+dp/hard/crtbegin.o
 .text.__do_global_dtors_aux
                0x08000320       0x28 C:/PROGRA~2/ARMGNU~1/142BCE~1.3RE/bin/../lib/gcc/arm-none-eabi/14.3.1/thumb/v7e-m+dp/hard/crtbegin.o
 .text.frame_dummy
                0x08000348       0x24 C:/PROGRA~2/ARMGNU~1/142BCE~1.3RE/bin/../lib/gcc/arm-none-eabi/14.3.1/thumb/v7e-m+dp/hard/crtbegin.o
 .text.SystemInit
                0x0800036c       0x24 cmake/stm32cubemx/CMakeFiles/STM32_Drivers.dir/__/__/Core/Src/system_stm32f7xx.c.obj
                0x0800036c                SystemInit
 .text.__NVIC_SetPriorityGrouping
                0x08000390       0x48 cmake/stm32cubemx/CMakeFiles/STM32_Drivers.dir/__/__/Drivers/STM32F7xx_HAL_Driver/Src/stm32f7xx_hal_cortex.c.obj
 .text.__NVIC_GetPriorityGrouping
                0x080003d8       0x1c cmake/stm32cubemx/CMakeFiles/STM32_Drivers.dir/__/__/Drivers/STM32F7xx_HAL_Driver/Src/stm32f7xx_hal_cortex.c.obj
 .text.__NVIC_SetPriority
                0x080003f4       0x54 cmake/stm32cubemx/CMakeFiles/STM32_Drivers.dir/__/__/Drivers/STM32F7xx_HAL_Driver/Src/stm32f7xx_hal_cortex.c.obj
 .text.NVIC_EncodePriority
                0x08000448       0x66 cmake/stm32cubemx/CMakeFiles/STM32_Drivers.dir/__/__/Drivers/STM32F7xx_HAL_Driver/Src/stm32f7xx_hal_cortex.c.obj
 *fill*         0x080004ae        0x2 
 .text.SysTick_Config
                0x080004b0       0x44 cmake/stm32cubemx/CMakeFiles/STM32_Drivers.dir/__/__/Drivers/STM32F7xx_HAL_Driver/Src/stm32f7xx_hal_cortex.c.obj
 .text.HAL_NVIC_SetPriorityGrouping
                0x080004f4       0x16 cmake/stm32cubemx/CMakeFiles/STM32_Drivers.dir/__/__/Drivers/STM32F7xx_HAL_Driver/Src/stm32f7xx_hal_cortex.c.obj
                0x080004f4                HAL_NVIC_SetPriorityGrouping
 .text.HAL_NVIC_SetPriority
                0x0800050a       0x38 cmake/stm32cubemx/CMakeFiles/STM32_Drivers.dir/__/__/Drivers/STM32F7xx_HAL_Driver/Src/stm32f7xx_hal_cortex.c.obj
                0x0800050a                HAL_NVIC_SetPriority
 .text.HAL_SYSTICK_Config
                0x08000542       0x18 cmake/stm32cubemx/CMakeFiles/STM32_Drivers.dir/__/__/Drivers/STM32F7xx_HAL_Driver/Src/stm32f7xx_hal_cortex.c.obj
                0x08000542                HAL_SYSTICK_Config
 *fill*         0x0800055a        0x2 
 .text.HAL_MPU_Disable
                0x0800055c       0x30 cmake/stm32cubemx/CMakeFiles/STM32_Drivers.dir/__/__/Drivers/STM32F7xx_HAL_Driver/Src/stm32f7xx_hal_cortex.c.obj
                0x0800055c                HAL_MPU_Disable
 .text.HAL_MPU_Enable
                0x0800058c       0x40 cmake/stm32cubemx/CMakeFiles/STM32_Drivers.dir/__/__/Drivers/STM32F7xx_HAL_Driver/Src/stm32f7xx_hal_cortex.c.obj
                0x0800058c                HAL_MPU_Enable
 .text.HAL_MPU_ConfigRegion
                0x080005cc       0x80 cmake/stm32cubemx/CMakeFiles/STM32_Drivers.dir/__/__/Drivers/STM32F7xx_HAL_Driver/Src/stm32f7xx_hal_cortex.c.obj
                0x080005cc                HAL_MPU_ConfigRegion
 .text.HAL_I2C_Init
                0x0800064c      0x138 cmake/stm32cubemx/CMakeFiles/STM32_Drivers.dir/__/__/Drivers/STM32F7xx_HAL_Driver/Src/stm32f7xx_hal_i2c.c.obj
                0x0800064c                HAL_I2C_Init
 .text.HAL_I2C_Master_Transmit
                0x08000784      0x230 cmake/stm32cubemx/CMakeFiles/STM32_Drivers.dir/__/__/Drivers/STM32F7xx_HAL_Driver/Src/stm32f7xx_hal_i2c.c.obj
                0x08000784                HAL_I2C_Master_Transmit
 .text.HAL_I2C_Master_Receive
                0x080009b4      0x1ec cmake/stm32cubemx/CMakeFiles/STM32_Drivers.dir/__/__/Drivers/STM32F7xx_HAL_Driver/Src/stm32f7xx_hal_i2c.c.obj
                0x080009b4                HAL_I2C_Master_Receive
 .text.I2C_Flush_TXDR
                0x08000ba0       0x48 cmake/stm32cubemx/CMakeFiles/STM32_Drivers.dir/__/__/Drivers/STM32F7xx_HAL_Driver/Src/stm32f7xx_hal_i2c.c.obj
 .text.I2C_WaitOnFlagUntilTimeout
                0x08000be8       0xb2 cmake/stm32cubemx/CMakeFiles/STM32_Drivers.dir/__/__/Drivers/STM32F7xx_HAL_Driver/Src/stm32f7xx_hal_i2c.c.obj
 .text.I2C_WaitOnTXISFlagUntilTimeout
                0x08000c9a       0x8e cmake/stm32cubemx/CMakeFiles/STM32_Drivers.dir/__/__/Drivers/STM32F7xx_HAL_Driver/Src/stm32f7xx_hal_i2c.c.obj
 .text.I2C_WaitOnSTOPFlagUntilTimeout
                0x08000d28       0x86 cmake/stm32cubemx/CMakeFiles/STM32_Drivers.dir/__/__/Drivers/STM32F7xx_HAL_Driver/Src/stm32f7xx_hal_i2c.c.obj
 *fill*         0x08000dae        0x2 
 .text.I2C_WaitOnRXNEFlagUntilTimeout
                0x08000db0      0x118 cmake/stm32cubemx/CMakeFiles/STM32_Drivers.dir/__/__/Drivers/STM32F7xx_HAL_Driver/Src/stm32f7xx_hal_i2c.c.obj
 .text.I2C_IsErrorOccurred
                0x08000ec8      0x1c0 cmake/stm32cubemx/CMakeFiles/STM32_Drivers.dir/__/__/Drivers/STM32F7xx_HAL_Driver/Src/stm32f7xx_hal_i2c.c.obj
 .text.I2C_TransferConfig
                0x08001088       0x64 cmake/stm32cubemx/CMakeFiles/STM32_Drivers.dir/__/__/Drivers/STM32F7xx_HAL_Driver/Src/stm32f7xx_hal_i2c.c.obj
 .text.HAL_I2CEx_ConfigAnalogFilter
                0x080010ec       0x96 cmake/stm32cubemx/CMakeFiles/STM32_Drivers.dir/__/__/Drivers/STM32F7xx_HAL_Driver/Src/stm32f7xx_hal_i2c_ex.c.obj
                0x080010ec                HAL_I2CEx_ConfigAnalogFilter
 .text.HAL_I2CEx_ConfigDigitalFilter
                0x08001182       0x98 cmake/stm32cubemx/CMakeFiles/STM32_Drivers.dir/__/__/Drivers/STM32F7xx_HAL_Driver/Src/stm32f7xx_hal_i2c_ex.c.obj
                0x08001182                HAL_I2CEx_ConfigDigitalFilter
 *fill*         0x0800121a        0x2 
 .text.HAL_RCC_OscConfig
                0x0800121c      0x55c cmake/stm32cubemx/CMakeFiles/STM32_Drivers.dir/__/__/Drivers/STM32F7xx_HAL_Driver/Src/stm32f7xx_hal_rcc.c.obj
                0x0800121c                HAL_RCC_OscConfig
 .text.HAL_RCC_ClockConfig
                0x08001778      0x1d8 cmake/stm32cubemx/CMakeFiles/STM32_Drivers.dir/__/__/Drivers/STM32F7xx_HAL_Driver/Src/stm32f7xx_hal_rcc.c.obj
                0x08001778                HAL_RCC_ClockConfig
 .text.HAL_RCC_GetSysClockFreq
                0x08001950      0x188 cmake/stm32cubemx/CMakeFiles/STM32_Drivers.dir/__/__/Drivers/STM32F7xx_HAL_Driver/Src/stm32f7xx_hal_rcc.c.obj
                0x08001950                HAL_RCC_GetSysClockFreq
 .text.HAL_RCCEx_PeriphCLKConfig
                0x08001ad8      0x850 cmake/stm32cubemx/CMakeFiles/STM32_Drivers.dir/__/__/Drivers/STM32F7xx_HAL_Driver/Src/stm32f7xx_hal_rcc_ex.c.obj
                0x08001ad8                HAL_RCCEx_PeriphCLKConfig
 .text.HAL_GPIO_Init
                0x08002328      0x358 cmake/stm32cubemx/CMakeFiles/STM32_Drivers.dir/__/__/Drivers/STM32F7xx_HAL_Driver/Src/stm32f7xx_hal_gpio.c.obj
                0x08002328                HAL_GPIO_Init
 .text.HAL_GPIO_WritePin
                0x08002680       0x32 cmake/stm32cubemx/CMakeFiles/STM32_Drivers.dir/__/__/Drivers/STM32F7xx_HAL_Driver/Src/stm32f7xx_hal_gpio.c.obj
                0x08002680                HAL_GPIO_WritePin
 .text.HAL_GPIO_TogglePin
                0x080026b2       0x34 cmake/stm32cubemx/CMakeFiles/STM32_Drivers.dir/__/__/Drivers/STM32F7xx_HAL_Driver/Src/stm32f7xx_hal_gpio.c.obj
                0x080026b2                HAL_GPIO_TogglePin
 .text.HAL_Init
                0x080026e6       0x1a cmake/stm32cubemx/CMakeFiles/STM32_Drivers.dir/__/__/Drivers/STM32F7xx_HAL_Driver/Src/stm32f7xx_hal.c.obj
                0x080026e6                HAL_Init
 .text.HAL_InitTick
                0x08002700       0x60 cmake/stm32cubemx/CMakeFiles/STM32_Drivers.dir/__/__/Drivers/STM32F7xx_HAL_Driver/Src/stm32f7xx_hal.c.obj
                0x08002700                HAL_InitTick
 .text.HAL_IncTick
                0x08002760       0x28 cmake/stm32cubemx/CMakeFiles/STM32_Drivers.dir/__/__/Drivers/STM32F7xx_HAL_Driver/Src/stm32f7xx_hal.c.obj
                0x08002760                HAL_IncTick
 .text.HAL_GetTick
                0x08002788       0x18 cmake/stm32cubemx/CMakeFiles/STM32_Drivers.dir/__/__/Drivers/STM32F7xx_HAL_Driver/Src/stm32f7xx_hal.c.obj
                0x08002788                HAL_GetTick
 .text.HAL_Delay
                0x080027a0       0x48 cmake/stm32cubemx/CMakeFiles/STM32_Drivers.dir/__/__/Drivers/STM32F7xx_HAL_Driver/Src/stm32f7xx_hal.c.obj
                0x080027a0                HAL_Delay
 .text.HAL_SPI_Init
                0x080027e8      0x156 cmake/stm32cubemx/CMakeFiles/STM32_Drivers.dir/__/__/Drivers/STM32F7xx_HAL_Driver/Src/stm32f7xx_hal_spi.c.obj
                0x080027e8                HAL_SPI_Init
 .text.HAL_SPI_Transmit
                0x0800293e      0x2ec cmake/stm32cubemx/CMakeFiles/STM32_Drivers.dir/__/__/Drivers/STM32F7xx_HAL_Driver/Src/stm32f7xx_hal_spi.c.obj
                0x0800293e                HAL_SPI_Transmit
 *fill*         0x08002c2a        0x2 
 .text.SPI_WaitFlagStateUntilTimeout
                0x08002c2c      0x110 cmake/stm32cubemx/CMakeFiles/STM32_Drivers.dir/__/__/Drivers/STM32F7xx_HAL_Driver/Src/stm32f7xx_hal_spi.c.obj
 .text.SPI_WaitFifoStateUntilTimeout
                0x08002d3c      0x12c cmake/stm32cubemx/CMakeFiles/STM32_Drivers.dir/__/__/Drivers/STM32F7xx_HAL_Driver/Src/stm32f7xx_hal_spi.c.obj
 .text.SPI_EndRxTxTransaction
                0x08002e68       0xd4 cmake/stm32cubemx/CMakeFiles/STM32_Drivers.dir/__/__/Drivers/STM32F7xx_HAL_Driver/Src/stm32f7xx_hal_spi.c.obj
 .text.main     0x08002f3c       0x26 CMakeFiles/stm32_blinking_led.dir/Core/Src/main.c.obj
                0x08002f3c                main
 *fill*         0x08002f62        0x2 
 .text.SystemClock_Config
                0x08002f64       0xb8 CMakeFiles/stm32_blinking_led.dir/Core/Src/main.c.obj
                0x08002f64                SystemClock_Config
 .text.MX_I2C2_Init
                0x0800301c       0x80 CMakeFiles/stm32_blinking_led.dir/Core/Src/main.c.obj
 .text.MX_SPI1_Init
                0x0800309c       0x7c CMakeFiles/stm32_blinking_led.dir/Core/Src/main.c.obj
 .text.MX_GPIO_Init
                0x08003118      0x10c CMakeFiles/stm32_blinking_led.dir/Core/Src/main.c.obj
 .text.MPU_Config
                0x08003224       0x58 CMakeFiles/stm32_blinking_led.dir/Core/Src/main.c.obj
 .text.Error_Handler
                0x0800327c        0xc CMakeFiles/stm32_blinking_led.dir/Core/Src/main.c.obj
                0x0800327c                Error_Handler
 .text.NMI_Handler
                0x08003288        0x8 CMakeFiles/stm32_blinking_led.dir/Core/Src/stm32f7xx_it.c.obj
                0x08003288                NMI_Handler
 .text.HardFault_Handler
                0x08003290        0x8 CMakeFiles/stm32_blinking_led.dir/Core/Src/stm32f7xx_it.c.obj
                0x08003290                HardFault_Handler
 .text.MemManage_Handler
                0x08003298        0x8 CMakeFiles/stm32_blinking_led.dir/Core/Src/stm32f7xx_it.c.obj
                0x08003298                MemManage_Handler
 .text.BusFault_Handler
                0x080032a0        0x8 CMakeFiles/stm32_blinking_led.dir/Core/Src/stm32f7xx_it.c.obj
                0x080032a0                BusFault_Handler
 .text.UsageFault_Handler
                0x080032a8        0x8 CMakeFiles/stm32_blinking_led.dir/Core/Src/stm32f7xx_it.c.obj
                0x080032a8                UsageFault_Handler
 .text.SVC_Handler
                0x080032b0        0xe CMakeFiles/stm32_blinking_led.dir/Core/Src/stm32f7xx_it.c.obj
                0x080032b0                SVC_Handler
 .text.DebugMon_Handler
                0x080032be        0xe CMakeFiles/stm32_blinking_led.dir/Core/Src/stm32f7xx_it.c.obj
                0x080032be                DebugMon_Handler
 .text.PendSV_Handler
                0x080032cc        0xe CMakeFiles/stm32_blinking_led.dir/Core/Src/stm32f7xx_it.c.obj
                0x080032cc                PendSV_Handler
 .text.SysTick_Handler
                0x080032da        0xc CMakeFiles/stm32_blinking_led.dir/Core/Src/stm32f7xx_it.c.obj
                0x080032da                SysTick_Handler
 *fill*         0x080032e6        0x2 
 .text.HAL_MspInit
                0x080032e8       0x48 CMakeFiles/stm32_blinking_led.dir/Core/Src/stm32f7xx_hal_msp.c.obj
                0x080032e8                HAL_MspInit
 .text.HAL_I2C_MspInit
                0x08003330       0xbc CMakeFiles/stm32_blinking_led.dir/Core/Src/stm32f7xx_hal_msp.c.obj
                0x08003330                HAL_I2C_MspInit
 .text.HAL_SPI_MspInit
                0x080033ec       0x88 CMakeFiles/stm32_blinking_led.dir/Core/Src/stm32f7xx_hal_msp.c.obj
                0x080033ec                HAL_SPI_MspInit
 .text._sbrk    0x08003474       0x6c CMakeFiles/stm32_blinking_led.dir/Core/Src/sysmem.c.obj
                0x08003474                _sbrk
 .text.Reset_Handler
                0x080034e0       0x50 CMakeFiles/stm32_blinking_led.dir/startup_stm32f767xx.s.obj
                0x080034e0                Reset_Handler
 .text.Default_Handler
                0x08003530        0x2 CMakeFiles/stm32_blinking_led.dir/startup_stm32f767xx.s.obj
                0x08003530                RTC_Alarm_IRQHandler
                0x08003530                EXTI2_IRQHandler
                0x08003530                TIM8_CC_IRQHandler
                0x08003530                UART8_IRQHandler
                0x08003530                SPI4_IRQHandler
                0x08003530                TIM1_CC_IRQHandler
                0x08003530                DMA2_Stream5_IRQHandler
                0x08003530                JPEG_IRQHandler
                0x08003530                DMA1_Stream5_IRQHandler
                0x08003530                CAN3_RX1_IRQHandler
                0x08003530                PVD_IRQHandler
                0x08003530                TAMP_STAMP_IRQHandler
                0x08003530                CAN2_RX1_IRQHandler
                0x08003530                EXTI3_IRQHandler
                0x08003530                TIM8_TRG_COM_TIM14_IRQHandler
                0x08003530                DFSDM1_FLT1_IRQHandler
                0x08003530                TIM1_UP_TIM10_IRQHandler
                0x08003530                TIM8_UP_TIM13_IRQHandler
                0x08003530                I2C3_ER_IRQHandler
                0x08003530                DFSDM1_FLT2_IRQHandler
                0x08003530                EXTI0_IRQHandler
                0x08003530                I2C2_EV_IRQHandler
                0x08003530                DMA1_Stream2_IRQHandler
                0x08003530                CAN1_RX0_IRQHandler
                0x08003530                FPU_IRQHandler
                0x08003530                OTG_HS_WKUP_IRQHandler
                0x08003530                CAN3_SCE_IRQHandler
                0x08003530                LTDC_ER_IRQHandler
                0x08003530                CAN2_SCE_IRQHandler
                0x08003530                DMA2_Stream2_IRQHandler
                0x08003530                SPI1_IRQHandler
                0x08003530                TIM6_DAC_IRQHandler
                0x08003530                TIM1_BRK_TIM9_IRQHandler
                0x08003530                DCMI_IRQHandler
                0x08003530                CAN2_RX0_IRQHandler
                0x08003530                DMA2_Stream3_IRQHandler
                0x08003530                SAI2_IRQHandler
                0x08003530                DFSDM1_FLT3_IRQHandler
                0x08003530                USART6_IRQHandler
                0x08003530                CAN3_RX0_IRQHandler
                0x08003530                USART3_IRQHandler
                0x08003530                CAN1_RX1_IRQHandler
                0x08003530                UART5_IRQHandler
                0x08003530                DMA2_Stream0_IRQHandler
                0x08003530                TIM4_IRQHandler
                0x08003530                QUADSPI_IRQHandler
                0x08003530                I2C1_EV_IRQHandler
                0x08003530                DMA1_Stream6_IRQHandler
                0x08003530                DMA1_Stream1_IRQHandler
                0x08003530                UART4_IRQHandler
                0x08003530                TIM3_IRQHandler
                0x08003530                RCC_IRQHandler
                0x08003530                TIM8_BRK_TIM12_IRQHandler
                0x08003530                Default_Handler
                0x08003530                CEC_IRQHandler
                0x08003530                EXTI15_10_IRQHandler
                0x08003530                ADC_IRQHandler
                0x08003530                DMA1_Stream7_IRQHandler
                0x08003530                SPI5_IRQHandler
                0x08003530                TIM7_IRQHandler
                0x08003530                SDMMC1_IRQHandler
                0x08003530                CAN2_TX_IRQHandler
                0x08003530                TIM5_IRQHandler
                0x08003530                DMA2_Stream7_IRQHandler
                0x08003530                I2C3_EV_IRQHandler
                0x08003530                EXTI9_5_IRQHandler
                0x08003530                RTC_WKUP_IRQHandler
                0x08003530                LTDC_IRQHandler
                0x08003530                ETH_WKUP_IRQHandler
                0x08003530                SPDIF_RX_IRQHandler
                0x08003530                SPI2_IRQHandler
                0x08003530                OTG_HS_EP1_IN_IRQHandler
                0x08003530                DMA1_Stream0_IRQHandler
                0x08003530                CAN1_TX_IRQHandler
                0x08003530                EXTI4_IRQHandler
                0x08003530                RNG_IRQHandler
                0x08003530                ETH_IRQHandler
                0x08003530                OTG_HS_EP1_OUT_IRQHandler
                0x08003530                WWDG_IRQHandler
                0x08003530                SPI6_IRQHandler
                0x08003530                MDIOS_IRQHandler
                0x08003530                I2C4_EV_IRQHandler
                0x08003530                CAN3_TX_IRQHandler
                0x08003530                TIM2_IRQHandler
                0x08003530                OTG_FS_WKUP_IRQHandler
                0x08003530                TIM1_TRG_COM_TIM11_IRQHandler
                0x08003530                OTG_HS_IRQHandler
                0x08003530                DMA2D_IRQHandler
                0x08003530                EXTI1_IRQHandler
                0x08003530                SDMMC2_IRQHandler
                0x08003530                UART7_IRQHandler
                0x08003530                USART2_IRQHandler
                0x08003530                DFSDM1_FLT0_IRQHandler
                0x08003530                I2C2_ER_IRQHandler
                0x08003530                DMA2_Stream1_IRQHandler
                0x08003530                CAN1_SCE_IRQHandler
                0x08003530                FLASH_IRQHandler
                0x08003530                DMA2_Stream4_IRQHandler
                0x08003530                USART1_IRQHandler
                0x08003530                OTG_FS_IRQHandler
                0x08003530                SPI3_IRQHandler
                0x08003530                DMA1_Stream4_IRQHandler
                0x08003530                I2C1_ER_IRQHandler
                0x08003530                FMC_IRQHandler
                0x08003530                LPTIM1_IRQHandler
                0x08003530                I2C4_ER_IRQHandler
                0x08003530                DMA2_Stream6_IRQHandler
                0x08003530                SAI1_IRQHandler
                0x08003530                DMA1_Stream3_IRQHandler
 .text.app_init
                0x08003532        0xc CMakeFiles/stm32_blinking_led.dir/app/app.c.obj
                0x08003532                app_init
 .text.app_run  0x0800353e        0xc CMakeFiles/stm32_blinking_led.dir/app/app.c.obj
                0x0800353e                app_run
 *fill*         0x0800354a        0x2 
 .text.blinky_init
                0x0800354c       0x18 CMakeFiles/stm32_blinking_led.dir/app/features/feat_blinky.c.obj
                0x0800354c                blinky_init
 .text.blinky_run
                0x08003564       0x40 CMakeFiles/stm32_blinking_led.dir/app/features/feat_blinky.c.obj
                0x08003564                blinky_run
 .text.temperature_sensor_init
                0x080035a4       0x24 CMakeFiles/stm32_blinking_led.dir/app/features/feat_temperature_sensor.c.obj
                0x080035a4                temperature_sensor_init
 .text.temperature_sensor_run
                0x080035c8       0x5c CMakeFiles/stm32_blinking_led.dir/app/features/feat_temperature_sensor.c.obj
                0x080035c8                temperature_sensor_run
 .text.feature_init
                0x08003624       0x10 CMakeFiles/stm32_blinking_led.dir/app/features/feature.c.obj
                0x08003624                feature_init
 .text.feature_run
                0x08003634       0x10 CMakeFiles/stm32_blinking_led.dir/app/features/feature.c.obj
                0x08003634                feature_run
 .text.ath25_init
                0x08003644        0xe CMakeFiles/stm32_blinking_led.dir/app/peripherals/ath25.c.obj
                0x08003644                ath25_init
 .text.ath25_crc8
                0x08003652       0x72 CMakeFiles/stm32_blinking_led.dir/app/peripherals/ath25.c.obj
 .text.ath25_open
                0x080036c4       0x92 CMakeFiles/stm32_blinking_led.dir/app/peripherals/ath25.c.obj
                0x080036c4                ath25_open
 *fill*         0x08003756        0x2 
 .text.ath25_read
                0x08003758      0x12c CMakeFiles/stm32_blinking_led.dir/app/peripherals/ath25.c.obj
                0x08003758                ath25_read
 .text.ips_display_init
                0x08003884        0xe CMakeFiles/stm32_blinking_led.dir/app/peripherals/ips_display.c.obj
                0x08003884                ips_display_init
 *fill*         0x08003892        0x2 
 .text.ips_display_write_temp_data
                0x08003894       0xa0 CMakeFiles/stm32_blinking_led.dir/app/peripherals/ips_display.c.obj
                0x08003894                ips_display_write_temp_data
 .text.ST7789_WriteCommand
                0x08003934       0x50 CMakeFiles/stm32_blinking_led.dir/Drivers_custom/ST7789/st7789.c.obj
 .text.ST7789_WriteData
                0x08003984       0x78 CMakeFiles/stm32_blinking_led.dir/Drivers_custom/ST7789/st7789.c.obj
 .text.ST7789_WriteSmallData
                0x080039fc       0x50 CMakeFiles/stm32_blinking_led.dir/Drivers_custom/ST7789/st7789.c.obj
 .text.ST7789_SetRotation
                0x08003a4c       0x58 CMakeFiles/stm32_blinking_led.dir/Drivers_custom/ST7789/st7789.c.obj
                0x08003a4c                ST7789_SetRotation
 .text.ST7789_SetAddressWindow
                0x08003aa4       0xbc CMakeFiles/stm32_blinking_led.dir/Drivers_custom/ST7789/st7789.c.obj
 .text.ST7789_Init
                0x08003b60      0x120 CMakeFiles/stm32_blinking_led.dir/Drivers_custom/ST7789/st7789.c.obj
                0x08003b60                ST7789_Init
 .text.ST7789_Fill_Color
                0x08003c80       0x7c CMakeFiles/stm32_blinking_led.dir/Drivers_custom/ST7789/st7789.c.obj
                0x08003c80                ST7789_Fill_Color
 .text.ST7789_WriteChar
                0x08003cfc      0x100 CMakeFiles/stm32_blinking_led.dir/Drivers_custom/ST7789/st7789.c.obj
                0x08003cfc                ST7789_WriteChar
 .text.ST7789_WriteString
                0x08003dfc       0xa8 CMakeFiles/stm32_blinking_led.dir/Drivers_custom/ST7789/st7789.c.obj
                0x08003dfc                ST7789_WriteString
 .text.__udivmoddi4
                0x08003ea4      0x2f8 C:/PROGRA~2/ARMGNU~1/142BCE~1.3RE/bin/../lib/gcc/arm-none-eabi/14.3.1/thumb/v7e-m+dp/hard\libgcc.a(_udivmoddi4.o)
                0x08003ea4                __udivmoddi4
 .text.snprintf
                0x0800419c       0x6c C:/PROGRA~2/ARMGNU~1/142BCE~1.3RE/bin/../lib/gcc/arm-none-eabi/14.3.1/../../../../arm-none-eabi/lib/thumb/v7e-m+dp/hard\libg_nano.a(libc_a-snprintf.o)
                0x0800419c                sniprintf
                0x0800419c                snprintf
 .text.memset   0x08004208       0x10 C:/PROGRA~2/ARMGNU~1/142BCE~1.3RE/bin/../lib/gcc/arm-none-eabi/14.3.1/../../../../arm-none-eabi/lib/thumb/v7e-m+dp/hard\libg_nano.a(libc_a-memset.o)
                0x08004208                memset
 .text.__errno  0x08004218        0xc C:/PROGRA~2/ARMGNU~1/142BCE~1.3RE/bin/../lib/gcc/arm-none-eabi/14.3.1/../../../../arm-none-eabi/lib/thumb/v7e-m+dp/hard\libg_nano.a(libc_a-errno.o)
                0x08004218                __errno
 .text.__libc_init_array
                0x08004224       0x48 C:/PROGRA~2/ARMGNU~1/142BCE~1.3RE/bin/../lib/gcc/arm-none-eabi/14.3.1/../../../../arm-none-eabi/lib/thumb/v7e-m+dp/hard\libg_nano.a(libc_a-init.o)
                0x08004224                __libc_init_array
 .text.__retarget_lock_acquire_recursive
                0x0800426c        0x2 C:/PROGRA~2/ARMGNU~1/142BCE~1.3RE/bin/../lib/gcc/arm-none-eabi/14.3.1/../../../../arm-none-eabi/lib/thumb/v7e-m+dp/hard\libg_nano.a(libc_a-lock.o)
                0x0800426c                __retarget_lock_acquire_recursive
 .text.__retarget_lock_release_recursive
                0x0800426e        0x2 C:/PROGRA~2/ARMGNU~1/142BCE~1.3RE/bin/../lib/gcc/arm-none-eabi/14.3.1/../../../../arm-none-eabi/lib/thumb/v7e-m+dp/hard\libg_nano.a(libc_a-lock.o)
                0x0800426e                __retarget_lock_release_recursive
 .text._free_r  0x08004270       0x94 C:/PROGRA~2/ARMGNU~1/142BCE~1.3RE/bin/../lib/gcc/arm-none-eabi/14.3.1/../../../../arm-none-eabi/lib/thumb/v7e-m+dp/hard\libg_nano.a(libc_a-freer.o)
                0x08004270                _free_r
 .text.sbrk_aligned
                0x08004304       0x44 C:/PROGRA~2/ARMGNU~1/142BCE~1.3RE/bin/../lib/gcc/arm-none-eabi/14.3.1/../../../../arm-none-eabi/lib/thumb/v7e-m+dp/hard\libg_nano.a(libc_a-mallocr.o)
 .text._malloc_r
                0x08004348      0x100 C:/PROGRA~2/ARMGNU~1/142BCE~1.3RE/bin/../lib/gcc/arm-none-eabi/14.3.1/../../../../arm-none-eabi/lib/thumb/v7e-m+dp/hard\libg_nano.a(libc_a-mallocr.o)
                0x08004348                _malloc_r
 .text.__malloc_lock
                0x08004448        0xc C:/PROGRA~2/ARMGNU~1/142BCE~1.3RE/bin/../lib/gcc/arm-none-eabi/14.3.1/../../../../arm-none-eabi/lib/thumb/v7e-m+dp/hard\libg_nano.a(libc_a-mlock.o)
                0x08004448                __malloc_lock
 .text.__malloc_unlock
                0x08004454        0xc C:/PROGRA~2/ARMGNU~1/142BCE~1.3RE/bin/../lib/gcc/arm-none-eabi/14.3.1/../../../../arm-none-eabi/lib/thumb/v7e-m+dp/hard\libg_nano.a(libc_a-mlock.o)
                0x08004454                __malloc_unlock
 .text.__ssputs_r
                0x08004460       0xc0 C:/PROGRA~2/ARMGNU~1/142BCE~1.3RE/bin/../lib/gcc/arm-none-eabi/14.3.1/../../../../arm-none-eabi/lib/thumb/v7e-m+dp/hard\libg_nano.a(libc_a-nano-svfprintf.o)
                0x08004460                __ssputs_r
 .text._svfprintf_r
                0x08004520      0x1f0 C:/PROGRA~2/ARMGNU~1/142BCE~1.3RE/bin/../lib/gcc/arm-none-eabi/14.3.1/../../../../arm-none-eabi/lib/thumb/v7e-m+dp/hard\libg_nano.a(libc_a-nano-svfprintf.o)
                0x08004520                _svfiprintf_r
                0x08004520                _svfprintf_r
 .text._printf_common
                0x08004710       0xda C:/PROGRA~2/ARMGNU~1/142BCE~1.3RE/bin/../lib/gcc/arm-none-eabi/14.3.1/../../../../arm-none-eabi/lib/thumb/v7e-m+dp/hard\libg_nano.a(libc_a-nano-vfprintf_i.o)
                0x08004710                _printf_common
 *fill*         0x080047ea        0x2 
 .text._printf_i
                0x080047ec      0x24c C:/PROGRA~2/ARMGNU~1/142BCE~1.3RE/bin/../lib/gcc/arm-none-eabi/14.3.1/../../../../arm-none-eabi/lib/thumb/v7e-m+dp/hard\libg_nano.a(libc_a-nano-vfprintf_i.o)
                0x080047ec                _printf_i
 .text.memmove  0x08004a38       0x32 C:/PROGRA~2/ARMGNU~1/142BCE~1.3RE/bin/../lib/gcc/arm-none-eabi/14.3.1/../../../../arm-none-eabi/lib/thumb/v7e-m+dp/hard\libg_nano.a(libc_a-memmove.o)
                0x08004a38                memmove
 *fill*         0x08004a6a        0x2 
 .text._sbrk_r  0x08004a6c       0x20 C:/PROGRA~2/ARMGNU~1/142BCE~1.3RE/bin/../lib/gcc/arm-none-eabi/14.3.1/../../../../arm-none-eabi/lib/thumb/v7e-m+dp/hard\libg_nano.a(libc_a-sbrkr.o)
                0x08004a6c                _sbrk_r
 .text.memcpy   0x08004a8c       0x1c C:/PROGRA~2/ARMGNU~1/142BCE~1.3RE/bin/../lib/gcc/arm-none-eabi/14.3.1/../../../../arm-none-eabi/lib/thumb/v7e-m+dp/hard\libg_nano.a(libc_a-memcpy-stub.o)
                0x08004a8c                memcpy
 .text._realloc_r
                0x08004aa8       0x5c C:/PROGRA~2/ARMGNU~1/142BCE~1.3RE/bin/../lib/gcc/arm-none-eabi/14.3.1/../../../../arm-none-eabi/lib/thumb/v7e-m+dp/hard\libg_nano.a(libc_a-reallocr.o)
                0x08004aa8                _realloc_r
 .text._malloc_usable_size_r
                0x08004b04       0x10 C:/PROGRA~2/ARMGNU~1/142BCE~1.3RE/bin/../lib/gcc/arm-none-eabi/14.3.1/../../../../arm-none-eabi/lib/thumb/v7e-m+dp/hard\libg_nano.a(libc_a-msizer.o)
                0x08004b04                _malloc_usable_size_r
 *(.glue_7)
 .glue_7        0x08004b14        0x0 linker stubs
 *(.glue_7t)
 .glue_7t       0x08004b14        0x0 linker stubs
 *(.eh_frame)
 .eh_frame      0x08004b14        0x0 C:/PROGRA~2/ARMGNU~1/142BCE~1.3RE/bin/../lib/gcc/arm-none-eabi/14.3.1/thumb/v7e-m+dp/hard/crtbegin.o
 *(.init)
 .init          0x08004b14        0x4 C:/PROGRA~2/ARMGNU~1/142BCE~1.3RE/bin/../lib/gcc/arm-none-eabi/14.3.1/thumb/v7e-m+dp/hard/crti.o
                0x08004b14                _init
 .init          0x08004b18        0x8 C:/PROGRA~2/ARMGNU~1/142BCE~1.3RE/bin/../lib/gcc/arm-none-eabi/14.3.1/thumb/v7e-m+dp/hard/crtn.o
 *(.fini)
 .fini          0x08004b20        0x4 C:/PROGRA~2/ARMGNU~1/142BCE~1.3RE/bin/../lib/gcc/arm-none-eabi/14.3.1/thumb/v7e-m+dp/hard/crti.o
                0x08004b20                _fini
 .fini          0x08004b24        0x8 C:/PROGRA~2/ARMGNU~1/142BCE~1.3RE/bin/../lib/gcc/arm-none-eabi/14.3.1/thumb/v7e-m+dp/hard/crtn.o
                0x08004b2c                        . = ALIGN (0x4)
                0x08004b2c                        _etext = .

.vfp11_veneer   0x08004b2c        0x0
 .vfp11_veneer  0x08004b2c        0x0 linker stubs

.v4_bx          0x08004b2c        0x0
 .v4_bx         0x08004b2c        0x0 linker stubs

.iplt           0x08004b2c        0x0
 .iplt          0x08004b2c        0x0 C:/PROGRA~2/ARMGNU~1/142BCE~1.3RE/bin/../lib/gcc/arm-none-eabi/14.3.1/thumb/v7e-m+dp/hard/crtbegin.o

.rodata         0x08004b2c      0xe5c
                0x08004b2c                        . = ALIGN (0x4)
 *(.rodata)
 .rodata        0x08004b2c        0x3 CMakeFiles/stm32_blinking_led.dir/app/peripherals/ath25.c.obj
 *fill*         0x08004b2f        0x1 
 .rodata        0x08004b30       0x1d CMakeFiles/stm32_blinking_led.dir/app/peripherals/ips_display.c.obj
 *fill*         0x08004b4d        0x3 
 .rodata        0x08004b50       0x97 CMakeFiles/stm32_blinking_led.dir/Drivers_custom/ST7789/st7789.c.obj
 *(.rodata*)
 *fill*         0x08004be7        0x1 
 .rodata.AHBPrescTable
                0x08004be8       0x10 cmake/stm32cubemx/CMakeFiles/STM32_Drivers.dir/__/__/Core/Src/system_stm32f7xx.c.obj
                0x08004be8                AHBPrescTable
 .rodata.Font11x18
                0x08004bf8      0xd5c CMakeFiles/stm32_blinking_led.dir/Drivers_custom/ST7789/fonts.c.obj
 .rodata._svfprintf_r.str1.1
                0x08005954       0x33 C:/PROGRA~2/ARMGNU~1/142BCE~1.3RE/bin/../lib/gcc/arm-none-eabi/14.3.1/../../../../arm-none-eabi/lib/thumb/v7e-m+dp/hard\libg_nano.a(libc_a-nano-svfprintf.o)
                                 0x11 (size before relaxing)
 .rodata._printf_i.str1.1
                0x08005987       0x22 C:/PROGRA~2/ARMGNU~1/142BCE~1.3RE/bin/../lib/gcc/arm-none-eabi/14.3.1/../../../../arm-none-eabi/lib/thumb/v7e-m+dp/hard\libg_nano.a(libc_a-nano-vfprintf_i.o)
                0x080059ac                        . = ALIGN (0x4)
 *fill*         0x08005987        0x1 

.ARM.extab      0x08005988        0x0
                0x08005988                        . = ALIGN (0x4)
 *(.ARM.extab* .gnu.linkonce.armextab.*)
                0x08005988                        . = ALIGN (0x4)

.ARM            0x08005988        0x8
                0x08005988                        . = ALIGN (0x4)
                0x08005988                        __exidx_start = .
 *(.ARM.exidx*)
 .ARM.exidx     0x08005988        0x8 C:/PROGRA~2/ARMGNU~1/142BCE~1.3RE/bin/../lib/gcc/arm-none-eabi/14.3.1/../../../../arm-none-eabi/lib/thumb/v7e-m+dp/hard\libg_nano.a(libc_a-memchr.o)
 .ARM.exidx.text.__udivmoddi4
                0x08005990        0x0 C:/PROGRA~2/ARMGNU~1/142BCE~1.3RE/bin/../lib/gcc/arm-none-eabi/14.3.1/thumb/v7e-m+dp/hard\libgcc.a(_udivmoddi4.o)
                                  0x8 (size before relaxing)
                0x08005990                        __exidx_end = .
                0x08005990                        . = ALIGN (0x4)

.preinit_array  0x08005990        0x0
                0x08005990                        . = ALIGN (0x4)
                0x08005990                        PROVIDE (__preinit_array_start = .)
 *(.preinit_array*)
                0x08005990                        PROVIDE (__preinit_array_end = .)
                0x08005990                        . = ALIGN (0x4)

.init_array     0x08005990        0x4
                0x08005990                        . = ALIGN (0x4)
                0x08005990                        PROVIDE (__init_array_start = .)
 *(SORT_BY_NAME(.init_array.*))
 *(.init_array*)
 .init_array    0x08005990        0x4 C:/PROGRA~2/ARMGNU~1/142BCE~1.3RE/bin/../lib/gcc/arm-none-eabi/14.3.1/thumb/v7e-m+dp/hard/crtbegin.o
                0x08005994                        PROVIDE (__init_array_end = .)
                0x08005994                        . = ALIGN (0x4)

.fini_array     0x08005994        0x4
                0x08005994                        . = ALIGN (0x4)
                [!provide]                        PROVIDE (__fini_array_start = .)
 *(SORT_BY_NAME(.fini_array.*))
 *(.fini_array*)
 .fini_array    0x08005994        0x4 C:/PROGRA~2/ARMGNU~1/142BCE~1.3RE/bin/../lib/gcc/arm-none-eabi/14.3.1/thumb/v7e-m+dp/hard/crtbegin.o
                [!provide]                        PROVIDE (__fini_array_end = .)
                0x08005998                        . = ALIGN (0x4)
                0x08005998                        _sidata = LOADADDR (.data)

.rel.dyn        0x08005998        0x0
 .rel.iplt      0x08005998        0x0 C:/PROGRA~2/ARMGNU~1/142BCE~1.3RE/bin/../lib/gcc/arm-none-eabi/14.3.1/thumb/v7e-m+dp/hard/crtbegin.o

.data           0x20000000       0x80 load address 0x08005998
                0x20000000                        . = ALIGN (0x4)
                0x20000000                        _sdata = .
 *(.data)
 *(.data*)
 .data.SystemCoreClock
                0x20000000        0x4 cmake/stm32cubemx/CMakeFiles/STM32_Drivers.dir/__/__/Core/Src/system_stm32f7xx.c.obj
                0x20000000                SystemCoreClock
 .data.uwTickPrio
                0x20000004        0x4 cmake/stm32cubemx/CMakeFiles/STM32_Drivers.dir/__/__/Drivers/STM32F7xx_HAL_Driver/Src/stm32f7xx_hal.c.obj
                0x20000004                uwTickPrio
 .data.uwTickFreq
                0x20000008        0x1 cmake/stm32cubemx/CMakeFiles/STM32_Drivers.dir/__/__/Drivers/STM32F7xx_HAL_Driver/Src/stm32f7xx_hal.c.obj
                0x20000008                uwTickFreq
 *fill*         0x20000009        0x3 
 .data.interval_ms
                0x2000000c        0x4 CMakeFiles/stm32_blinking_led.dir/app/features/feat_blinky.c.obj
 .data.temp_sensor
                0x20000010        0x4 CMakeFiles/stm32_blinking_led.dir/app/features/feat_temperature_sensor.c.obj
                0x20000010                temp_sensor
 .data.default_ath25_sensor
                0x20000014       0x14 CMakeFiles/stm32_blinking_led.dir/app/peripherals/ath25.c.obj
                0x20000014                default_ath25_sensor
 .data.Font_11x18
                0x20000028        0x8 CMakeFiles/stm32_blinking_led.dir/Drivers_custom/ST7789/fonts.c.obj
                0x20000028                Font_11x18
 .data._impure_ptr
                0x20000030        0x4 C:/PROGRA~2/ARMGNU~1/142BCE~1.3RE/bin/../lib/gcc/arm-none-eabi/14.3.1/../../../../arm-none-eabi/lib/thumb/v7e-m+dp/hard\libg_nano.a(libc_a-impure.o)
                0x20000030                _impure_ptr
 .data._impure_data
                0x20000034       0x4c C:/PROGRA~2/ARMGNU~1/142BCE~1.3RE/bin/../lib/gcc/arm-none-eabi/14.3.1/../../../../arm-none-eabi/lib/thumb/v7e-m+dp/hard\libg_nano.a(libc_a-impure.o)
                0x20000034                _impure_data
 *(.RamFunc)
 *(.RamFunc*)
                0x20000080                        . = ALIGN (0x4)

.tm_clone_table
                0x20000080        0x0 load address 0x08005a18
 .tm_clone_table
                0x20000080        0x0 C:/PROGRA~2/ARMGNU~1/142BCE~1.3RE/bin/../lib/gcc/arm-none-eabi/14.3.1/thumb/v7e-m+dp/hard/crtbegin.o
 .tm_clone_table
                0x20000080        0x0 C:/PROGRA~2/ARMGNU~1/142BCE~1.3RE/bin/../lib/gcc/arm-none-eabi/14.3.1/thumb/v7e-m+dp/hard/crtend.o

.igot.plt       0x20000080        0x0 load address 0x08005a18
 .igot.plt      0x20000080        0x0 C:/PROGRA~2/ARMGNU~1/142BCE~1.3RE/bin/../lib/gcc/arm-none-eabi/14.3.1/thumb/v7e-m+dp/hard/crtbegin.o

.tdata          0x20000080        0x0 load address 0x08005a18
 *(.tdata .tdata.* .gnu.linkonce.td.*)
                0x20000080                        . = ALIGN (0x4)
                0x20000080                        _edata = .
                [!provide]                        PROVIDE (__data_end = .)
                [!provide]                        PROVIDE (__tdata_end = .)
                [!provide]                        PROVIDE (__tdata_start = ADDR (.tdata))
                [!provide]                        PROVIDE (__tdata_size = (__tdata_end - __tdata_start))
                [!provide]                        PROVIDE (__data_start = ADDR (.data))
                [!provide]                        PROVIDE (__data_size = (__data_end - __data_start))
                [!provide]                        PROVIDE (__tdata_source = LOADADDR (.tdata))
                [!provide]                        PROVIDE (__tdata_source_end = (LOADADDR (.tdata) + SIZEOF (.tdata)))
                [!provide]                        PROVIDE (__tdata_source_size = (__tdata_source_end - __tdata_source))
                [!provide]                        PROVIDE (__data_source = LOADADDR (.data))
                [!provide]                        PROVIDE (__data_source_end = __tdata_source_end)
                [!provide]                        PROVIDE (__data_source_size = (__data_source_end - __data_source))

.tbss           0x20000080        0x0 load address 0x08005a18
                0x20000080                        _sbss = .
                0x20000080                        __bss_start__ = _sbss
 *(.tbss .tbss.*)
                0x20000080                        . = ALIGN (0x4)
                [!provide]                        PROVIDE (__tbss_end = .)
                [!provide]                        PROVIDE (__tbss_start = ADDR (.tbss))
                [!provide]                        PROVIDE (__tbss_size = (__tbss_end - __tbss_start))
                [!provide]                        PROVIDE (__tbss_offset = (ADDR (.tbss) - ADDR (.tdata)))
                [!provide]                        PROVIDE (__tls_base = __tdata_start)
                [!provide]                        PROVIDE (__tls_end = __tbss_end)
                [!provide]                        PROVIDE (__tls_size = (__tls_end - __tls_base))
                [!provide]                        PROVIDE (__tls_align = MAX (ALIGNOF (.tdata), ALIGNOF (.tbss)))
                [!provide]                        PROVIDE (__tls_size_align = (((__tls_size + __tls_align) - 0x1) & ~ ((__tls_align - 0x1))))
                [!provide]                        PROVIDE (__arm32_tls_tcb_offset = MAX (0x8, __tls_align))
                [!provide]                        PROVIDE (__arm64_tls_tcb_offset = MAX (0x10, __tls_align))

.bss            0x20000080      0x22c load address 0x08005a18
 *(.bss)
 *(.bss*)
 .bss.completed.1
                0x20000080        0x1 C:/PROGRA~2/ARMGNU~1/142BCE~1.3RE/bin/../lib/gcc/arm-none-eabi/14.3.1/thumb/v7e-m+dp/hard/crtbegin.o
 *fill*         0x20000081        0x3 
 .bss.object.0  0x20000084       0x18 C:/PROGRA~2/ARMGNU~1/142BCE~1.3RE/bin/../lib/gcc/arm-none-eabi/14.3.1/thumb/v7e-m+dp/hard/crtbegin.o
 .bss.uwTick    0x2000009c        0x4 cmake/stm32cubemx/CMakeFiles/STM32_Drivers.dir/__/__/Drivers/STM32F7xx_HAL_Driver/Src/stm32f7xx_hal.c.obj
                0x2000009c                uwTick
 .bss.hi2c2     0x200000a0       0x54 CMakeFiles/stm32_blinking_led.dir/Core/Src/main.c.obj
                0x200000a0                hi2c2
 .bss.hspi1     0x200000f4       0x64 CMakeFiles/stm32_blinking_led.dir/Core/Src/main.c.obj
                0x200000f4                hspi1
 .bss.__sbrk_heap_end
                0x20000158        0x4 CMakeFiles/stm32_blinking_led.dir/Core/Src/sysmem.c.obj
 .bss.last_toggle
                0x2000015c        0x4 CMakeFiles/stm32_blinking_led.dir/app/features/feat_blinky.c.obj
 .bss.last_read_time
                0x20000160        0x4 CMakeFiles/stm32_blinking_led.dir/app/features/feat_temperature_sensor.c.obj
 .bss.__sf      0x20000164      0x138 C:/PROGRA~2/ARMGNU~1/142BCE~1.3RE/bin/../lib/gcc/arm-none-eabi/14.3.1/../../../../arm-none-eabi/lib/thumb/v7e-m+dp/hard\libg_nano.a(libc_a-findfp.o)
                0x20000164                __sf
 .bss.errno     0x2000029c        0x4 C:/PROGRA~2/ARMGNU~1/142BCE~1.3RE/bin/../lib/gcc/arm-none-eabi/14.3.1/../../../../arm-none-eabi/lib/thumb/v7e-m+dp/hard\libg_nano.a(libc_a-reent.o)
                0x2000029c                errno
 .bss.__lock___malloc_recursive_mutex
                0x200002a0        0x1 C:/PROGRA~2/ARMGNU~1/142BCE~1.3RE/bin/../lib/gcc/arm-none-eabi/14.3.1/../../../../arm-none-eabi/lib/thumb/v7e-m+dp/hard\libg_nano.a(libc_a-lock.o)
                0x200002a0                __lock___malloc_recursive_mutex
 *fill*         0x200002a1        0x3 
 .bss.__malloc_sbrk_start
                0x200002a4        0x4 C:/PROGRA~2/ARMGNU~1/142BCE~1.3RE/bin/../lib/gcc/arm-none-eabi/14.3.1/../../../../arm-none-eabi/lib/thumb/v7e-m+dp/hard\libg_nano.a(libc_a-mallocr.o)
                0x200002a4                __malloc_sbrk_start
 .bss.__malloc_free_list
                0x200002a8        0x4 C:/PROGRA~2/ARMGNU~1/142BCE~1.3RE/bin/../lib/gcc/arm-none-eabi/14.3.1/../../../../arm-none-eabi/lib/thumb/v7e-m+dp/hard\libg_nano.a(libc_a-mallocr.o)
                0x200002a8                __malloc_free_list
 *(COMMON)
                0x200002ac                        . = ALIGN (0x4)
                0x200002ac                        _ebss = .
                0x200002ac                        __bss_end__ = _ebss
                [!provide]                        PROVIDE (__bss_end = .)
                [!provide]                        PROVIDE (__non_tls_bss_start = ADDR (.bss))
                [!provide]                        PROVIDE (__bss_start = __tbss_start)
                [!provide]                        PROVIDE (__bss_size = (__bss_end - __bss_start))

._user_heap_stack
                0x200002ac      0x604 load address 0x08005a18
                0x200002b0                        . = ALIGN (0x8)
 *fill*         0x200002ac        0x4 
                [!provide]                        PROVIDE (end = .)
                0x200002b0                        PROVIDE (_end = .)
                0x200004b0                        . = (. + _Min_Heap_Size)
 *fill*         0x200002b0      0x200 
                0x200008b0                        . = (. + _Min_Stack_Size)
 *fill*         0x200004b0      0x400 
                0x200008b0                        . = ALIGN (0x8)

/DISCARD/
 libc.a:*(*)
 libm.a:*(*)
 libgcc.a:*(*)
OUTPUT(stm32_blinking_led.elf elf32-littlearm)
LOAD linker stubs

.ARM.attributes
                0x00000000       0x2e
 .ARM.attributes
                0x00000000       0x20 C:/PROGRA~2/ARMGNU~1/142BCE~1.3RE/bin/../lib/gcc/arm-none-eabi/14.3.1/thumb/v7e-m+dp/hard/crti.o
 .ARM.attributes
                0x00000020       0x32 C:/PROGRA~2/ARMGNU~1/142BCE~1.3RE/bin/../lib/gcc/arm-none-eabi/14.3.1/thumb/v7e-m+dp/hard/crtbegin.o
 .ARM.attributes
                0x00000052       0x32 cmake/stm32cubemx/CMakeFiles/STM32_Drivers.dir/__/__/Core/Src/system_stm32f7xx.c.obj
 .ARM.attributes
                0x00000084       0x32 cmake/stm32cubemx/CMakeFiles/STM32_Drivers.dir/__/__/Drivers/STM32F7xx_HAL_Driver/Src/stm32f7xx_hal_cortex.c.obj
 .ARM.attributes
                0x000000b6       0x32 cmake/stm32cubemx/CMakeFiles/STM32_Drivers.dir/__/__/Drivers/STM32F7xx_HAL_Driver/Src/stm32f7xx_hal_i2c.c.obj
 .ARM.attributes
                0x000000e8       0x32 cmake/stm32cubemx/CMakeFiles/STM32_Drivers.dir/__/__/Drivers/STM32F7xx_HAL_Driver/Src/stm32f7xx_hal_i2c_ex.c.obj
 .ARM.attributes
                0x0000011a       0x32 cmake/stm32cubemx/CMakeFiles/STM32_Drivers.dir/__/__/Drivers/STM32F7xx_HAL_Driver/Src/stm32f7xx_hal_rcc.c.obj
 .ARM.attributes
                0x0000014c       0x32 cmake/stm32cubemx/CMakeFiles/STM32_Drivers.dir/__/__/Drivers/STM32F7xx_HAL_Driver/Src/stm32f7xx_hal_rcc_ex.c.obj
 .ARM.attributes
                0x0000017e       0x32 cmake/stm32cubemx/CMakeFiles/STM32_Drivers.dir/__/__/Drivers/STM32F7xx_HAL_Driver/Src/stm32f7xx_hal_gpio.c.obj
 .ARM.attributes
                0x000001b0       0x32 cmake/stm32cubemx/CMakeFiles/STM32_Drivers.dir/__/__/Drivers/STM32F7xx_HAL_Driver/Src/stm32f7xx_hal.c.obj
 .ARM.attributes
                0x000001e2       0x32 cmake/stm32cubemx/CMakeFiles/STM32_Drivers.dir/__/__/Drivers/STM32F7xx_HAL_Driver/Src/stm32f7xx_hal_spi.c.obj
 .ARM.attributes
                0x00000214       0x32 CMakeFiles/stm32_blinking_led.dir/Core/Src/main.c.obj
 .ARM.attributes
                0x00000246       0x32 CMakeFiles/stm32_blinking_led.dir/Core/Src/stm32f7xx_it.c.obj
 .ARM.attributes
                0x00000278       0x32 CMakeFiles/stm32_blinking_led.dir/Core/Src/stm32f7xx_hal_msp.c.obj
 .ARM.attributes
                0x000002aa       0x32 CMakeFiles/stm32_blinking_led.dir/Core/Src/sysmem.c.obj
 .ARM.attributes
                0x000002dc       0x21 CMakeFiles/stm32_blinking_led.dir/startup_stm32f767xx.s.obj
 .ARM.attributes
                0x000002fd       0x32 CMakeFiles/stm32_blinking_led.dir/app/app.c.obj
 .ARM.attributes
                0x0000032f       0x32 CMakeFiles/stm32_blinking_led.dir/app/features/feat_blinky.c.obj
 .ARM.attributes
                0x00000361       0x32 CMakeFiles/stm32_blinking_led.dir/app/features/feat_temperature_sensor.c.obj
 .ARM.attributes
                0x00000393       0x32 CMakeFiles/stm32_blinking_led.dir/app/features/feature.c.obj
 .ARM.attributes
                0x000003c5       0x32 CMakeFiles/stm32_blinking_led.dir/app/peripherals/ath25.c.obj
 .ARM.attributes
                0x000003f7       0x32 CMakeFiles/stm32_blinking_led.dir/app/peripherals/ips_display.c.obj
 .ARM.attributes
                0x00000429       0x32 CMakeFiles/stm32_blinking_led.dir/Drivers_custom/ST7789/fonts.c.obj
 .ARM.attributes
                0x0000045b       0x32 CMakeFiles/stm32_blinking_led.dir/Drivers_custom/ST7789/st7789.c.obj
 .ARM.attributes
                0x0000048d       0x20 C:/PROGRA~2/ARMGNU~1/142BCE~1.3RE/bin/../lib/gcc/arm-none-eabi/14.3.1/thumb/v7e-m+dp/hard\libgcc.a(_aeabi_uldivmod.o)
 .ARM.attributes
                0x000004ad       0x32 C:/PROGRA~2/ARMGNU~1/142BCE~1.3RE/bin/../lib/gcc/arm-none-eabi/14.3.1/thumb/v7e-m+dp/hard\libgcc.a(_udivmoddi4.o)
 .ARM.attributes
                0x000004df       0x20 C:/PROGRA~2/ARMGNU~1/142BCE~1.3RE/bin/../lib/gcc/arm-none-eabi/14.3.1/thumb/v7e-m+dp/hard\libgcc.a(_dvmd_tls.o)
 .ARM.attributes
                0x000004ff       0x32 C:/PROGRA~2/ARMGNU~1/142BCE~1.3RE/bin/../lib/gcc/arm-none-eabi/14.3.1/../../../../arm-none-eabi/lib/thumb/v7e-m+dp/hard\libg_nano.a(libc_a-findfp.o)
 .ARM.attributes
                0x00000531       0x32 C:/PROGRA~2/ARMGNU~1/142BCE~1.3RE/bin/../lib/gcc/arm-none-eabi/14.3.1/../../../../arm-none-eabi/lib/thumb/v7e-m+dp/hard\libg_nano.a(libc_a-snprintf.o)
 .ARM.attributes
                0x00000563       0x32 C:/PROGRA~2/ARMGNU~1/142BCE~1.3RE/bin/../lib/gcc/arm-none-eabi/14.3.1/../../../../arm-none-eabi/lib/thumb/v7e-m+dp/hard\libg_nano.a(libc_a-memset.o)
 .ARM.attributes
                0x00000595       0x32 C:/PROGRA~2/ARMGNU~1/142BCE~1.3RE/bin/../lib/gcc/arm-none-eabi/14.3.1/../../../../arm-none-eabi/lib/thumb/v7e-m+dp/hard\libg_nano.a(libc_a-reent.o)
 .ARM.attributes
                0x000005c7       0x32 C:/PROGRA~2/ARMGNU~1/142BCE~1.3RE/bin/../lib/gcc/arm-none-eabi/14.3.1/../../../../arm-none-eabi/lib/thumb/v7e-m+dp/hard\libg_nano.a(libc_a-impure.o)
 .ARM.attributes
                0x000005f9       0x32 C:/PROGRA~2/ARMGNU~1/142BCE~1.3RE/bin/../lib/gcc/arm-none-eabi/14.3.1/../../../../arm-none-eabi/lib/thumb/v7e-m+dp/hard\libg_nano.a(libc_a-errno.o)
 .ARM.attributes
                0x0000062b       0x32 C:/PROGRA~2/ARMGNU~1/142BCE~1.3RE/bin/../lib/gcc/arm-none-eabi/14.3.1/../../../../arm-none-eabi/lib/thumb/v7e-m+dp/hard\libg_nano.a(libc_a-init.o)
 .ARM.attributes
                0x0000065d       0x32 C:/PROGRA~2/ARMGNU~1/142BCE~1.3RE/bin/../lib/gcc/arm-none-eabi/14.3.1/../../../../arm-none-eabi/lib/thumb/v7e-m+dp/hard\libg_nano.a(libc_a-lock.o)
 .ARM.attributes
                0x0000068f       0x32 C:/PROGRA~2/ARMGNU~1/142BCE~1.3RE/bin/../lib/gcc/arm-none-eabi/14.3.1/../../../../arm-none-eabi/lib/thumb/v7e-m+dp/hard\libg_nano.a(libc_a-freer.o)
 .ARM.attributes
                0x000006c1       0x32 C:/PROGRA~2/ARMGNU~1/142BCE~1.3RE/bin/../lib/gcc/arm-none-eabi/14.3.1/../../../../arm-none-eabi/lib/thumb/v7e-m+dp/hard\libg_nano.a(libc_a-mallocr.o)
 .ARM.attributes
                0x000006f3       0x32 C:/PROGRA~2/ARMGNU~1/142BCE~1.3RE/bin/../lib/gcc/arm-none-eabi/14.3.1/../../../../arm-none-eabi/lib/thumb/v7e-m+dp/hard\libg_nano.a(libc_a-mlock.o)
 .ARM.attributes
                0x00000725       0x32 C:/PROGRA~2/ARMGNU~1/142BCE~1.3RE/bin/../lib/gcc/arm-none-eabi/14.3.1/../../../../arm-none-eabi/lib/thumb/v7e-m+dp/hard\libg_nano.a(libc_a-nano-svfprintf.o)
 .ARM.attributes
                0x00000757       0x32 C:/PROGRA~2/ARMGNU~1/142BCE~1.3RE/bin/../lib/gcc/arm-none-eabi/14.3.1/../../../../arm-none-eabi/lib/thumb/v7e-m+dp/hard\libg_nano.a(libc_a-nano-vfprintf_i.o)
 .ARM.attributes
                0x00000789       0x32 C:/PROGRA~2/ARMGNU~1/142BCE~1.3RE/bin/../lib/gcc/arm-none-eabi/14.3.1/../../../../arm-none-eabi/lib/thumb/v7e-m+dp/hard\libg_nano.a(libc_a-memmove.o)
 .ARM.attributes
                0x000007bb       0x32 C:/PROGRA~2/ARMGNU~1/142BCE~1.3RE/bin/../lib/gcc/arm-none-eabi/14.3.1/../../../../arm-none-eabi/lib/thumb/v7e-m+dp/hard\libg_nano.a(libc_a-sbrkr.o)
 .ARM.attributes
                0x000007ed       0x1c C:/PROGRA~2/ARMGNU~1/142BCE~1.3RE/bin/../lib/gcc/arm-none-eabi/14.3.1/../../../../arm-none-eabi/lib/thumb/v7e-m+dp/hard\libg_nano.a(libc_a-memchr.o)
 .ARM.attributes
                0x00000809       0x32 C:/PROGRA~2/ARMGNU~1/142BCE~1.3RE/bin/../lib/gcc/arm-none-eabi/14.3.1/../../../../arm-none-eabi/lib/thumb/v7e-m+dp/hard\libg_nano.a(libc_a-memcpy-stub.o)
 .ARM.attributes
                0x0000083b       0x32 C:/PROGRA~2/ARMGNU~1/142BCE~1.3RE/bin/../lib/gcc/arm-none-eabi/14.3.1/../../../../arm-none-eabi/lib/thumb/v7e-m+dp/hard\libg_nano.a(libc_a-reallocr.o)
 .ARM.attributes
                0x0000086d       0x32 C:/PROGRA~2/ARMGNU~1/142BCE~1.3RE/bin/../lib/gcc/arm-none-eabi/14.3.1/../../../../arm-none-eabi/lib/thumb/v7e-m+dp/hard\libg_nano.a(libc_a-msizer.o)
 .ARM.attributes
                0x0000089f       0x32 C:/PROGRA~2/ARMGNU~1/142BCE~1.3RE/bin/../lib/gcc/arm-none-eabi/14.3.1/thumb/v7e-m+dp/hard/crtend.o
 .ARM.attributes
                0x000008d1       0x20 C:/PROGRA~2/ARMGNU~1/142BCE~1.3RE/bin/../lib/gcc/arm-none-eabi/14.3.1/thumb/v7e-m+dp/hard/crtn.o

.comment        0x00000000       0x46
 .comment       0x00000000       0x46 cmake/stm32cubemx/CMakeFiles/STM32_Drivers.dir/__/__/Core/Src/system_stm32f7xx.c.obj
                                 0x47 (size before relaxing)
 .comment       0x00000046       0x47 cmake/stm32cubemx/CMakeFiles/STM32_Drivers.dir/__/__/Drivers/STM32F7xx_HAL_Driver/Src/stm32f7xx_hal_cortex.c.obj
 .comment       0x00000046       0x47 cmake/stm32cubemx/CMakeFiles/STM32_Drivers.dir/__/__/Drivers/STM32F7xx_HAL_Driver/Src/stm32f7xx_hal_i2c.c.obj
 .comment       0x00000046       0x47 cmake/stm32cubemx/CMakeFiles/STM32_Drivers.dir/__/__/Drivers/STM32F7xx_HAL_Driver/Src/stm32f7xx_hal_i2c_ex.c.obj
 .comment       0x00000046       0x47 cmake/stm32cubemx/CMakeFiles/STM32_Drivers.dir/__/__/Drivers/STM32F7xx_HAL_Driver/Src/stm32f7xx_hal_rcc.c.obj
 .comment       0x00000046       0x47 cmake/stm32cubemx/CMakeFiles/STM32_Drivers.dir/__/__/Drivers/STM32F7xx_HAL_Driver/Src/stm32f7xx_hal_rcc_ex.c.obj
 .comment       0x00000046       0x47 cmake/stm32cubemx/CMakeFiles/STM32_Drivers.dir/__/__/Drivers/STM32F7xx_HAL_Driver/Src/stm32f7xx_hal_gpio.c.obj
 .comment       0x00000046       0x47 cmake/stm32cubemx/CMakeFiles/STM32_Drivers.dir/__/__/Drivers/STM32F7xx_HAL_Driver/Src/stm32f7xx_hal.c.obj
 .comment       0x00000046       0x47 cmake/stm32cubemx/CMakeFiles/STM32_Drivers.dir/__/__/Drivers/STM32F7xx_HAL_Driver/Src/stm32f7xx_hal_spi.c.obj
 .comment       0x00000046       0x47 CMakeFiles/stm32_blinking_led.dir/Core/Src/main.c.obj
 .comment       0x00000046       0x47 CMakeFiles/stm32_blinking_led.dir/Core/Src/stm32f7xx_it.c.obj
 .comment       0x00000046       0x47 CMakeFiles/stm32_blinking_led.dir/Core/Src/stm32f7xx_hal_msp.c.obj
 .comment       0x00000046       0x47 CMakeFiles/stm32_blinking_led.dir/Core/Src/sysmem.c.obj
 .comment       0x00000046       0x47 CMakeFiles/stm32_blinking_led.dir/app/app.c.obj
 .comment       0x00000046       0x47 CMakeFiles/stm32_blinking_led.dir/app/features/feat_blinky.c.obj
 .comment       0x00000046       0x47 CMakeFiles/stm32_blinking_led.dir/app/features/feat_temperature_sensor.c.obj
 .comment       0x00000046       0x47 CMakeFiles/stm32_blinking_led.dir/app/features/feature.c.obj
 .comment       0x00000046       0x47 CMakeFiles/stm32_blinking_led.dir/app/peripherals/ath25.c.obj
 .comment       0x00000046       0x47 CMakeFiles/stm32_blinking_led.dir/app/peripherals/ips_display.c.obj
 .comment       0x00000046       0x47 CMakeFiles/stm32_blinking_led.dir/Drivers_custom/ST7789/fonts.c.obj
 .comment       0x00000046       0x47 CMakeFiles/stm32_blinking_led.dir/Drivers_custom/ST7789/st7789.c.obj

.debug_info     0x00000000     0xc51f
 .debug_info    0x00000000      0x6ed cmake/stm32cubemx/CMakeFiles/STM32_Drivers.dir/__/__/Core/Src/system_stm32f7xx.c.obj
 .debug_info    0x000006ed      0xfc0 cmake/stm32cubemx/CMakeFiles/STM32_Drivers.dir/__/__/Drivers/STM32F7xx_HAL_Driver/Src/stm32f7xx_hal_cortex.c.obj
 .debug_info    0x000016ad     0x2147 cmake/stm32cubemx/CMakeFiles/STM32_Drivers.dir/__/__/Drivers/STM32F7xx_HAL_Driver/Src/stm32f7xx_hal_i2c.c.obj
 .debug_info    0x000037f4      0x92e cmake/stm32cubemx/CMakeFiles/STM32_Drivers.dir/__/__/Drivers/STM32F7xx_HAL_Driver/Src/stm32f7xx_hal_i2c_ex.c.obj
 .debug_info    0x00004122      0x94b cmake/stm32cubemx/CMakeFiles/STM32_Drivers.dir/__/__/Drivers/STM32F7xx_HAL_Driver/Src/stm32f7xx_hal_rcc.c.obj
 .debug_info    0x00004a6d      0x6e1 cmake/stm32cubemx/CMakeFiles/STM32_Drivers.dir/__/__/Drivers/STM32F7xx_HAL_Driver/Src/stm32f7xx_hal_rcc_ex.c.obj
 .debug_info    0x0000514e      0x6f3 cmake/stm32cubemx/CMakeFiles/STM32_Drivers.dir/__/__/Drivers/STM32F7xx_HAL_Driver/Src/stm32f7xx_hal_gpio.c.obj
 .debug_info    0x00005841      0xa4c cmake/stm32cubemx/CMakeFiles/STM32_Drivers.dir/__/__/Drivers/STM32F7xx_HAL_Driver/Src/stm32f7xx_hal.c.obj
 .debug_info    0x0000628d     0x15c0 cmake/stm32cubemx/CMakeFiles/STM32_Drivers.dir/__/__/Drivers/STM32F7xx_HAL_Driver/Src/stm32f7xx_hal_spi.c.obj
 .debug_info    0x0000784d     0x1069 CMakeFiles/stm32_blinking_led.dir/Core/Src/main.c.obj
 .debug_info    0x000088b6      0x112 CMakeFiles/stm32_blinking_led.dir/Core/Src/stm32f7xx_it.c.obj
 .debug_info    0x000089c8      0xf3f CMakeFiles/stm32_blinking_led.dir/Core/Src/stm32f7xx_hal_msp.c.obj
 .debug_info    0x00009907      0x168 CMakeFiles/stm32_blinking_led.dir/Core/Src/sysmem.c.obj
 .debug_info    0x00009a6f       0x30 CMakeFiles/stm32_blinking_led.dir/startup_stm32f767xx.s.obj
 .debug_info    0x00009a9f       0x57 CMakeFiles/stm32_blinking_led.dir/app/app.c.obj
 .debug_info    0x00009af6      0x1c7 CMakeFiles/stm32_blinking_led.dir/app/features/feat_blinky.c.obj
 .debug_info    0x00009cbd      0x89b CMakeFiles/stm32_blinking_led.dir/app/features/feat_temperature_sensor.c.obj
 .debug_info    0x0000a558       0x67 CMakeFiles/stm32_blinking_led.dir/app/features/feature.c.obj
 .debug_info    0x0000a5bf      0x9ab CMakeFiles/stm32_blinking_led.dir/app/peripherals/ath25.c.obj
 .debug_info    0x0000af6a      0x24d CMakeFiles/stm32_blinking_led.dir/app/peripherals/ips_display.c.obj
 .debug_info    0x0000b1b7      0x1e9 CMakeFiles/stm32_blinking_led.dir/Drivers_custom/ST7789/fonts.c.obj
 .debug_info    0x0000b3a0     0x117f CMakeFiles/stm32_blinking_led.dir/Drivers_custom/ST7789/st7789.c.obj

.debug_abbrev   0x00000000     0x23ed
 .debug_abbrev  0x00000000      0x13b cmake/stm32cubemx/CMakeFiles/STM32_Drivers.dir/__/__/Core/Src/system_stm32f7xx.c.obj
 .debug_abbrev  0x0000013b      0x31e cmake/stm32cubemx/CMakeFiles/STM32_Drivers.dir/__/__/Drivers/STM32F7xx_HAL_Driver/Src/stm32f7xx_hal_cortex.c.obj
 .debug_abbrev  0x00000459      0x260 cmake/stm32cubemx/CMakeFiles/STM32_Drivers.dir/__/__/Drivers/STM32F7xx_HAL_Driver/Src/stm32f7xx_hal_i2c.c.obj
 .debug_abbrev  0x000006b9      0x19c cmake/stm32cubemx/CMakeFiles/STM32_Drivers.dir/__/__/Drivers/STM32F7xx_HAL_Driver/Src/stm32f7xx_hal_i2c_ex.c.obj
 .debug_abbrev  0x00000855      0x2de cmake/stm32cubemx/CMakeFiles/STM32_Drivers.dir/__/__/Drivers/STM32F7xx_HAL_Driver/Src/stm32f7xx_hal_rcc.c.obj
 .debug_abbrev  0x00000b33      0x1c9 cmake/stm32cubemx/CMakeFiles/STM32_Drivers.dir/__/__/Drivers/STM32F7xx_HAL_Driver/Src/stm32f7xx_hal_rcc_ex.c.obj
 .debug_abbrev  0x00000cfc      0x1d4 cmake/stm32cubemx/CMakeFiles/STM32_Drivers.dir/__/__/Drivers/STM32F7xx_HAL_Driver/Src/stm32f7xx_hal_gpio.c.obj
 .debug_abbrev  0x00000ed0      0x213 cmake/stm32cubemx/CMakeFiles/STM32_Drivers.dir/__/__/Drivers/STM32F7xx_HAL_Driver/Src/stm32f7xx_hal.c.obj
 .debug_abbrev  0x000010e3      0x25f cmake/stm32cubemx/CMakeFiles/STM32_Drivers.dir/__/__/Drivers/STM32F7xx_HAL_Driver/Src/stm32f7xx_hal_spi.c.obj
 .debug_abbrev  0x00001342      0x2d9 CMakeFiles/stm32_blinking_led.dir/Core/Src/main.c.obj
 .debug_abbrev  0x0000161b       0x73 CMakeFiles/stm32_blinking_led.dir/Core/Src/stm32f7xx_it.c.obj
 .debug_abbrev  0x0000168e      0x1e3 CMakeFiles/stm32_blinking_led.dir/Core/Src/stm32f7xx_hal_msp.c.obj
 .debug_abbrev  0x00001871       0xbc CMakeFiles/stm32_blinking_led.dir/Core/Src/sysmem.c.obj
 .debug_abbrev  0x0000192d       0x24 CMakeFiles/stm32_blinking_led.dir/startup_stm32f767xx.s.obj
 .debug_abbrev  0x00001951       0x46 CMakeFiles/stm32_blinking_led.dir/app/app.c.obj
 .debug_abbrev  0x00001997      0x12a CMakeFiles/stm32_blinking_led.dir/app/features/feat_blinky.c.obj
 .debug_abbrev  0x00001ac1      0x201 CMakeFiles/stm32_blinking_led.dir/app/features/feat_temperature_sensor.c.obj
 .debug_abbrev  0x00001cc2       0x45 CMakeFiles/stm32_blinking_led.dir/app/features/feature.c.obj
 .debug_abbrev  0x00001d07      0x20c CMakeFiles/stm32_blinking_led.dir/app/peripherals/ath25.c.obj
 .debug_abbrev  0x00001f13      0x172 CMakeFiles/stm32_blinking_led.dir/app/peripherals/ips_display.c.obj
 .debug_abbrev  0x00002085       0xd3 CMakeFiles/stm32_blinking_led.dir/Drivers_custom/ST7789/fonts.c.obj
 .debug_abbrev  0x00002158      0x295 CMakeFiles/stm32_blinking_led.dir/Drivers_custom/ST7789/st7789.c.obj

.debug_aranges  0x00000000      0xb78
 .debug_aranges
                0x00000000       0x28 cmake/stm32cubemx/CMakeFiles/STM32_Drivers.dir/__/__/Core/Src/system_stm32f7xx.c.obj
 .debug_aranges
                0x00000028      0x128 cmake/stm32cubemx/CMakeFiles/STM32_Drivers.dir/__/__/Drivers/STM32F7xx_HAL_Driver/Src/stm32f7xx_hal_cortex.c.obj
 .debug_aranges
                0x00000150      0x2a0 cmake/stm32cubemx/CMakeFiles/STM32_Drivers.dir/__/__/Drivers/STM32F7xx_HAL_Driver/Src/stm32f7xx_hal_i2c.c.obj
 .debug_aranges
                0x000003f0       0x38 cmake/stm32cubemx/CMakeFiles/STM32_Drivers.dir/__/__/Drivers/STM32F7xx_HAL_Driver/Src/stm32f7xx_hal_i2c_ex.c.obj
 .debug_aranges
                0x00000428       0x88 cmake/stm32cubemx/CMakeFiles/STM32_Drivers.dir/__/__/Drivers/STM32F7xx_HAL_Driver/Src/stm32f7xx_hal_rcc.c.obj
 .debug_aranges
                0x000004b0       0x50 cmake/stm32cubemx/CMakeFiles/STM32_Drivers.dir/__/__/Drivers/STM32F7xx_HAL_Driver/Src/stm32f7xx_hal_rcc_ex.c.obj
 .debug_aranges
                0x00000500       0x58 cmake/stm32cubemx/CMakeFiles/STM32_Drivers.dir/__/__/Drivers/STM32F7xx_HAL_Driver/Src/stm32f7xx_hal_gpio.c.obj
 .debug_aranges
                0x00000558      0x110 cmake/stm32cubemx/CMakeFiles/STM32_Drivers.dir/__/__/Drivers/STM32F7xx_HAL_Driver/Src/stm32f7xx_hal.c.obj
 .debug_aranges
                0x00000668      0x1d8 cmake/stm32cubemx/CMakeFiles/STM32_Drivers.dir/__/__/Drivers/STM32F7xx_HAL_Driver/Src/stm32f7xx_hal_spi.c.obj
 .debug_aranges
                0x00000840       0x50 CMakeFiles/stm32_blinking_led.dir/Core/Src/main.c.obj
 .debug_aranges
                0x00000890       0x60 CMakeFiles/stm32_blinking_led.dir/Core/Src/stm32f7xx_it.c.obj
 .debug_aranges
                0x000008f0       0x40 CMakeFiles/stm32_blinking_led.dir/Core/Src/stm32f7xx_hal_msp.c.obj
 .debug_aranges
                0x00000930       0x20 CMakeFiles/stm32_blinking_led.dir/Core/Src/sysmem.c.obj
 .debug_aranges
                0x00000950       0x28 CMakeFiles/stm32_blinking_led.dir/startup_stm32f767xx.s.obj
 .debug_aranges
                0x00000978       0x28 CMakeFiles/stm32_blinking_led.dir/app/app.c.obj
 .debug_aranges
                0x000009a0       0x28 CMakeFiles/stm32_blinking_led.dir/app/features/feat_blinky.c.obj
 .debug_aranges
                0x000009c8       0x28 CMakeFiles/stm32_blinking_led.dir/app/features/feat_temperature_sensor.c.obj
 .debug_aranges
                0x000009f0       0x28 CMakeFiles/stm32_blinking_led.dir/app/features/feature.c.obj
 .debug_aranges
                0x00000a18       0x40 CMakeFiles/stm32_blinking_led.dir/app/peripherals/ath25.c.obj
 .debug_aranges
                0x00000a58       0x38 CMakeFiles/stm32_blinking_led.dir/app/peripherals/ips_display.c.obj
 .debug_aranges
                0x00000a90       0x18 CMakeFiles/stm32_blinking_led.dir/Drivers_custom/ST7789/fonts.c.obj
 .debug_aranges
                0x00000aa8       0xd0 CMakeFiles/stm32_blinking_led.dir/Drivers_custom/ST7789/st7789.c.obj

.debug_rnglists
                0x00000000      0x895
 .debug_rnglists
                0x00000000       0x1a cmake/stm32cubemx/CMakeFiles/STM32_Drivers.dir/__/__/Core/Src/system_stm32f7xx.c.obj
 .debug_rnglists
                0x0000001a       0xda cmake/stm32cubemx/CMakeFiles/STM32_Drivers.dir/__/__/Drivers/STM32F7xx_HAL_Driver/Src/stm32f7xx_hal_cortex.c.obj
 .debug_rnglists
                0x000000f4      0x228 cmake/stm32cubemx/CMakeFiles/STM32_Drivers.dir/__/__/Drivers/STM32F7xx_HAL_Driver/Src/stm32f7xx_hal_i2c.c.obj
 .debug_rnglists
                0x0000031c       0x27 cmake/stm32cubemx/CMakeFiles/STM32_Drivers.dir/__/__/Drivers/STM32F7xx_HAL_Driver/Src/stm32f7xx_hal_i2c_ex.c.obj
 .debug_rnglists
                0x00000343       0x67 cmake/stm32cubemx/CMakeFiles/STM32_Drivers.dir/__/__/Drivers/STM32F7xx_HAL_Driver/Src/stm32f7xx_hal_rcc.c.obj
 .debug_rnglists
                0x000003aa       0x3c cmake/stm32cubemx/CMakeFiles/STM32_Drivers.dir/__/__/Drivers/STM32F7xx_HAL_Driver/Src/stm32f7xx_hal_rcc_ex.c.obj
 .debug_rnglists
                0x000003e6       0x3f cmake/stm32cubemx/CMakeFiles/STM32_Drivers.dir/__/__/Drivers/STM32F7xx_HAL_Driver/Src/stm32f7xx_hal_gpio.c.obj
 .debug_rnglists
                0x00000425       0xc7 cmake/stm32cubemx/CMakeFiles/STM32_Drivers.dir/__/__/Drivers/STM32F7xx_HAL_Driver/Src/stm32f7xx_hal.c.obj
 .debug_rnglists
                0x000004ec      0x178 cmake/stm32cubemx/CMakeFiles/STM32_Drivers.dir/__/__/Drivers/STM32F7xx_HAL_Driver/Src/stm32f7xx_hal_spi.c.obj
 .debug_rnglists
                0x00000664       0x3a CMakeFiles/stm32_blinking_led.dir/Core/Src/main.c.obj
 .debug_rnglists
                0x0000069e       0x43 CMakeFiles/stm32_blinking_led.dir/Core/Src/stm32f7xx_it.c.obj
 .debug_rnglists
                0x000006e1       0x2d CMakeFiles/stm32_blinking_led.dir/Core/Src/stm32f7xx_hal_msp.c.obj
 .debug_rnglists
                0x0000070e       0x13 CMakeFiles/stm32_blinking_led.dir/Core/Src/sysmem.c.obj
 .debug_rnglists
                0x00000721       0x19 CMakeFiles/stm32_blinking_led.dir/startup_stm32f767xx.s.obj
 .debug_rnglists
                0x0000073a       0x19 CMakeFiles/stm32_blinking_led.dir/app/app.c.obj
 .debug_rnglists
                0x00000753       0x19 CMakeFiles/stm32_blinking_led.dir/app/features/feat_blinky.c.obj
 .debug_rnglists
                0x0000076c       0x19 CMakeFiles/stm32_blinking_led.dir/app/features/feat_temperature_sensor.c.obj
 .debug_rnglists
                0x00000785       0x19 CMakeFiles/stm32_blinking_led.dir/app/features/feature.c.obj
 .debug_rnglists
                0x0000079e       0x2d CMakeFiles/stm32_blinking_led.dir/app/peripherals/ath25.c.obj
 .debug_rnglists
                0x000007cb       0x26 CMakeFiles/stm32_blinking_led.dir/app/peripherals/ips_display.c.obj
 .debug_rnglists
                0x000007f1       0xa4 CMakeFiles/stm32_blinking_led.dir/Drivers_custom/ST7789/st7789.c.obj

.debug_macro    0x00000000    0x27936
 .debug_macro   0x00000000      0x1d0 cmake/stm32cubemx/CMakeFiles/STM32_Drivers.dir/__/__/Core/Src/system_stm32f7xx.c.obj
 .debug_macro   0x000001d0      0xaf0 cmake/stm32cubemx/CMakeFiles/STM32_Drivers.dir/__/__/Core/Src/system_stm32f7xx.c.obj
 .debug_macro   0x00000cc0       0x2e cmake/stm32cubemx/CMakeFiles/STM32_Drivers.dir/__/__/Core/Src/system_stm32f7xx.c.obj
 .debug_macro   0x00000cee       0x3b cmake/stm32cubemx/CMakeFiles/STM32_Drivers.dir/__/__/Core/Src/system_stm32f7xx.c.obj
 .debug_macro   0x00000d29       0x22 cmake/stm32cubemx/CMakeFiles/STM32_Drivers.dir/__/__/Core/Src/system_stm32f7xx.c.obj
 .debug_macro   0x00000d4b       0x8e cmake/stm32cubemx/CMakeFiles/STM32_Drivers.dir/__/__/Core/Src/system_stm32f7xx.c.obj
 .debug_macro   0x00000dd9       0x51 cmake/stm32cubemx/CMakeFiles/STM32_Drivers.dir/__/__/Core/Src/system_stm32f7xx.c.obj
 .debug_macro   0x00000e2a      0x103 cmake/stm32cubemx/CMakeFiles/STM32_Drivers.dir/__/__/Core/Src/system_stm32f7xx.c.obj
 .debug_macro   0x00000f2d       0x6a cmake/stm32cubemx/CMakeFiles/STM32_Drivers.dir/__/__/Core/Src/system_stm32f7xx.c.obj
 .debug_macro   0x00000f97      0x1df cmake/stm32cubemx/CMakeFiles/STM32_Drivers.dir/__/__/Core/Src/system_stm32f7xx.c.obj
 .debug_macro   0x00001176       0x1c cmake/stm32cubemx/CMakeFiles/STM32_Drivers.dir/__/__/Core/Src/system_stm32f7xx.c.obj
 .debug_macro   0x00001192       0x22 cmake/stm32cubemx/CMakeFiles/STM32_Drivers.dir/__/__/Core/Src/system_stm32f7xx.c.obj
 .debug_macro   0x000011b4       0xd9 cmake/stm32cubemx/CMakeFiles/STM32_Drivers.dir/__/__/Core/Src/system_stm32f7xx.c.obj
 .debug_macro   0x0000128d     0x12cd cmake/stm32cubemx/CMakeFiles/STM32_Drivers.dir/__/__/Core/Src/system_stm32f7xx.c.obj
 .debug_macro   0x0000255a      0x11f cmake/stm32cubemx/CMakeFiles/STM32_Drivers.dir/__/__/Core/Src/system_stm32f7xx.c.obj
 .debug_macro   0x00002679       0x19 cmake/stm32cubemx/CMakeFiles/STM32_Drivers.dir/__/__/Core/Src/system_stm32f7xx.c.obj
 .debug_macro   0x00002692    0x1aa23 cmake/stm32cubemx/CMakeFiles/STM32_Drivers.dir/__/__/Core/Src/system_stm32f7xx.c.obj
 .debug_macro   0x0001d0b5       0x6d cmake/stm32cubemx/CMakeFiles/STM32_Drivers.dir/__/__/Core/Src/system_stm32f7xx.c.obj
 .debug_macro   0x0001d122      0x28d cmake/stm32cubemx/CMakeFiles/STM32_Drivers.dir/__/__/Core/Src/system_stm32f7xx.c.obj
 .debug_macro   0x0001d3af     0x375e cmake/stm32cubemx/CMakeFiles/STM32_Drivers.dir/__/__/Core/Src/system_stm32f7xx.c.obj
 .debug_macro   0x00020b0d      0x190 cmake/stm32cubemx/CMakeFiles/STM32_Drivers.dir/__/__/Core/Src/system_stm32f7xx.c.obj
 .debug_macro   0x00020c9d       0x63 cmake/stm32cubemx/CMakeFiles/STM32_Drivers.dir/__/__/Core/Src/system_stm32f7xx.c.obj
 .debug_macro   0x00020d00     0x1add cmake/stm32cubemx/CMakeFiles/STM32_Drivers.dir/__/__/Core/Src/system_stm32f7xx.c.obj
 .debug_macro   0x000227dd      0x6c4 cmake/stm32cubemx/CMakeFiles/STM32_Drivers.dir/__/__/Core/Src/system_stm32f7xx.c.obj
 .debug_macro   0x00022ea1      0x18b cmake/stm32cubemx/CMakeFiles/STM32_Drivers.dir/__/__/Core/Src/system_stm32f7xx.c.obj
 .debug_macro   0x0002302c      0x115 cmake/stm32cubemx/CMakeFiles/STM32_Drivers.dir/__/__/Core/Src/system_stm32f7xx.c.obj
 .debug_macro   0x00023141      0x26e cmake/stm32cubemx/CMakeFiles/STM32_Drivers.dir/__/__/Core/Src/system_stm32f7xx.c.obj
 .debug_macro   0x000233af       0xa5 cmake/stm32cubemx/CMakeFiles/STM32_Drivers.dir/__/__/Core/Src/system_stm32f7xx.c.obj
 .debug_macro   0x00023454      0x24f cmake/stm32cubemx/CMakeFiles/STM32_Drivers.dir/__/__/Core/Src/system_stm32f7xx.c.obj
 .debug_macro   0x000236a3       0x71 cmake/stm32cubemx/CMakeFiles/STM32_Drivers.dir/__/__/Core/Src/system_stm32f7xx.c.obj
 .debug_macro   0x00023714       0x58 cmake/stm32cubemx/CMakeFiles/STM32_Drivers.dir/__/__/Core/Src/system_stm32f7xx.c.obj
 .debug_macro   0x0002376c      0x236 cmake/stm32cubemx/CMakeFiles/STM32_Drivers.dir/__/__/Core/Src/system_stm32f7xx.c.obj
 .debug_macro   0x000239a2      0x14e cmake/stm32cubemx/CMakeFiles/STM32_Drivers.dir/__/__/Core/Src/system_stm32f7xx.c.obj
 .debug_macro   0x00023af0      0x3db cmake/stm32cubemx/CMakeFiles/STM32_Drivers.dir/__/__/Core/Src/system_stm32f7xx.c.obj
 .debug_macro   0x00023ecb       0x12 cmake/stm32cubemx/CMakeFiles/STM32_Drivers.dir/__/__/Core/Src/system_stm32f7xx.c.obj
 .debug_macro   0x00023edd      0x22c cmake/stm32cubemx/CMakeFiles/STM32_Drivers.dir/__/__/Core/Src/system_stm32f7xx.c.obj
 .debug_macro   0x00024109       0x61 cmake/stm32cubemx/CMakeFiles/STM32_Drivers.dir/__/__/Core/Src/system_stm32f7xx.c.obj
 .debug_macro   0x0002416a       0xa5 cmake/stm32cubemx/CMakeFiles/STM32_Drivers.dir/__/__/Core/Src/system_stm32f7xx.c.obj
 .debug_macro   0x0002420f      0x12e cmake/stm32cubemx/CMakeFiles/STM32_Drivers.dir/__/__/Core/Src/system_stm32f7xx.c.obj
 .debug_macro   0x0002433d      0x108 cmake/stm32cubemx/CMakeFiles/STM32_Drivers.dir/__/__/Core/Src/system_stm32f7xx.c.obj
 .debug_macro   0x00024445       0x35 cmake/stm32cubemx/CMakeFiles/STM32_Drivers.dir/__/__/Core/Src/system_stm32f7xx.c.obj
 .debug_macro   0x0002447a      0x2fe cmake/stm32cubemx/CMakeFiles/STM32_Drivers.dir/__/__/Core/Src/system_stm32f7xx.c.obj
 .debug_macro   0x00024778      0x15b cmake/stm32cubemx/CMakeFiles/STM32_Drivers.dir/__/__/Core/Src/system_stm32f7xx.c.obj
 .debug_macro   0x000248d3      0x1d0 cmake/stm32cubemx/CMakeFiles/STM32_Drivers.dir/__/__/Drivers/STM32F7xx_HAL_Driver/Src/stm32f7xx_hal_cortex.c.obj
 .debug_macro   0x00024aa3      0x29c cmake/stm32cubemx/CMakeFiles/STM32_Drivers.dir/__/__/Drivers/STM32F7xx_HAL_Driver/Src/stm32f7xx_hal_i2c.c.obj
 .debug_macro   0x00024d3f      0x1d0 cmake/stm32cubemx/CMakeFiles/STM32_Drivers.dir/__/__/Drivers/STM32F7xx_HAL_Driver/Src/stm32f7xx_hal_i2c_ex.c.obj
 .debug_macro   0x00024f0f      0x1f4 cmake/stm32cubemx/CMakeFiles/STM32_Drivers.dir/__/__/Drivers/STM32F7xx_HAL_Driver/Src/stm32f7xx_hal_rcc.c.obj
 .debug_macro   0x00025103      0x1d0 cmake/stm32cubemx/CMakeFiles/STM32_Drivers.dir/__/__/Drivers/STM32F7xx_HAL_Driver/Src/stm32f7xx_hal_rcc_ex.c.obj
 .debug_macro   0x000252d3      0x1d6 cmake/stm32cubemx/CMakeFiles/STM32_Drivers.dir/__/__/Drivers/STM32F7xx_HAL_Driver/Src/stm32f7xx_hal_gpio.c.obj
 .debug_macro   0x000254a9      0x1f4 cmake/stm32cubemx/CMakeFiles/STM32_Drivers.dir/__/__/Drivers/STM32F7xx_HAL_Driver/Src/stm32f7xx_hal.c.obj
 .debug_macro   0x0002569d      0x1df cmake/stm32cubemx/CMakeFiles/STM32_Drivers.dir/__/__/Drivers/STM32F7xx_HAL_Driver/Src/stm32f7xx_hal_spi.c.obj
 .debug_macro   0x0002587c      0x1e9 CMakeFiles/stm32_blinking_led.dir/Core/Src/main.c.obj
 .debug_macro   0x00025a65       0x40 CMakeFiles/stm32_blinking_led.dir/Core/Src/main.c.obj
 .debug_macro   0x00025aa5      0x1e9 CMakeFiles/stm32_blinking_led.dir/Core/Src/stm32f7xx_it.c.obj
 .debug_macro   0x00025c8e      0x1df CMakeFiles/stm32_blinking_led.dir/Core/Src/stm32f7xx_hal_msp.c.obj
 .debug_macro   0x00025e6d      0x103 CMakeFiles/stm32_blinking_led.dir/Core/Src/sysmem.c.obj
 .debug_macro   0x00025f70       0x10 CMakeFiles/stm32_blinking_led.dir/Core/Src/sysmem.c.obj
 .debug_macro   0x00025f80       0x75 CMakeFiles/stm32_blinking_led.dir/Core/Src/sysmem.c.obj
 .debug_macro   0x00025ff5       0x29 CMakeFiles/stm32_blinking_led.dir/Core/Src/sysmem.c.obj
 .debug_macro   0x0002601e       0x94 CMakeFiles/stm32_blinking_led.dir/Core/Src/sysmem.c.obj
 .debug_macro   0x000260b2       0x3c CMakeFiles/stm32_blinking_led.dir/Core/Src/sysmem.c.obj
 .debug_macro   0x000260ee       0x34 CMakeFiles/stm32_blinking_led.dir/Core/Src/sysmem.c.obj
 .debug_macro   0x00026122       0x57 CMakeFiles/stm32_blinking_led.dir/Core/Src/sysmem.c.obj
 .debug_macro   0x00026179      0x364 CMakeFiles/stm32_blinking_led.dir/Core/Src/sysmem.c.obj
 .debug_macro   0x000264dd       0x16 CMakeFiles/stm32_blinking_led.dir/Core/Src/sysmem.c.obj
 .debug_macro   0x000264f3       0x4a CMakeFiles/stm32_blinking_led.dir/Core/Src/sysmem.c.obj
 .debug_macro   0x0002653d       0x34 CMakeFiles/stm32_blinking_led.dir/Core/Src/sysmem.c.obj
 .debug_macro   0x00026571       0x10 CMakeFiles/stm32_blinking_led.dir/Core/Src/sysmem.c.obj
 .debug_macro   0x00026581       0x58 CMakeFiles/stm32_blinking_led.dir/Core/Src/sysmem.c.obj
 .debug_macro   0x000265d9      0x1e5 CMakeFiles/stm32_blinking_led.dir/Core/Src/sysmem.c.obj
 .debug_macro   0x000267be      0x23c CMakeFiles/stm32_blinking_led.dir/Core/Src/sysmem.c.obj
 .debug_macro   0x000269fa       0x2d CMakeFiles/stm32_blinking_led.dir/app/app.c.obj
 .debug_macro   0x00026a27      0x1e9 CMakeFiles/stm32_blinking_led.dir/app/features/feat_blinky.c.obj
 .debug_macro   0x00026c10      0x215 CMakeFiles/stm32_blinking_led.dir/app/features/feat_temperature_sensor.c.obj
 .debug_macro   0x00026e25       0x6a CMakeFiles/stm32_blinking_led.dir/app/features/feat_temperature_sensor.c.obj
 .debug_macro   0x00026e8f       0x22 CMakeFiles/stm32_blinking_led.dir/app/features/feat_temperature_sensor.c.obj
 .debug_macro   0x00026eb1       0x2f CMakeFiles/stm32_blinking_led.dir/app/features/feature.c.obj
 .debug_macro   0x00026ee0      0x1f2 CMakeFiles/stm32_blinking_led.dir/app/peripherals/ath25.c.obj
 .debug_macro   0x000270d2      0x2d4 CMakeFiles/stm32_blinking_led.dir/app/peripherals/ips_display.c.obj
 .debug_macro   0x000273a6       0x64 CMakeFiles/stm32_blinking_led.dir/app/peripherals/ips_display.c.obj
 .debug_macro   0x0002740a       0x7b CMakeFiles/stm32_blinking_led.dir/app/peripherals/ips_display.c.obj
 .debug_macro   0x00027485       0x16 CMakeFiles/stm32_blinking_led.dir/app/peripherals/ips_display.c.obj
 .debug_macro   0x0002749b       0x16 CMakeFiles/stm32_blinking_led.dir/app/peripherals/ips_display.c.obj
 .debug_macro   0x000274b1       0x46 CMakeFiles/stm32_blinking_led.dir/app/peripherals/ips_display.c.obj
 .debug_macro   0x000274f7      0x1da CMakeFiles/stm32_blinking_led.dir/app/peripherals/ips_display.c.obj
 .debug_macro   0x000276d1       0x6d CMakeFiles/stm32_blinking_led.dir/Drivers_custom/ST7789/fonts.c.obj
 .debug_macro   0x0002773e      0x1f8 CMakeFiles/stm32_blinking_led.dir/Drivers_custom/ST7789/st7789.c.obj

.debug_line     0x00000000     0xeb77
 .debug_line    0x00000000      0x6d7 cmake/stm32cubemx/CMakeFiles/STM32_Drivers.dir/__/__/Core/Src/system_stm32f7xx.c.obj
 .debug_line    0x000006d7      0xc0a cmake/stm32cubemx/CMakeFiles/STM32_Drivers.dir/__/__/Drivers/STM32F7xx_HAL_Driver/Src/stm32f7xx_hal_cortex.c.obj
 .debug_line    0x000012e1     0x36c1 cmake/stm32cubemx/CMakeFiles/STM32_Drivers.dir/__/__/Drivers/STM32F7xx_HAL_Driver/Src/stm32f7xx_hal_i2c.c.obj
 .debug_line    0x000049a2      0x735 cmake/stm32cubemx/CMakeFiles/STM32_Drivers.dir/__/__/Drivers/STM32F7xx_HAL_Driver/Src/stm32f7xx_hal_i2c_ex.c.obj
 .debug_line    0x000050d7      0xebf cmake/stm32cubemx/CMakeFiles/STM32_Drivers.dir/__/__/Drivers/STM32F7xx_HAL_Driver/Src/stm32f7xx_hal_rcc.c.obj
 .debug_line    0x00005f96      0xe0d cmake/stm32cubemx/CMakeFiles/STM32_Drivers.dir/__/__/Drivers/STM32F7xx_HAL_Driver/Src/stm32f7xx_hal_rcc_ex.c.obj
 .debug_line    0x00006da3      0xae4 cmake/stm32cubemx/CMakeFiles/STM32_Drivers.dir/__/__/Drivers/STM32F7xx_HAL_Driver/Src/stm32f7xx_hal_gpio.c.obj
 .debug_line    0x00007887      0x9ba cmake/stm32cubemx/CMakeFiles/STM32_Drivers.dir/__/__/Drivers/STM32F7xx_HAL_Driver/Src/stm32f7xx_hal.c.obj
 .debug_line    0x00008241     0x1f90 cmake/stm32cubemx/CMakeFiles/STM32_Drivers.dir/__/__/Drivers/STM32F7xx_HAL_Driver/Src/stm32f7xx_hal_spi.c.obj
 .debug_line    0x0000a1d1      0x84e CMakeFiles/stm32_blinking_led.dir/Core/Src/main.c.obj
 .debug_line    0x0000aa1f      0x712 CMakeFiles/stm32_blinking_led.dir/Core/Src/stm32f7xx_it.c.obj
 .debug_line    0x0000b131      0x716 CMakeFiles/stm32_blinking_led.dir/Core/Src/stm32f7xx_hal_msp.c.obj
 .debug_line    0x0000b847      0x2a5 CMakeFiles/stm32_blinking_led.dir/Core/Src/sysmem.c.obj
 .debug_line    0x0000baec       0x7a CMakeFiles/stm32_blinking_led.dir/startup_stm32f767xx.s.obj
 .debug_line    0x0000bb66      0x1be CMakeFiles/stm32_blinking_led.dir/app/app.c.obj
 .debug_line    0x0000bd24      0x69c CMakeFiles/stm32_blinking_led.dir/app/features/feat_blinky.c.obj
 .debug_line    0x0000c3c0      0x797 CMakeFiles/stm32_blinking_led.dir/app/features/feat_temperature_sensor.c.obj
 .debug_line    0x0000cb57       0xe3 CMakeFiles/stm32_blinking_led.dir/app/features/feature.c.obj
 .debug_line    0x0000cc3a      0x84a CMakeFiles/stm32_blinking_led.dir/app/peripherals/ath25.c.obj
 .debug_line    0x0000d484      0x812 CMakeFiles/stm32_blinking_led.dir/app/peripherals/ips_display.c.obj
 .debug_line    0x0000dc96      0x1f0 CMakeFiles/stm32_blinking_led.dir/Drivers_custom/ST7789/fonts.c.obj
 .debug_line    0x0000de86      0xcf1 CMakeFiles/stm32_blinking_led.dir/Drivers_custom/ST7789/st7789.c.obj

.debug_str      0x00000000    0xefe1d
 .debug_str     0x00000000    0xefe1d cmake/stm32cubemx/CMakeFiles/STM32_Drivers.dir/__/__/Core/Src/system_stm32f7xx.c.obj
                              0xe856a (size before relaxing)
 .debug_str     0x000efe1d    0xe8f8c cmake/stm32cubemx/CMakeFiles/STM32_Drivers.dir/__/__/Drivers/STM32F7xx_HAL_Driver/Src/stm32f7xx_hal_cortex.c.obj
 .debug_str     0x000efe1d    0xe977d cmake/stm32cubemx/CMakeFiles/STM32_Drivers.dir/__/__/Drivers/STM32F7xx_HAL_Driver/Src/stm32f7xx_hal_i2c.c.obj
 .debug_str     0x000efe1d    0xe89fc cmake/stm32cubemx/CMakeFiles/STM32_Drivers.dir/__/__/Drivers/STM32F7xx_HAL_Driver/Src/stm32f7xx_hal_i2c_ex.c.obj
 .debug_str     0x000efe1d    0xe88e5 cmake/stm32cubemx/CMakeFiles/STM32_Drivers.dir/__/__/Drivers/STM32F7xx_HAL_Driver/Src/stm32f7xx_hal_rcc.c.obj
 .debug_str     0x000efe1d    0xe8848 cmake/stm32cubemx/CMakeFiles/STM32_Drivers.dir/__/__/Drivers/STM32F7xx_HAL_Driver/Src/stm32f7xx_hal_rcc_ex.c.obj
 .debug_str     0x000efe1d    0xe8628 cmake/stm32cubemx/CMakeFiles/STM32_Drivers.dir/__/__/Drivers/STM32F7xx_HAL_Driver/Src/stm32f7xx_hal_gpio.c.obj
 .debug_str     0x000efe1d    0xe8faa cmake/stm32cubemx/CMakeFiles/STM32_Drivers.dir/__/__/Drivers/STM32F7xx_HAL_Driver/Src/stm32f7xx_hal.c.obj
 .debug_str     0x000efe1d    0xe8da4 cmake/stm32cubemx/CMakeFiles/STM32_Drivers.dir/__/__/Drivers/STM32F7xx_HAL_Driver/Src/stm32f7xx_hal_spi.c.obj
 .debug_str     0x000efe1d    0xe8ffe CMakeFiles/stm32_blinking_led.dir/Core/Src/main.c.obj
 .debug_str     0x000efe1d    0xe84a4 CMakeFiles/stm32_blinking_led.dir/Core/Src/stm32f7xx_it.c.obj
 .debug_str     0x000efe1d    0xe900d CMakeFiles/stm32_blinking_led.dir/Core/Src/stm32f7xx_hal_msp.c.obj
 .debug_str     0x000efe1d     0x719e CMakeFiles/stm32_blinking_led.dir/Core/Src/sysmem.c.obj
 .debug_str     0x000efe1d       0xc4 CMakeFiles/stm32_blinking_led.dir/startup_stm32f767xx.s.obj
 .debug_str     0x000efe1d     0x2f21 CMakeFiles/stm32_blinking_led.dir/app/app.c.obj
 .debug_str     0x000efe1d    0xe84af CMakeFiles/stm32_blinking_led.dir/app/features/feat_blinky.c.obj
 .debug_str     0x000efe1d    0xe8d13 CMakeFiles/stm32_blinking_led.dir/app/features/feat_temperature_sensor.c.obj
 .debug_str     0x000efe1d     0x2f85 CMakeFiles/stm32_blinking_led.dir/app/features/feature.c.obj
 .debug_str     0x000efe1d    0xe8b9c CMakeFiles/stm32_blinking_led.dir/app/peripherals/ath25.c.obj
 .debug_str     0x000efe1d    0xebf09 CMakeFiles/stm32_blinking_led.dir/app/peripherals/ips_display.c.obj
 .debug_str     0x000efe1d     0x3e9e CMakeFiles/stm32_blinking_led.dir/Drivers_custom/ST7789/fonts.c.obj
 .debug_str     0x000efe1d    0xe923b CMakeFiles/stm32_blinking_led.dir/Drivers_custom/ST7789/st7789.c.obj

.debug_frame    0x00000000     0x3228
 .debug_frame   0x00000000       0x58 cmake/stm32cubemx/CMakeFiles/STM32_Drivers.dir/__/__/Core/Src/system_stm32f7xx.c.obj
 .debug_frame   0x00000058      0x4e8 cmake/stm32cubemx/CMakeFiles/STM32_Drivers.dir/__/__/Drivers/STM32F7xx_HAL_Driver/Src/stm32f7xx_hal_cortex.c.obj
 .debug_frame   0x00000540      0xc38 cmake/stm32cubemx/CMakeFiles/STM32_Drivers.dir/__/__/Drivers/STM32F7xx_HAL_Driver/Src/stm32f7xx_hal_i2c.c.obj
 .debug_frame   0x00001178       0xb0 cmake/stm32cubemx/CMakeFiles/STM32_Drivers.dir/__/__/Drivers/STM32F7xx_HAL_Driver/Src/stm32f7xx_hal_i2c_ex.c.obj
 .debug_frame   0x00001228      0x1f8 cmake/stm32cubemx/CMakeFiles/STM32_Drivers.dir/__/__/Drivers/STM32F7xx_HAL_Driver/Src/stm32f7xx_hal_rcc.c.obj
 .debug_frame   0x00001420      0x118 cmake/stm32cubemx/CMakeFiles/STM32_Drivers.dir/__/__/Drivers/STM32F7xx_HAL_Driver/Src/stm32f7xx_hal_rcc_ex.c.obj
 .debug_frame   0x00001538      0x14c cmake/stm32cubemx/CMakeFiles/STM32_Drivers.dir/__/__/Drivers/STM32F7xx_HAL_Driver/Src/stm32f7xx_hal_gpio.c.obj
 .debug_frame   0x00001684      0x3f4 cmake/stm32cubemx/CMakeFiles/STM32_Drivers.dir/__/__/Drivers/STM32F7xx_HAL_Driver/Src/stm32f7xx_hal.c.obj
 .debug_frame   0x00001a78      0x860 cmake/stm32cubemx/CMakeFiles/STM32_Drivers.dir/__/__/Drivers/STM32F7xx_HAL_Driver/Src/stm32f7xx_hal_spi.c.obj
 .debug_frame   0x000022d8       0xe8 CMakeFiles/stm32_blinking_led.dir/Core/Src/main.c.obj
 .debug_frame   0x000023c0      0x104 CMakeFiles/stm32_blinking_led.dir/Core/Src/stm32f7xx_it.c.obj
 .debug_frame   0x000024c4       0xcc CMakeFiles/stm32_blinking_led.dir/Core/Src/stm32f7xx_hal_msp.c.obj
 .debug_frame   0x00002590       0x34 CMakeFiles/stm32_blinking_led.dir/Core/Src/sysmem.c.obj
 .debug_frame   0x000025c4       0x48 CMakeFiles/stm32_blinking_led.dir/app/app.c.obj
 .debug_frame   0x0000260c       0x50 CMakeFiles/stm32_blinking_led.dir/app/features/feat_blinky.c.obj
 .debug_frame   0x0000265c       0x50 CMakeFiles/stm32_blinking_led.dir/app/features/feat_temperature_sensor.c.obj
 .debug_frame   0x000026ac       0x48 CMakeFiles/stm32_blinking_led.dir/app/features/feature.c.obj
 .debug_frame   0x000026f4       0xcc CMakeFiles/stm32_blinking_led.dir/app/peripherals/ath25.c.obj
 .debug_frame   0x000027c0       0x94 CMakeFiles/stm32_blinking_led.dir/app/peripherals/ips_display.c.obj
 .debug_frame   0x00002854      0x394 CMakeFiles/stm32_blinking_led.dir/Drivers_custom/ST7789/st7789.c.obj
 .debug_frame   0x00002be8       0x2c C:/PROGRA~2/ARMGNU~1/142BCE~1.3RE/bin/../lib/gcc/arm-none-eabi/14.3.1/thumb/v7e-m+dp/hard\libgcc.a(_aeabi_uldivmod.o)
 .debug_frame   0x00002c14       0x34 C:/PROGRA~2/ARMGNU~1/142BCE~1.3RE/bin/../lib/gcc/arm-none-eabi/14.3.1/thumb/v7e-m+dp/hard\libgcc.a(_udivmoddi4.o)
 .debug_frame   0x00002c48      0x144 C:/PROGRA~2/ARMGNU~1/142BCE~1.3RE/bin/../lib/gcc/arm-none-eabi/14.3.1/../../../../arm-none-eabi/lib/thumb/v7e-m+dp/hard\libg_nano.a(libc_a-findfp.o)
 .debug_frame   0x00002d8c       0x7c C:/PROGRA~2/ARMGNU~1/142BCE~1.3RE/bin/../lib/gcc/arm-none-eabi/14.3.1/../../../../arm-none-eabi/lib/thumb/v7e-m+dp/hard\libg_nano.a(libc_a-snprintf.o)
 .debug_frame   0x00002e08       0x20 C:/PROGRA~2/ARMGNU~1/142BCE~1.3RE/bin/../lib/gcc/arm-none-eabi/14.3.1/../../../../arm-none-eabi/lib/thumb/v7e-m+dp/hard\libg_nano.a(libc_a-memset.o)
 .debug_frame   0x00002e28       0x38 C:/PROGRA~2/ARMGNU~1/142BCE~1.3RE/bin/../lib/gcc/arm-none-eabi/14.3.1/../../../../arm-none-eabi/lib/thumb/v7e-m+dp/hard\libg_nano.a(libc_a-reent.o)
 .debug_frame   0x00002e60       0x20 C:/PROGRA~2/ARMGNU~1/142BCE~1.3RE/bin/../lib/gcc/arm-none-eabi/14.3.1/../../../../arm-none-eabi/lib/thumb/v7e-m+dp/hard\libg_nano.a(libc_a-errno.o)
 .debug_frame   0x00002e80       0x2c C:/PROGRA~2/ARMGNU~1/142BCE~1.3RE/bin/../lib/gcc/arm-none-eabi/14.3.1/../../../../arm-none-eabi/lib/thumb/v7e-m+dp/hard\libg_nano.a(libc_a-init.o)
 .debug_frame   0x00002eac       0xb0 C:/PROGRA~2/ARMGNU~1/142BCE~1.3RE/bin/../lib/gcc/arm-none-eabi/14.3.1/../../../../arm-none-eabi/lib/thumb/v7e-m+dp/hard\libg_nano.a(libc_a-lock.o)
 .debug_frame   0x00002f5c       0x38 C:/PROGRA~2/ARMGNU~1/142BCE~1.3RE/bin/../lib/gcc/arm-none-eabi/14.3.1/../../../../arm-none-eabi/lib/thumb/v7e-m+dp/hard\libg_nano.a(libc_a-freer.o)
 .debug_frame   0x00002f94       0x50 C:/PROGRA~2/ARMGNU~1/142BCE~1.3RE/bin/../lib/gcc/arm-none-eabi/14.3.1/../../../../arm-none-eabi/lib/thumb/v7e-m+dp/hard\libg_nano.a(libc_a-mallocr.o)
 .debug_frame   0x00002fe4       0x30 C:/PROGRA~2/ARMGNU~1/142BCE~1.3RE/bin/../lib/gcc/arm-none-eabi/14.3.1/../../../../arm-none-eabi/lib/thumb/v7e-m+dp/hard\libg_nano.a(libc_a-mlock.o)
 .debug_frame   0x00003014       0x90 C:/PROGRA~2/ARMGNU~1/142BCE~1.3RE/bin/../lib/gcc/arm-none-eabi/14.3.1/../../../../arm-none-eabi/lib/thumb/v7e-m+dp/hard\libg_nano.a(libc_a-nano-svfprintf.o)
 .debug_frame   0x000030a4       0x60 C:/PROGRA~2/ARMGNU~1/142BCE~1.3RE/bin/../lib/gcc/arm-none-eabi/14.3.1/../../../../arm-none-eabi/lib/thumb/v7e-m+dp/hard\libg_nano.a(libc_a-nano-vfprintf_i.o)
 .debug_frame   0x00003104       0x28 C:/PROGRA~2/ARMGNU~1/142BCE~1.3RE/bin/../lib/gcc/arm-none-eabi/14.3.1/../../../../arm-none-eabi/lib/thumb/v7e-m+dp/hard\libg_nano.a(libc_a-memmove.o)
 .debug_frame   0x0000312c       0x2c C:/PROGRA~2/ARMGNU~1/142BCE~1.3RE/bin/../lib/gcc/arm-none-eabi/14.3.1/../../../../arm-none-eabi/lib/thumb/v7e-m+dp/hard\libg_nano.a(libc_a-sbrkr.o)
 .debug_frame   0x00003158       0x4c C:/PROGRA~2/ARMGNU~1/142BCE~1.3RE/bin/../lib/gcc/arm-none-eabi/14.3.1/../../../../arm-none-eabi/lib/thumb/v7e-m+dp/hard\libg_nano.a(libc_a-memchr.o)
 .debug_frame   0x000031a4       0x28 C:/PROGRA~2/ARMGNU~1/142BCE~1.3RE/bin/../lib/gcc/arm-none-eabi/14.3.1/../../../../arm-none-eabi/lib/thumb/v7e-m+dp/hard\libg_nano.a(libc_a-memcpy-stub.o)
 .debug_frame   0x000031cc       0x3c C:/PROGRA~2/ARMGNU~1/142BCE~1.3RE/bin/../lib/gcc/arm-none-eabi/14.3.1/../../../../arm-none-eabi/lib/thumb/v7e-m+dp/hard\libg_nano.a(libc_a-reallocr.o)
 .debug_frame   0x00003208       0x20 C:/PROGRA~2/ARMGNU~1/142BCE~1.3RE/bin/../lib/gcc/arm-none-eabi/14.3.1/../../../../arm-none-eabi/lib/thumb/v7e-m+dp/hard\libg_nano.a(libc_a-msizer.o)

.debug_line_str
                0x00000000      0x266
 .debug_line_str
                0x00000000      0x266 CMakeFiles/stm32_blinking_led.dir/startup_stm32f767xx.s.obj
                                 0xa8 (size before relaxing)
 .debug_line_str
                0x00000266       0xcd C:/PROGRA~2/ARMGNU~1/142BCE~1.3RE/bin/../lib/gcc/arm-none-eabi/14.3.1/thumb/v7e-m+dp/hard\libgcc.a(_aeabi_uldivmod.o)
 .debug_line_str
                0x00000266       0xd1 C:/PROGRA~2/ARMGNU~1/142BCE~1.3RE/bin/../lib/gcc/arm-none-eabi/14.3.1/thumb/v7e-m+dp/hard\libgcc.a(_dvmd_tls.o)
 .debug_line_str
                0x00000266       0xe5 C:/PROGRA~2/ARMGNU~1/142BCE~1.3RE/bin/../lib/gcc/arm-none-eabi/14.3.1/../../../../arm-none-eabi/lib/thumb/v7e-m+dp/hard\libg_nano.a(libc_a-memchr.o)