Archive member included to satisfy reference by file (symbol)

C:/PROGRA~2/ARMGNU~1/142BCE~1.3RE/bin/../lib/gcc/arm-none-eabi/14.3.1/thumb/v7e-m+dp/hard\libgcc.a(_aeabi_uldivmod.o)
                              cmake/stm32cubemx/CMakeFiles/STM32_Drivers.dir/__/__/Drivers/STM32F7xx_HAL_Driver/Src/stm32f7xx_hal_rcc.c.obj (__aeabi_uldivmod)
C:/PROGRA~2/ARMGNU~1/142BCE~1.3RE/bin/../lib/gcc/arm-none-eabi/14.3.1/thumb/v7e-m+dp/hard\libgcc.a(_udivmoddi4.o)
                              C:/PROGRA~2/ARMGNU~1/142BCE~1.3RE/bin/../lib/gcc/arm-none-eabi/14.3.1/thumb/v7e-m+dp/hard\libgcc.a(_aeabi_uldivmod.o) (__udivmoddi4)
C:/PROGRA~2/ARMGNU~1/142BCE~1.3RE/bin/../lib/gcc/arm-none-eabi/14.3.1/thumb/v7e-m+dp/hard\libgcc.a(_dvmd_tls.o)
                              C:/PROGRA~2/ARMGNU~1/142BCE~1.3RE/bin/../lib/gcc/arm-none-eabi/14.3.1/thumb/v7e-m+dp/hard\libgcc.a(_aeabi_uldivmod.o) (__aeabi_ldiv0)
C:/PROGRA~2/ARMGNU~1/142BCE~1.3RE/bin/../lib/gcc/arm-none-eabi/14.3.1/../../../../arm-none-eabi/lib/thumb/v7e-m+dp/hard\libg_nano.a(libc_a-exit.o)
                              C:/PROGRA~2/ARMGNU~1/142BCE~1.3RE/bin/../lib/gcc/arm-none-eabi/14.3.1/../../../../arm-none-eabi/lib/thumb/v7e-m+dp/hard/crt0.o (exit)
C:/PROGRA~2/ARMGNU~1/142BCE~1.3RE/bin/../lib/gcc/arm-none-eabi/14.3.1/../../../../arm-none-eabi/lib/thumb/v7e-m+dp/hard\libg_nano.a(libc_a-findfp.o)
                              C:/PROGRA~2/ARMGNU~1/142BCE~1.3RE/bin/../lib/gcc/arm-none-eabi/14.3.1/../../../../arm-none-eabi/lib/thumb/v7e-m+dp/hard\libg_nano.a(libc_a-exit.o) (__stdio_exit_handler)
C:/PROGRA~2/ARMGNU~1/142BCE~1.3RE/bin/../lib/gcc/arm-none-eabi/14.3.1/../../../../arm-none-eabi/lib/thumb/v7e-m+dp/hard\libg_nano.a(libc_a-fwalk.o)
                              C:/PROGRA~2/ARMGNU~1/142BCE~1.3RE/bin/../lib/gcc/arm-none-eabi/14.3.1/../../../../arm-none-eabi/lib/thumb/v7e-m+dp/hard\libg_nano.a(libc_a-findfp.o) (_fwalk_sglue)
C:/PROGRA~2/ARMGNU~1/142BCE~1.3RE/bin/../lib/gcc/arm-none-eabi/14.3.1/../../../../arm-none-eabi/lib/thumb/v7e-m+dp/hard\libg_nano.a(libc_a-stdio.o)
                              C:/PROGRA~2/ARMGNU~1/142BCE~1.3RE/bin/../lib/gcc/arm-none-eabi/14.3.1/../../../../arm-none-eabi/lib/thumb/v7e-m+dp/hard\libg_nano.a(libc_a-findfp.o) (__sread)
C:/PROGRA~2/ARMGNU~1/142BCE~1.3RE/bin/../lib/gcc/arm-none-eabi/14.3.1/../../../../arm-none-eabi/lib/thumb/v7e-m+dp/hard\libg_nano.a(libc_a-memset.o)
                              C:/PROGRA~2/ARMGNU~1/142BCE~1.3RE/bin/../lib/gcc/arm-none-eabi/14.3.1/../../../../arm-none-eabi/lib/thumb/v7e-m+dp/hard/crt0.o (memset)
C:/PROGRA~2/ARMGNU~1/142BCE~1.3RE/bin/../lib/gcc/arm-none-eabi/14.3.1/../../../../arm-none-eabi/lib/thumb/v7e-m+dp/hard\libg_nano.a(libc_a-closer.o)
                              C:/PROGRA~2/ARMGNU~1/142BCE~1.3RE/bin/../lib/gcc/arm-none-eabi/14.3.1/../../../../arm-none-eabi/lib/thumb/v7e-m+dp/hard\libg_nano.a(libc_a-stdio.o) (_close_r)
C:/PROGRA~2/ARMGNU~1/142BCE~1.3RE/bin/../lib/gcc/arm-none-eabi/14.3.1/../../../../arm-none-eabi/lib/thumb/v7e-m+dp/hard\libg_nano.a(libc_a-reent.o)
                              C:/PROGRA~2/ARMGNU~1/142BCE~1.3RE/bin/../lib/gcc/arm-none-eabi/14.3.1/../../../../arm-none-eabi/lib/thumb/v7e-m+dp/hard\libg_nano.a(libc_a-closer.o) (errno)
C:/PROGRA~2/ARMGNU~1/142BCE~1.3RE/bin/../lib/gcc/arm-none-eabi/14.3.1/../../../../arm-none-eabi/lib/thumb/v7e-m+dp/hard\libg_nano.a(libc_a-impure.o)
                              C:/PROGRA~2/ARMGNU~1/142BCE~1.3RE/bin/../lib/gcc/arm-none-eabi/14.3.1/../../../../arm-none-eabi/lib/thumb/v7e-m+dp/hard\libg_nano.a(libc_a-reent.o) (_impure_ptr)
C:/PROGRA~2/ARMGNU~1/142BCE~1.3RE/bin/../lib/gcc/arm-none-eabi/14.3.1/../../../../arm-none-eabi/lib/thumb/v7e-m+dp/hard\libg_nano.a(libc_a-lseekr.o)
                              C:/PROGRA~2/ARMGNU~1/142BCE~1.3RE/bin/../lib/gcc/arm-none-eabi/14.3.1/../../../../arm-none-eabi/lib/thumb/v7e-m+dp/hard\libg_nano.a(libc_a-stdio.o) (_lseek_r)
C:/PROGRA~2/ARMGNU~1/142BCE~1.3RE/bin/../lib/gcc/arm-none-eabi/14.3.1/../../../../arm-none-eabi/lib/thumb/v7e-m+dp/hard\libg_nano.a(libc_a-readr.o)
                              C:/PROGRA~2/ARMGNU~1/142BCE~1.3RE/bin/../lib/gcc/arm-none-eabi/14.3.1/../../../../arm-none-eabi/lib/thumb/v7e-m+dp/hard\libg_nano.a(libc_a-stdio.o) (_read_r)
C:/PROGRA~2/ARMGNU~1/142BCE~1.3RE/bin/../lib/gcc/arm-none-eabi/14.3.1/../../../../arm-none-eabi/lib/thumb/v7e-m+dp/hard\libg_nano.a(libc_a-writer.o)
                              C:/PROGRA~2/ARMGNU~1/142BCE~1.3RE/bin/../lib/gcc/arm-none-eabi/14.3.1/../../../../arm-none-eabi/lib/thumb/v7e-m+dp/hard\libg_nano.a(libc_a-stdio.o) (_write_r)
C:/PROGRA~2/ARMGNU~1/142BCE~1.3RE/bin/../lib/gcc/arm-none-eabi/14.3.1/../../../../arm-none-eabi/lib/thumb/v7e-m+dp/hard\libg_nano.a(libc_a-errno.o)
                              CMakeFiles/stm32_blinking_led.dir/Core/Src/sysmem.c.obj (__errno)
C:/PROGRA~2/ARMGNU~1/142BCE~1.3RE/bin/../lib/gcc/arm-none-eabi/14.3.1/../../../../arm-none-eabi/lib/thumb/v7e-m+dp/hard\libg_nano.a(libc_a-init.o)
[...]
Memory Configuration

Name             Origin             Length             Attributes
RAM              0x20000000         0x00080000         xrw
FLASH            0x08000000         0x00200000         xr
*default*        0x00000000         0xffffffff

Linker script and memory map

LOAD C:/PROGRA~2/ARMGNU~1/142BCE~1.3RE/bin/../lib/gcc/arm-none-eabi/14.3.1/thumb/v7e-m+dp/hard/crti.o
LOAD C:/PROGRA~2/ARMGNU~1/142BCE~1.3RE/bin/../lib/gcc/arm-none-eabi/14.3.1/thumb/v7e-m+dp/hard/crtbegin.o
LOAD C:/PROGRA~2/ARMGNU~1/142BCE~1.3RE/bin/../lib/gcc/arm-none-eabi/14.3.1/../../../../arm-none-eabi/lib/thumb/v7e-m+dp/hard/crt0.o
LOAD cmake/stm32cubemx/CMakeFiles/STM32_Drivers.dir/__/__/Core/Src/system_stm32f7xx.c.obj
LOAD cmake/stm32cubemx/CMakeFiles/STM32_Drivers.dir/__/__/Drivers/STM32F7xx_HAL_Driver/Src/stm32f7xx_hal_cortex.c.obj
LOAD cmake/stm32cubemx/CMakeFiles/STM32_Drivers.dir/__/__/Drivers/STM32F7xx_HAL_Driver/Src/stm32f7xx_hal_i2c.c.obj
LOAD cmake/stm32cubemx/CMakeFiles/STM32_Drivers.dir/__/__/Drivers/STM32F7xx_HAL_Driver/Src/stm32f7xx_hal_i2c_ex.c.obj
LOAD cmake/stm32cubemx/CMakeFiles/STM32_Drivers.dir/__/__/Drivers/STM32F7xx_HAL_Driver/Src/stm32f7xx_hal_rcc.c.obj
LOAD cmake/stm32cubemx/CMakeFiles/STM32_Drivers.dir/__/__/Drivers/STM32F7xx_HAL_Driver/Src/stm32f7xx_hal_rcc_ex.c.obj
LOAD cmake/stm32cubemx/CMakeFiles/STM32_Drivers.dir/__/__/Drivers/STM32F7xx_HAL_Driver/Src/stm32f7xx_hal_flash.c.obj
LOAD cmake/stm32cubemx/CMakeFiles/STM32_Drivers.dir/__/__/Drivers/STM32F7xx_HAL_Driver/Src/stm32f7xx_hal_flash_ex.c.obj
LOAD cmake/stm32cubemx/CMakeFiles/STM32_Drivers.dir/__/__/Drivers/STM32F7xx_HAL_Driver/Src/stm32f7xx_hal_gpio.c.obj
LOAD cmake/stm32cubemx/CMakeFiles/STM32_Drivers.dir/__/__/Drivers/STM32F7xx_HAL_Driver/Src/stm32f7xx_hal_dma.c.obj
LOAD cmake/stm32cubemx/CMakeFiles/STM32_Drivers.dir/__/__/Drivers/STM32F7xx_HAL_Driver/Src/stm32f7xx_hal_dma_ex.c.obj
LOAD cmake/stm32cubemx/CMakeFiles/STM32_Drivers.dir/__/__/Drivers/STM32F7xx_HAL_Driver/Src/stm32f7xx_hal_pwr.c.obj
LOAD cmake/stm32cubemx/CMakeFiles/STM32_Drivers.dir/__/__/Drivers/STM32F7xx_HAL_Driver/Src/stm32f7xx_hal_pwr_ex.c.obj
LOAD cmake/stm32cubemx/CMakeFiles/STM32_Drivers.dir/__/__/Drivers/STM32F7xx_HAL_Driver/Src/stm32f7xx_hal.c.obj
LOAD cmake/stm32cubemx/CMakeFiles/STM32_Drivers.dir/__/__/Drivers/STM32F7xx_HAL_Driver/Src/stm32f7xx_hal_exti.c.obj
LOAD CMakeFiles/stm32_blinking_led.dir/Core/Src/main.c.obj
LOAD CMakeFiles/stm32_blinking_led.dir/Core/Src/stm32f7xx_it.c.obj
LOAD CMakeFiles/stm32_blinking_led.dir/Core/Src/stm32f7xx_hal_msp.c.obj
LOAD CMakeFiles/stm32_blinking_led.dir/Core/Src/sysmem.c.obj
LOAD CMakeFiles/stm32_blinking_led.dir/Core/Src/syscalls.c.obj
LOAD CMakeFiles/stm32_blinking_led.dir/startup_stm32f767xx.s.obj
LOAD CMakeFiles/stm32_blinking_led.dir/app/app.c.obj
LOAD CMakeFiles/stm32_blinking_led.dir/app/features/feat_blinky.c.obj
LOAD CMakeFiles/stm32_blinking_led.dir/app/features/feature.c.obj
LOAD CMakeFiles/stm32_blinking_led.dir/app/peripherals/ips_display.c.obj
LOAD CMakeFiles/stm32_blinking_led.dir/app/peripherals/temperature_sensor.c.obj
LOAD C:/PROGRA~2/ARMGNU~1/142BCE~1.3RE/bin/../lib/gcc/arm-none-eabi/14.3.1/../../../../arm-none-eabi/lib/thumb/v7e-m+dp/hard\libm.a
START GROUP
LOAD C:/PROGRA~2/ARMGNU~1/142BCE~1.3RE/bin/../lib/gcc/arm-none-eabi/14.3.1/thumb/v7e-m+dp/hard\libgcc.a
LOAD C:/PROGRA~2/ARMGNU~1/142BCE~1.3RE/bin/../lib/gcc/arm-none-eabi/14.3.1/../../../../arm-none-eabi/lib/thumb/v7e-m+dp/hard\libg_nano.a
LOAD C:/PROGRA~2/ARMGNU~1/142BCE~1.3RE/bin/../lib/gcc/arm-none-eabi/14.3.1/../../../../arm-none-eabi/lib/thumb/v7e-m+dp/hard\libc_nano.a
END GROUP
START GROUP
LOAD C:/PROGRA~2/ARMGNU~1/142BCE~1.3RE/bin/../lib/gcc/arm-none-eabi/14.3.1/thumb/v7e-m+dp/hard\libgcc.a
LOAD C:/PROGRA~2/ARMGNU~1/142BCE~1.3RE/bin/../lib/gcc/arm-none-eabi/14.3.1/../../../../arm-none-eabi/lib/thumb/v7e-m+dp/hard\libc_nano.a
END GROUP
LOAD C:/PROGRA~2/ARMGNU~1/142BCE~1.3RE/bin/../lib/gcc/arm-none-eabi/14.3.1/thumb/v7e-m+dp/hard/crtend.o
LOAD C:/PROGRA~2/ARMGNU~1/142BCE~1.3RE/bin/../lib/gcc/arm-none-eabi/14.3.1/thumb/v7e-m+dp/hard/crtn.o
                0x20080000                        _estack = (ORIGIN (RAM) + LENGTH (RAM))
                0x00000200                        _Min_Heap_Size = 0x200
                0x00000400                        _Min_Stack_Size = 0x400

.isr_vector     0x08000000      0x1f8
                0x08000000                        . = ALIGN (0x4)
 *(.isr_vector)
 .isr_vector    0x08000000      0x1f8 CMakeFiles/stm32_blinking_led.dir/startup_stm32f767xx.s.obj
                0x08000000                g_pfnVectors
                0x080001f8                        . = ALIGN (0x4)

.text           0x080001f8     0x23a4
                0x080001f8                        . = ALIGN (0x4)
 *(.text)
 .text          0x080001f8       0x30 C:/PROGRA~2/ARMGNU~1/142BCE~1.3RE/bin/../lib/gcc/arm-none-eabi/14.3.1/thumb/v7e-m+dp/hard\libgcc.a(_aeabi_uldivmod.o)
                0x080001f8                __aeabi_uldivmod
 .text          0x08000228        0x4 C:/PROGRA~2/ARMGNU~1/142BCE~1.3RE/bin/../lib/gcc/arm-none-eabi/14.3.1/thumb/v7e-m+dp/hard\libgcc.a(_dvmd_tls.o)
                0x08000228                __aeabi_idiv0
                0x08000228                __aeabi_ldiv0
 *(.text*)
 .text.deregister_tm_clones
                0x0800022c       0x1c C:/PROGRA~2/ARMGNU~1/142BCE~1.3RE/bin/../lib/gcc/arm-none-eabi/14.3.1/thumb/v7e-m+dp/hard/crtbegin.o
 .text.register_tm_clones
                0x08000248       0x24 C:/PROGRA~2/ARMGNU~1/142BCE~1.3RE/bin/../lib/gcc/arm-none-eabi/14.3.1/thumb/v7e-m+dp/hard/crtbegin.o
 .text.__do_global_dtors_aux
                0x0800026c       0x28 C:/PROGRA~2/ARMGNU~1/142BCE~1.3RE/bin/../lib/gcc/arm-none-eabi/14.3.1/thumb/v7e-m+dp/hard/crtbegin.o
 .text.frame_dummy
                0x08000294       0x24 C:/PROGRA~2/ARMGNU~1/142BCE~1.3RE/bin/../lib/gcc/arm-none-eabi/14.3.1/thumb/v7e-m+dp/hard/crtbegin.o
 .text.SystemInit
                0x080002b8       0x24 cmake/stm32cubemx/CMakeFiles/STM32_Drivers.dir/__/__/Core/Src/system_stm32f7xx.c.obj
                0x080002b8                SystemInit
 .text.__NVIC_SetPriorityGrouping
                0x080002dc       0x48 cmake/stm32cubemx/CMakeFiles/STM32_Drivers.dir/__/__/Drivers/STM32F7xx_HAL_Driver/Src/stm32f7xx_hal_cortex.c.obj
 .text.__NVIC_GetPriorityGrouping
                0x08000324       0x1c cmake/stm32cubemx/CMakeFiles/STM32_Drivers.dir/__/__/Drivers/STM32F7xx_HAL_Driver/Src/stm32f7xx_hal_cortex.c.obj
 .text.__NVIC_SetPriority
                0x08000340       0x54 cmake/stm32cubemx/CMakeFiles/STM32_Drivers.dir/__/__/Drivers/STM32F7xx_HAL_Driver/Src/stm32f7xx_hal_cortex.c.obj
 .text.NVIC_EncodePriority
                0x08000394       0x66 cmake/stm32cubemx/CMakeFiles/STM32_Drivers.dir/__/__/Drivers/STM32F7xx_HAL_Driver/Src/stm32f7xx_hal_cortex.c.obj
 *fill*         0x080003fa        0x2 
 .text.SysTick_Config
                0x080003fc       0x44 cmake/stm32cubemx/CMakeFiles/STM32_Drivers.dir/__/__/Drivers/STM32F7xx_HAL_Driver/Src/stm32f7xx_hal_cortex.c.obj
 .text.HAL_NVIC_SetPriorityGrouping
                0x08000440       0x16 cmake/stm32cubemx/CMakeFiles/STM32_Drivers.dir/__/__/Drivers/STM32F7xx_HAL_Driver/Src/stm32f7xx_hal_cortex.c.obj
                0x08000440                HAL_NVIC_SetPriorityGrouping
 .text.HAL_NVIC_SetPriority
                0x08000456       0x38 cmake/stm32cubemx/CMakeFiles/STM32_Drivers.dir/__/__/Drivers/STM32F7xx_HAL_Driver/Src/stm32f7xx_hal_cortex.c.obj
                0x08000456                HAL_NVIC_SetPriority
 .text.HAL_SYSTICK_Config
                0x0800048e       0x18 cmake/stm32cubemx/CMakeFiles/STM32_Drivers.dir/__/__/Drivers/STM32F7xx_HAL_Driver/Src/stm32f7xx_hal_cortex.c.obj
                0x0800048e                HAL_SYSTICK_Config
 *fill*         0x080004a6        0x2 
 .text.HAL_MPU_Disable
                0x080004a8       0x30 cmake/stm32cubemx/CMakeFiles/STM32_Drivers.dir/__/__/Drivers/STM32F7xx_HAL_Driver/Src/stm32f7xx_hal_cortex.c.obj
                0x080004a8                HAL_MPU_Disable
 .text.HAL_MPU_Enable
                0x080004d8       0x40 cmake/stm32cubemx/CMakeFiles/STM32_Drivers.dir/__/__/Drivers/STM32F7xx_HAL_Driver/Src/stm32f7xx_hal_cortex.c.obj
                0x080004d8                HAL_MPU_Enable
 .text.HAL_MPU_ConfigRegion
                0x08000518       0x80 cmake/stm32cubemx/CMakeFiles/STM32_Drivers.dir/__/__/Drivers/STM32F7xx_HAL_Driver/Src/stm32f7xx_hal_cortex.c.obj
                0x08000518                HAL_MPU_ConfigRegion
 .text.HAL_I2C_Init
                0x08000598      0x138 cmake/stm32cubemx/CMakeFiles/STM32_Drivers.dir/__/__/Drivers/STM32F7xx_HAL_Driver/Src/stm32f7xx_hal_i2c.c.obj
                0x08000598                HAL_I2C_Init
 .text.HAL_I2CEx_ConfigAnalogFilter
                0x080006d0       0x96 cmake/stm32cubemx/CMakeFiles/STM32_Drivers.dir/__/__/Drivers/STM32F7xx_HAL_Driver/Src/stm32f7xx_hal_i2c_ex.c.obj
                0x080006d0                HAL_I2CEx_ConfigAnalogFilter
 .text.HAL_I2CEx_ConfigDigitalFilter
                0x08000766       0x98 cmake/stm32cubemx/CMakeFiles/STM32_Drivers.dir/__/__/Drivers/STM32F7xx_HAL_Driver/Src/stm32f7xx_hal_i2c_ex.c.obj
                0x08000766                HAL_I2CEx_ConfigDigitalFilter
 *fill*         0x080007fe        0x2 
 .text.HAL_RCC_OscConfig
                0x08000800      0x55c cmake/stm32cubemx/CMakeFiles/STM32_Drivers.dir/__/__/Drivers/STM32F7xx_HAL_Driver/Src/stm32f7xx_hal_rcc.c.obj
                0x08000800                HAL_RCC_OscConfig
 .text.HAL_RCC_ClockConfig
                0x08000d5c      0x1d8 cmake/stm32cubemx/CMakeFiles/STM32_Drivers.dir/__/__/Drivers/STM32F7xx_HAL_Driver/Src/stm32f7xx_hal_rcc.c.obj
                0x08000d5c                HAL_RCC_ClockConfig
 .text.HAL_RCC_GetSysClockFreq
                0x08000f34      0x188 cmake/stm32cubemx/CMakeFiles/STM32_Drivers.dir/__/__/Drivers/STM32F7xx_HAL_Driver/Src/stm32f7xx_hal_rcc.c.obj
                0x08000f34                HAL_RCC_GetSysClockFreq
 .text.HAL_RCCEx_PeriphCLKConfig
                0x080010bc      0x850 cmake/stm32cubemx/CMakeFiles/STM32_Drivers.dir/__/__/Drivers/STM32F7xx_HAL_Driver/Src/stm32f7xx_hal_rcc_ex.c.obj
                0x080010bc                HAL_RCCEx_PeriphCLKConfig
 .text.HAL_GPIO_Init
                0x0800190c      0x358 cmake/stm32cubemx/CMakeFiles/STM32_Drivers.dir/__/__/Drivers/STM32F7xx_HAL_Driver/Src/stm32f7xx_hal_gpio.c.obj
                0x0800190c                HAL_GPIO_Init
 .text.HAL_GPIO_WritePin
                0x08001c64       0x32 cmake/stm32cubemx/CMakeFiles/STM32_Drivers.dir/__/__/Drivers/STM32F7xx_HAL_Driver/Src/stm32f7xx_hal_gpio.c.obj
                0x08001c64                HAL_GPIO_WritePin
 .text.HAL_GPIO_TogglePin
                0x08001c96       0x34 cmake/stm32cubemx/CMakeFiles/STM32_Drivers.dir/__/__/Drivers/STM32F7xx_HAL_Driver/Src/stm32f7xx_hal_gpio.c.obj
                0x08001c96                HAL_GPIO_TogglePin
 .text.HAL_Init
                0x08001cca       0x1a cmake/stm32cubemx/CMakeFiles/STM32_Drivers.dir/__/__/Drivers/STM32F7xx_HAL_Driver/Src/stm32f7xx_hal.c.obj
                0x08001cca                HAL_Init
 .text.HAL_InitTick
                0x08001ce4       0x60 cmake/stm32cubemx/CMakeFiles/STM32_Drivers.dir/__/__/Drivers/STM32F7xx_HAL_Driver/Src/stm32f7xx_hal.c.obj
                0x08001ce4                HAL_InitTick
 .text.HAL_IncTick
                0x08001d44       0x28 cmake/stm32cubemx/CMakeFiles/STM32_Drivers.dir/__/__/Drivers/STM32F7xx_HAL_Driver/Src/stm32f7xx_hal.c.obj
                0x08001d44                HAL_IncTick
 .text.HAL_GetTick
                0x08001d6c       0x18 cmake/stm32cubemx/CMakeFiles/STM32_Drivers.dir/__/__/Drivers/STM32F7xx_HAL_Driver/Src/stm32f7xx_hal.c.obj
                0x08001d6c                HAL_GetTick
 .text.main     0x08001d84       0x22 CMakeFiles/stm32_blinking_led.dir/Core/Src/main.c.obj
                0x08001d84                main
 *fill*         0x08001da6        0x2 
 .text.SystemClock_Config
                0x08001da8       0xb8 CMakeFiles/stm32_blinking_led.dir/Core/Src/main.c.obj
                0x08001da8                SystemClock_Config
 .text.MX_I2C2_Init
                0x08001e60       0x80 CMakeFiles/stm32_blinking_led.dir/Core/Src/main.c.obj
 .text.MX_GPIO_Init
                0x08001ee0       0xb0 CMakeFiles/stm32_blinking_led.dir/Core/Src/main.c.obj
 .text.MPU_Config
                0x08001f90       0x58 CMakeFiles/stm32_blinking_led.dir/Core/Src/main.c.obj
 .text.Error_Handler
                0x08001fe8        0xc CMakeFiles/stm32_blinking_led.dir/Core/Src/main.c.obj
                0x08001fe8                Error_Handler
 .text.NMI_Handler
                0x08001ff4        0x8 CMakeFiles/stm32_blinking_led.dir/Core/Src/stm32f7xx_it.c.obj
                0x08001ff4                NMI_Handler
 .text.HardFault_Handler
                0x08001ffc        0x8 CMakeFiles/stm32_blinking_led.dir/Core/Src/stm32f7xx_it.c.obj
                0x08001ffc                HardFault_Handler
 .text.MemManage_Handler
                0x08002004        0x8 CMakeFiles/stm32_blinking_led.dir/Core/Src/stm32f7xx_it.c.obj
                0x08002004                MemManage_Handler
 .text.BusFault_Handler
                0x0800200c        0x8 CMakeFiles/stm32_blinking_led.dir/Core/Src/stm32f7xx_it.c.obj
                0x0800200c                BusFault_Handler
 .text.UsageFault_Handler
                0x08002014        0x8 CMakeFiles/stm32_blinking_led.dir/Core/Src/stm32f7xx_it.c.obj
                0x08002014                UsageFault_Handler
 .text.SVC_Handler
                0x0800201c        0xe CMakeFiles/stm32_blinking_led.dir/Core/Src/stm32f7xx_it.c.obj
                0x0800201c                SVC_Handler
 .text.DebugMon_Handler
                0x0800202a        0xe CMakeFiles/stm32_blinking_led.dir/Core/Src/stm32f7xx_it.c.obj
                0x0800202a                DebugMon_Handler
 .text.PendSV_Handler
                0x08002038        0xe CMakeFiles/stm32_blinking_led.dir/Core/Src/stm32f7xx_it.c.obj
                0x08002038                PendSV_Handler
 .text.SysTick_Handler
                0x08002046        0xc CMakeFiles/stm32_blinking_led.dir/Core/Src/stm32f7xx_it.c.obj
                0x08002046                SysTick_Handler
 *fill*         0x08002052        0x2 
 .text.HAL_MspInit
                0x08002054       0x48 CMakeFiles/stm32_blinking_led.dir/Core/Src/stm32f7xx_hal_msp.c.obj
                0x08002054                HAL_MspInit
 .text.HAL_I2C_MspInit
                0x0800209c       0xbc CMakeFiles/stm32_blinking_led.dir/Core/Src/stm32f7xx_hal_msp.c.obj
                0x0800209c                HAL_I2C_MspInit
 .text.Reset_Handler
                0x08002158       0x50 CMakeFiles/stm32_blinking_led.dir/startup_stm32f767xx.s.obj
                0x08002158                Reset_Handler
 .text.Default_Handler
                0x080021a8        0x2 CMakeFiles/stm32_blinking_led.dir/startup_stm32f767xx.s.obj
                0x080021a8                RTC_Alarm_IRQHandler
                0x080021a8                EXTI2_IRQHandler
                0x080021a8                TIM8_CC_IRQHandler
                0x080021a8                UART8_IRQHandler
                0x080021a8                SPI4_IRQHandler
                0x080021a8                TIM1_CC_IRQHandler
                0x080021a8                DMA2_Stream5_IRQHandler
                0x080021a8                JPEG_IRQHandler
                0x080021a8                DMA1_Stream5_IRQHandler
                0x080021a8                CAN3_RX1_IRQHandler
                0x080021a8                PVD_IRQHandler
                0x080021a8                TAMP_STAMP_IRQHandler
                0x080021a8                CAN2_RX1_IRQHandler
                0x080021a8                EXTI3_IRQHandler
                0x080021a8                TIM8_TRG_COM_TIM14_IRQHandler
                0x080021a8                DFSDM1_FLT1_IRQHandler
                0x080021a8                TIM1_UP_TIM10_IRQHandler
                0x080021a8                TIM8_UP_TIM13_IRQHandler
                0x080021a8                I2C3_ER_IRQHandler
                0x080021a8                DFSDM1_FLT2_IRQHandler
                0x080021a8                EXTI0_IRQHandler
                0x080021a8                I2C2_EV_IRQHandler
                0x080021a8                DMA1_Stream2_IRQHandler
                0x080021a8                CAN1_RX0_IRQHandler
                0x080021a8                FPU_IRQHandler
                0x080021a8                OTG_HS_WKUP_IRQHandler
                0x080021a8                CAN3_SCE_IRQHandler
                0x080021a8                LTDC_ER_IRQHandler
                0x080021a8                CAN2_SCE_IRQHandler
                0x080021a8                DMA2_Stream2_IRQHandler
                0x080021a8                SPI1_IRQHandler
                0x080021a8                TIM6_DAC_IRQHandler
                0x080021a8                TIM1_BRK_TIM9_IRQHandler
                0x080021a8                DCMI_IRQHandler
                0x080021a8                CAN2_RX0_IRQHandler
                0x080021a8                DMA2_Stream3_IRQHandler
                0x080021a8                SAI2_IRQHandler
                0x080021a8                DFSDM1_FLT3_IRQHandler
                0x080021a8                USART6_IRQHandler
                0x080021a8                CAN3_RX0_IRQHandler
                0x080021a8                USART3_IRQHandler
                0x080021a8                CAN1_RX1_IRQHandler
                0x080021a8                UART5_IRQHandler
                0x080021a8                DMA2_Stream0_IRQHandler
                0x080021a8                TIM4_IRQHandler
                0x080021a8                QUADSPI_IRQHandler
                0x080021a8                I2C1_EV_IRQHandler
                0x080021a8                DMA1_Stream6_IRQHandler
                0x080021a8                DMA1_Stream1_IRQHandler
                0x080021a8                UART4_IRQHandler
                0x080021a8                TIM3_IRQHandler
                0x080021a8                RCC_IRQHandler
                0x080021a8                TIM8_BRK_TIM12_IRQHandler
                0x080021a8                Default_Handler
                0x080021a8                CEC_IRQHandler
                0x080021a8                EXTI15_10_IRQHandler
                0x080021a8                ADC_IRQHandler
                0x080021a8                DMA1_Stream7_IRQHandler
                0x080021a8                SPI5_IRQHandler
                0x080021a8                TIM7_IRQHandler
                0x080021a8                SDMMC1_IRQHandler
                0x080021a8                CAN2_TX_IRQHandler
                0x080021a8                TIM5_IRQHandler
                0x080021a8                DMA2_Stream7_IRQHandler
                0x080021a8                I2C3_EV_IRQHandler
                0x080021a8                EXTI9_5_IRQHandler
                0x080021a8                RTC_WKUP_IRQHandler
                0x080021a8                LTDC_IRQHandler
                0x080021a8                ETH_WKUP_IRQHandler
                0x080021a8                SPDIF_RX_IRQHandler
                0x080021a8                SPI2_IRQHandler
                0x080021a8                OTG_HS_EP1_IN_IRQHandler
                0x080021a8                DMA1_Stream0_IRQHandler
                0x080021a8                CAN1_TX_IRQHandler
                0x080021a8                EXTI4_IRQHandler
                0x080021a8                RNG_IRQHandler
                0x080021a8                ETH_IRQHandler
                0x080021a8                OTG_HS_EP1_OUT_IRQHandler
                0x080021a8                WWDG_IRQHandler
                0x080021a8                SPI6_IRQHandler
                0x080021a8                MDIOS_IRQHandler
                0x080021a8                I2C4_EV_IRQHandler
                0x080021a8                CAN3_TX_IRQHandler
                0x080021a8                TIM2_IRQHandler
                0x080021a8                OTG_FS_WKUP_IRQHandler
                0x080021a8                TIM1_TRG_COM_TIM11_IRQHandler
                0x080021a8                OTG_HS_IRQHandler
                0x080021a8                DMA2D_IRQHandler
                0x080021a8                EXTI1_IRQHandler
                0x080021a8                SDMMC2_IRQHandler
                0x080021a8                UART7_IRQHandler
                0x080021a8                USART2_IRQHandler
                0x080021a8                DFSDM1_FLT0_IRQHandler
                0x080021a8                I2C2_ER_IRQHandler
                0x080021a8                DMA2_Stream1_IRQHandler
                0x080021a8                CAN1_SCE_IRQHandler
                0x080021a8                FLASH_IRQHandler
                0x080021a8                DMA2_Stream4_IRQHandler
                0x080021a8                USART1_IRQHandler
                0x080021a8                OTG_FS_IRQHandler
                0x080021a8                SPI3_IRQHandler
                0x080021a8                DMA1_Stream4_IRQHandler
                0x080021a8                I2C1_ER_IRQHandler
                0x080021a8                FMC_IRQHandler
                0x080021a8                LPTIM1_IRQHandler
                0x080021a8                I2C4_ER_IRQHandler
                0x080021a8                DMA2_Stream6_IRQHandler
                0x080021a8                SAI1_IRQHandler
                0x080021a8                DMA1_Stream3_IRQHandler
 .text.app_init
                0x080021aa        0xc CMakeFiles/stm32_blinking_led.dir/app/app.c.obj
                0x080021aa                app_init
 .text.app_run  0x080021b6        0xc CMakeFiles/stm32_blinking_led.dir/app/app.c.obj
                0x080021b6                app_run
 *fill*         0x080021c2        0x2 
 .text.blinky_init
                0x080021c4       0x18 CMakeFiles/stm32_blinking_led.dir/app/features/feat_blinky.c.obj
                0x080021c4                blinky_init
 .text.blinky_run
                0x080021dc       0x40 CMakeFiles/stm32_blinking_led.dir/app/features/feat_blinky.c.obj
                0x080021dc                blinky_run
 .text.feature_init
                0x0800221c        0xc CMakeFiles/stm32_blinking_led.dir/app/features/feature.c.obj
                0x0800221c                feature_init
 .text.feature_run
                0x08002228        0xc CMakeFiles/stm32_blinking_led.dir/app/features/feature.c.obj
                0x08002228                feature_run
 .text.__udivmoddi4
                0x08002234      0x2f8 C:/PROGRA~2/ARMGNU~1/142BCE~1.3RE/bin/../lib/gcc/arm-none-eabi/14.3.1/thumb/v7e-m+dp/hard\libgcc.a(_udivmoddi4.o)
                0x08002234                __udivmoddi4
 .text.memset   0x0800252c       0x10 C:/PROGRA~2/ARMGNU~1/142BCE~1.3RE/bin/../lib/gcc/arm-none-eabi/14.3.1/../../../../arm-none-eabi/lib/thumb/v7e-m+dp/hard\libg_nano.a(libc_a-memset.o)
                0x0800252c                memset
 .text.__libc_init_array
                0x0800253c       0x48 C:/PROGRA~2/ARMGNU~1/142BCE~1.3RE/bin/../lib/gcc/arm-none-eabi/14.3.1/../../../../arm-none-eabi/lib/thumb/v7e-m+dp/hard\libg_nano.a(libc_a-init.o)
                0x0800253c                __libc_init_array
 *(.glue_7)
 .glue_7        0x08002584        0x0 linker stubs
 *(.glue_7t)
 .glue_7t       0x08002584        0x0 linker stubs
 *(.eh_frame)
 .eh_frame      0x08002584        0x0 C:/PROGRA~2/ARMGNU~1/142BCE~1.3RE/bin/../lib/gcc/arm-none-eabi/14.3.1/thumb/v7e-m+dp/hard/crtbegin.o
 *(.init)
 .init          0x08002584        0x4 C:/PROGRA~2/ARMGNU~1/142BCE~1.3RE/bin/../lib/gcc/arm-none-eabi/14.3.1/thumb/v7e-m+dp/hard/crti.o
                0x08002584                _init
 .init          0x08002588        0x8 C:/PROGRA~2/ARMGNU~1/142BCE~1.3RE/bin/../lib/gcc/arm-none-eabi/14.3.1/thumb/v7e-m+dp/hard/crtn.o
 *(.fini)
 .fini          0x08002590        0x4 C:/PROGRA~2/ARMGNU~1/142BCE~1.3RE/bin/../lib/gcc/arm-none-eabi/14.3.1/thumb/v7e-m+dp/hard/crti.o
                0x08002590                _fini
 .fini          0x08002594        0x8 C:/PROGRA~2/ARMGNU~1/142BCE~1.3RE/bin/../lib/gcc/arm-none-eabi/14.3.1/thumb/v7e-m+dp/hard/crtn.o
                0x0800259c                        . = ALIGN (0x4)
                0x0800259c                        _etext = .

.vfp11_veneer   0x0800259c        0x0
 .vfp11_veneer  0x0800259c        0x0 linker stubs

.v4_bx          0x0800259c        0x0
 .v4_bx         0x0800259c        0x0 linker stubs

.iplt           0x0800259c        0x0
 .iplt          0x0800259c        0x0 C:/PROGRA~2/ARMGNU~1/142BCE~1.3RE/bin/../lib/gcc/arm-none-eabi/14.3.1/thumb/v7e-m+dp/hard/crtbegin.o

.rodata         0x0800259c       0x10
                0x0800259c                        . = ALIGN (0x4)
 *(.rodata)
 *(.rodata*)
 .rodata.AHBPrescTable
                0x0800259c       0x10 cmake/stm32cubemx/CMakeFiles/STM32_Drivers.dir/__/__/Core/Src/system_stm32f7xx.c.obj
                0x0800259c                AHBPrescTable
                0x080025ac                        . = ALIGN (0x4)

.ARM.extab      0x080025ac        0x0
                0x080025ac                        . = ALIGN (0x4)
 *(.ARM.extab* .gnu.linkonce.armextab.*)
                0x080025ac                        . = ALIGN (0x4)

.ARM            0x080025ac        0x8
                0x080025ac                        . = ALIGN (0x4)
                0x080025ac                        __exidx_start = .
 *(.ARM.exidx*)
 .ARM.exidx.text.__udivmoddi4
                0x080025ac        0x8 C:/PROGRA~2/ARMGNU~1/142BCE~1.3RE/bin/../lib/gcc/arm-none-eabi/14.3.1/thumb/v7e-m+dp/hard\libgcc.a(_udivmoddi4.o)
                0x080025b4                        __exidx_end = .
                0x080025b4                        . = ALIGN (0x4)

.preinit_array  0x080025b4        0x0
                0x080025b4                        . = ALIGN (0x4)
                0x080025b4                        PROVIDE (__preinit_array_start = .)
 *(.preinit_array*)
                0x080025b4                        PROVIDE (__preinit_array_end = .)
                0x080025b4                        . = ALIGN (0x4)

.init_array     0x080025b4        0x4
                0x080025b4                        . = ALIGN (0x4)
                0x080025b4                        PROVIDE (__init_array_start = .)
 *(SORT_BY_NAME(.init_array.*))
 *(.init_array*)
 .init_array    0x080025b4        0x4 C:/PROGRA~2/ARMGNU~1/142BCE~1.3RE/bin/../lib/gcc/arm-none-eabi/14.3.1/thumb/v7e-m+dp/hard/crtbegin.o
                0x080025b8                        PROVIDE (__init_array_end = .)
                0x080025b8                        . = ALIGN (0x4)

.fini_array     0x080025b8        0x4
                0x080025b8                        . = ALIGN (0x4)
                [!provide]                        PROVIDE (__fini_array_start = .)
 *(SORT_BY_NAME(.fini_array.*))
 *(.fini_array*)
 .fini_array    0x080025b8        0x4 C:/PROGRA~2/ARMGNU~1/142BCE~1.3RE/bin/../lib/gcc/arm-none-eabi/14.3.1/thumb/v7e-m+dp/hard/crtbegin.o
                [!provide]                        PROVIDE (__fini_array_end = .)
                0x080025bc                        . = ALIGN (0x4)
                0x080025bc                        _sidata = LOADADDR (.data)

.rel.dyn        0x080025bc        0x0
 .rel.iplt      0x080025bc        0x0 C:/PROGRA~2/ARMGNU~1/142BCE~1.3RE/bin/../lib/gcc/arm-none-eabi/14.3.1/thumb/v7e-m+dp/hard/crtbegin.o

.data           0x20000000       0x10 load address 0x080025bc
                0x20000000                        . = ALIGN (0x4)
                0x20000000                        _sdata = .
 *(.data)
 *(.data*)
 .data.SystemCoreClock
                0x20000000        0x4 cmake/stm32cubemx/CMakeFiles/STM32_Drivers.dir/__/__/Core/Src/system_stm32f7xx.c.obj
                0x20000000                SystemCoreClock
 .data.uwTickPrio
                0x20000004        0x4 cmake/stm32cubemx/CMakeFiles/STM32_Drivers.dir/__/__/Drivers/STM32F7xx_HAL_Driver/Src/stm32f7xx_hal.c.obj
                0x20000004                uwTickPrio
 .data.uwTickFreq
                0x20000008        0x1 cmake/stm32cubemx/CMakeFiles/STM32_Drivers.dir/__/__/Drivers/STM32F7xx_HAL_Driver/Src/stm32f7xx_hal.c.obj
                0x20000008                uwTickFreq
 *fill*         0x20000009        0x3 
 .data.interval_ms
                0x2000000c        0x4 CMakeFiles/stm32_blinking_led.dir/app/features/feat_blinky.c.obj
 *(.RamFunc)
 *(.RamFunc*)
                0x20000010                        . = ALIGN (0x4)

.tm_clone_table
                0x20000010        0x0 load address 0x080025cc
 .tm_clone_table
                0x20000010        0x0 C:/PROGRA~2/ARMGNU~1/142BCE~1.3RE/bin/../lib/gcc/arm-none-eabi/14.3.1/thumb/v7e-m+dp/hard/crtbegin.o
 .tm_clone_table
                0x20000010        0x0 C:/PROGRA~2/ARMGNU~1/142BCE~1.3RE/bin/../lib/gcc/arm-none-eabi/14.3.1/thumb/v7e-m+dp/hard/crtend.o

.igot.plt       0x20000010        0x0 load address 0x080025cc
 .igot.plt      0x20000010        0x0 C:/PROGRA~2/ARMGNU~1/142BCE~1.3RE/bin/../lib/gcc/arm-none-eabi/14.3.1/thumb/v7e-m+dp/hard/crtbegin.o

.tdata          0x20000010        0x0 load address 0x080025cc
 *(.tdata .tdata.* .gnu.linkonce.td.*)
                0x20000010                        . = ALIGN (0x4)
                0x20000010                        _edata = .
                [!provide]                        PROVIDE (__data_end = .)
                [!provide]                        PROVIDE (__tdata_end = .)
                [!provide]                        PROVIDE (__tdata_start = ADDR (.tdata))
                [!provide]                        PROVIDE (__tdata_size = (__tdata_end - __tdata_start))
                [!provide]                        PROVIDE (__data_start = ADDR (.data))
                [!provide]                        PROVIDE (__data_size = (__data_end - __data_start))
                [!provide]                        PROVIDE (__tdata_source = LOADADDR (.tdata))
                [!provide]                        PROVIDE (__tdata_source_end = (LOADADDR (.tdata) + SIZEOF (.tdata)))
                [!provide]                        PROVIDE (__tdata_source_size = (__tdata_source_end - __tdata_source))
                [!provide]                        PROVIDE (__data_source = LOADADDR (.data))
                [!provide]                        PROVIDE (__data_source_end = __tdata_source_end)
                [!provide]                        PROVIDE (__data_source_size = (__data_source_end - __data_source))

.tbss           0x20000010        0x0 load address 0x080025cc
                0x20000010                        _sbss = .
                0x20000010                        __bss_start__ = _sbss
 *(.tbss .tbss.*)
                0x20000010                        . = ALIGN (0x4)
                [!provide]                        PROVIDE (__tbss_end = .)
                [!provide]                        PROVIDE (__tbss_start = ADDR (.tbss))
                [!provide]                        PROVIDE (__tbss_size = (__tbss_end - __tbss_start))
                [!provide]                        PROVIDE (__tbss_offset = (ADDR (.tbss) - ADDR (.tdata)))
                [!provide]                        PROVIDE (__tls_base = __tdata_start)
                [!provide]                        PROVIDE (__tls_end = __tbss_end)
                [!provide]                        PROVIDE (__tls_size = (__tls_end - __tls_base))
                [!provide]                        PROVIDE (__tls_align = MAX (ALIGNOF (.tdata), ALIGNOF (.tbss)))
                [!provide]                        PROVIDE (__tls_size_align = (((__tls_size + __tls_align) - 0x1) & ~ ((__tls_align - 0x1))))
                [!provide]                        PROVIDE (__arm32_tls_tcb_offset = MAX (0x8, __tls_align))
                [!provide]                        PROVIDE (__arm64_tls_tcb_offset = MAX (0x10, __tls_align))

.bss            0x20000010       0x78 load address 0x080025cc
 *(.bss)
 *(.bss*)
 .bss.completed.1
                0x20000010        0x1 C:/PROGRA~2/ARMGNU~1/142BCE~1.3RE/bin/../lib/gcc/arm-none-eabi/14.3.1/thumb/v7e-m+dp/hard/crtbegin.o
 *fill*         0x20000011        0x3 
 .bss.object.0  0x20000014       0x18 C:/PROGRA~2/ARMGNU~1/142BCE~1.3RE/bin/../lib/gcc/arm-none-eabi/14.3.1/thumb/v7e-m+dp/hard/crtbegin.o
 .bss.uwTick    0x2000002c        0x4 cmake/stm32cubemx/CMakeFiles/STM32_Drivers.dir/__/__/Drivers/STM32F7xx_HAL_Driver/Src/stm32f7xx_hal.c.obj
                0x2000002c                uwTick
 .bss.hi2c2     0x20000030       0x54 CMakeFiles/stm32_blinking_led.dir/Core/Src/main.c.obj
                0x20000030                hi2c2
 .bss.last_toggle
                0x20000084        0x4 CMakeFiles/stm32_blinking_led.dir/app/features/feat_blinky.c.obj
 *(COMMON)
                0x20000088                        . = ALIGN (0x4)
                0x20000088                        _ebss = .
                0x20000088                        __bss_end__ = _ebss
                [!provide]                        PROVIDE (__bss_end = .)
                [!provide]                        PROVIDE (__non_tls_bss_start = ADDR (.bss))
                [!provide]                        PROVIDE (__bss_start = __tbss_start)
                [!provide]                        PROVIDE (__bss_size = (__bss_end - __bss_start))

._user_heap_stack
                0x20000088      0x600 load address 0x080025cc
                0x20000088                        . = ALIGN (0x8)
                [!provide]                        PROVIDE (end = .)
                0x20000088                        PROVIDE (_end = .)
                0x20000288                        . = (. + _Min_Heap_Size)
 *fill*         0x20000088      0x200 
                0x20000688                        . = (. + _Min_Stack_Size)
 *fill*         0x20000288      0x400 
                0x20000688                        . = ALIGN (0x8)

/DISCARD/
 libc.a:*(*)
 libm.a:*(*)
 libgcc.a:*(*)
OUTPUT(stm32_blinking_led.elf elf32-littlearm)
LOAD linker stubs

.ARM.attributes
                0x00000000       0x2e
 .ARM.attributes
                0x00000000       0x20 C:/PROGRA~2/ARMGNU~1/142BCE~1.3RE/bin/../lib/gcc/arm-none-eabi/14.3.1/thumb/v7e-m+dp/hard/crti.o
 .ARM.attributes
                0x00000020       0x32 C:/PROGRA~2/ARMGNU~1/142BCE~1.3RE/bin/../lib/gcc/arm-none-eabi/14.3.1/thumb/v7e-m+dp/hard/crtbegin.o
 .ARM.attributes
                0x00000052       0x32 cmake/stm32cubemx/CMakeFiles/STM32_Drivers.dir/__/__/Core/Src/system_stm32f7xx.c.obj
 .ARM.attributes
                0x00000084       0x32 cmake/stm32cubemx/CMakeFiles/STM32_Drivers.dir/__/__/Drivers/STM32F7xx_HAL_Driver/Src/stm32f7xx_hal_cortex.c.obj
 .ARM.attributes
                0x000000b6       0x32 cmake/stm32cubemx/CMakeFiles/STM32_Drivers.dir/__/__/Drivers/STM32F7xx_HAL_Driver/Src/stm32f7xx_hal_i2c.c.obj
 .ARM.attributes
                0x000000e8       0x32 cmake/stm32cubemx/CMakeFiles/STM32_Drivers.dir/__/__/Drivers/STM32F7xx_HAL_Driver/Src/stm32f7xx_hal_i2c_ex.c.obj
 .ARM.attributes
                0x0000011a       0x32 cmake/stm32cubemx/CMakeFiles/STM32_Drivers.dir/__/__/Drivers/STM32F7xx_HAL_Driver/Src/stm32f7xx_hal_rcc.c.obj
 .ARM.attributes
                0x0000014c       0x32 cmake/stm32cubemx/CMakeFiles/STM32_Drivers.dir/__/__/Drivers/STM32F7xx_HAL_Driver/Src/stm32f7xx_hal_rcc_ex.c.obj
 .ARM.attributes
                0x0000017e       0x32 cmake/stm32cubemx/CMakeFiles/STM32_Drivers.dir/__/__/Drivers/STM32F7xx_HAL_Driver/Src/stm32f7xx_hal_gpio.c.obj
 .ARM.attributes
                0x000001b0       0x32 cmake/stm32cubemx/CMakeFiles/STM32_Drivers.dir/__/__/Drivers/STM32F7xx_HAL_Driver/Src/stm32f7xx_hal.c.obj
 .ARM.attributes
                0x000001e2       0x32 CMakeFiles/stm32_blinking_led.dir/Core/Src/main.c.obj
 .ARM.attributes
                0x00000214       0x32 CMakeFiles/stm32_blinking_led.dir/Core/Src/stm32f7xx_it.c.obj
 .ARM.attributes
                0x00000246       0x32 CMakeFiles/stm32_blinking_led.dir/Core/Src/stm32f7xx_hal_msp.c.obj
 .ARM.attributes
                0x00000278       0x21 CMakeFiles/stm32_blinking_led.dir/startup_stm32f767xx.s.obj
 .ARM.attributes
                0x00000299       0x32 CMakeFiles/stm32_blinking_led.dir/app/app.c.obj
 .ARM.attributes
                0x000002cb       0x32 CMakeFiles/stm32_blinking_led.dir/app/features/feat_blinky.c.obj
 .ARM.attributes
                0x000002fd       0x32 CMakeFiles/stm32_blinking_led.dir/app/features/feature.c.obj
 .ARM.attributes
                0x0000032f       0x20 C:/PROGRA~2/ARMGNU~1/142BCE~1.3RE/bin/../lib/gcc/arm-none-eabi/14.3.1/thumb/v7e-m+dp/hard\libgcc.a(_aeabi_uldivmod.o)
 .ARM.attributes
                0x0000034f       0x32 C:/PROGRA~2/ARMGNU~1/142BCE~1.3RE/bin/../lib/gcc/arm-none-eabi/14.3.1/thumb/v7e-m+dp/hard\libgcc.a(_udivmoddi4.o)
 .ARM.attributes
                0x00000381       0x20 C:/PROGRA~2/ARMGNU~1/142BCE~1.3RE/bin/../lib/gcc/arm-none-eabi/14.3.1/thumb/v7e-m+dp/hard\libgcc.a(_dvmd_tls.o)
 .ARM.attributes
                0x000003a1       0x32 C:/PROGRA~2/ARMGNU~1/142BCE~1.3RE/bin/../lib/gcc/arm-none-eabi/14.3.1/../../../../arm-none-eabi/lib/thumb/v7e-m+dp/hard\libg_nano.a(libc_a-memset.o)
 .ARM.attributes
                0x000003d3       0x32 C:/PROGRA~2/ARMGNU~1/142BCE~1.3RE/bin/../lib/gcc/arm-none-eabi/14.3.1/../../../../arm-none-eabi/lib/thumb/v7e-m+dp/hard\libg_nano.a(libc_a-init.o)
 .ARM.attributes
                0x00000405       0x32 C:/PROGRA~2/ARMGNU~1/142BCE~1.3RE/bin/../lib/gcc/arm-none-eabi/14.3.1/thumb/v7e-m+dp/hard/crtend.o
 .ARM.attributes
                0x00000437       0x20 C:/PROGRA~2/ARMGNU~1/142BCE~1.3RE/bin/../lib/gcc/arm-none-eabi/14.3.1/thumb/v7e-m+dp/hard/crtn.o

.comment        0x00000000       0x46
 .comment       0x00000000       0x46 cmake/stm32cubemx/CMakeFiles/STM32_Drivers.dir/__/__/Core/Src/system_stm32f7xx.c.obj
                                 0x47 (size before relaxing)
 .comment       0x00000046       0x47 cmake/stm32cubemx/CMakeFiles/STM32_Drivers.dir/__/__/Drivers/STM32F7xx_HAL_Driver/Src/stm32f7xx_hal_cortex.c.obj
 .comment       0x00000046       0x47 cmake/stm32cubemx/CMakeFiles/STM32_Drivers.dir/__/__/Drivers/STM32F7xx_HAL_Driver/Src/stm32f7xx_hal_i2c.c.obj
 .comment       0x00000046       0x47 cmake/stm32cubemx/CMakeFiles/STM32_Drivers.dir/__/__/Drivers/STM32F7xx_HAL_Driver/Src/stm32f7xx_hal_i2c_ex.c.obj
 .comment       0x00000046       0x47 cmake/stm32cubemx/CMakeFiles/STM32_Drivers.dir/__/__/Drivers/STM32F7xx_HAL_Driver/Src/stm32f7xx_hal_rcc.c.obj
 .comment       0x00000046       0x47 cmake/stm32cubemx/CMakeFiles/STM32_Drivers.dir/__/__/Drivers/STM32F7xx_HAL_Driver/Src/stm32f7xx_hal_rcc_ex.c.obj
 .comment       0x00000046       0x47 cmake/stm32cubemx/CMakeFiles/STM32_Drivers.dir/__/__/Drivers/STM32F7xx_HAL_Driver/Src/stm32f7xx_hal_gpio.c.obj
 .comment       0x00000046       0x47 cmake/stm32cubemx/CMakeFiles/STM32_Drivers.dir/__/__/Drivers/STM32F7xx_HAL_Driver/Src/stm32f7xx_hal.c.obj
 .comment       0x00000046       0x47 CMakeFiles/stm32_blinking_led.dir/Core/Src/main.c.obj
 .comment       0x00000046       0x47 CMakeFiles/stm32_blinking_led.dir/Core/Src/stm32f7xx_it.c.obj
 .comment       0x00000046       0x47 CMakeFiles/stm32_blinking_led.dir/Core/Src/stm32f7xx_hal_msp.c.obj
 .comment       0x00000046       0x47 CMakeFiles/stm32_blinking_led.dir/app/app.c.obj
 .comment       0x00000046       0x47 CMakeFiles/stm32_blinking_led.dir/app/features/feat_blinky.c.obj
 .comment       0x00000046       0x47 CMakeFiles/stm32_blinking_led.dir/app/features/feature.c.obj

.debug_info     0x00000000     0x7fbe
 .debug_info    0x00000000      0x6ed cmake/stm32cubemx/CMakeFiles/STM32_Drivers.dir/__/__/Core/Src/system_stm32f7xx.c.obj
 .debug_info    0x000006ed      0xfc0 cmake/stm32cubemx/CMakeFiles/STM32_Drivers.dir/__/__/Drivers/STM32F7xx_HAL_Driver/Src/stm32f7xx_hal_cortex.c.obj
 .debug_info    0x000016ad     0x2147 cmake/stm32cubemx/CMakeFiles/STM32_Drivers.dir/__/__/Drivers/STM32F7xx_HAL_Driver/Src/stm32f7xx_hal_i2c.c.obj
 .debug_info    0x000037f4      0x92e cmake/stm32cubemx/CMakeFiles/STM32_Drivers.dir/__/__/Drivers/STM32F7xx_HAL_Driver/Src/stm32f7xx_hal_i2c_ex.c.obj
 .debug_info    0x00004122      0x94b cmake/stm32cubemx/CMakeFiles/STM32_Drivers.dir/__/__/Drivers/STM32F7xx_HAL_Driver/Src/stm32f7xx_hal_rcc.c.obj
 .debug_info    0x00004a6d      0x6e1 cmake/stm32cubemx/CMakeFiles/STM32_Drivers.dir/__/__/Drivers/STM32F7xx_HAL_Driver/Src/stm32f7xx_hal_rcc_ex.c.obj
 .debug_info    0x0000514e      0x6f3 cmake/stm32cubemx/CMakeFiles/STM32_Drivers.dir/__/__/Drivers/STM32F7xx_HAL_Driver/Src/stm32f7xx_hal_gpio.c.obj
 .debug_info    0x00005841      0xa4c cmake/stm32cubemx/CMakeFiles/STM32_Drivers.dir/__/__/Drivers/STM32F7xx_HAL_Driver/Src/stm32f7xx_hal.c.obj
 .debug_info    0x0000628d      0xd5c CMakeFiles/stm32_blinking_led.dir/Core/Src/main.c.obj
 .debug_info    0x00006fe9      0x112 CMakeFiles/stm32_blinking_led.dir/Core/Src/stm32f7xx_it.c.obj
 .debug_info    0x000070fb      0xc1e CMakeFiles/stm32_blinking_led.dir/Core/Src/stm32f7xx_hal_msp.c.obj
 .debug_info    0x00007d19       0x30 CMakeFiles/stm32_blinking_led.dir/startup_stm32f767xx.s.obj
 .debug_info    0x00007d49       0x57 CMakeFiles/stm32_blinking_led.dir/app/app.c.obj
 .debug_info    0x00007da0      0x1c7 CMakeFiles/stm32_blinking_led.dir/app/features/feat_blinky.c.obj
 .debug_info    0x00007f67       0x57 CMakeFiles/stm32_blinking_led.dir/app/features/feature.c.obj

.debug_abbrev   0x00000000     0x17b6
 .debug_abbrev  0x00000000      0x13b cmake/stm32cubemx/CMakeFiles/STM32_Drivers.dir/__/__/Core/Src/system_stm32f7xx.c.obj
 .debug_abbrev  0x0000013b      0x31e cmake/stm32cubemx/CMakeFiles/STM32_Drivers.dir/__/__/Drivers/STM32F7xx_HAL_Driver/Src/stm32f7xx_hal_cortex.c.obj
 .debug_abbrev  0x00000459      0x260 cmake/stm32cubemx/CMakeFiles/STM32_Drivers.dir/__/__/Drivers/STM32F7xx_HAL_Driver/Src/stm32f7xx_hal_i2c.c.obj
 .debug_abbrev  0x000006b9      0x19c cmake/stm32cubemx/CMakeFiles/STM32_Drivers.dir/__/__/Drivers/STM32F7xx_HAL_Driver/Src/stm32f7xx_hal_i2c_ex.c.obj
 .debug_abbrev  0x00000855      0x2de cmake/stm32cubemx/CMakeFiles/STM32_Drivers.dir/__/__/Drivers/STM32F7xx_HAL_Driver/Src/stm32f7xx_hal_rcc.c.obj
 .debug_abbrev  0x00000b33      0x1c9 cmake/stm32cubemx/CMakeFiles/STM32_Drivers.dir/__/__/Drivers/STM32F7xx_HAL_Driver/Src/stm32f7xx_hal_rcc_ex.c.obj
 .debug_abbrev  0x00000cfc      0x1d4 cmake/stm32cubemx/CMakeFiles/STM32_Drivers.dir/__/__/Drivers/STM32F7xx_HAL_Driver/Src/stm32f7xx_hal_gpio.c.obj
 .debug_abbrev  0x00000ed0      0x213 cmake/stm32cubemx/CMakeFiles/STM32_Drivers.dir/__/__/Drivers/STM32F7xx_HAL_Driver/Src/stm32f7xx_hal.c.obj
 .debug_abbrev  0x000010e3      0x2ab CMakeFiles/stm32_blinking_led.dir/Core/Src/main.c.obj
 .debug_abbrev  0x0000138e       0x73 CMakeFiles/stm32_blinking_led.dir/Core/Src/stm32f7xx_it.c.obj
 .debug_abbrev  0x00001401      0x1db CMakeFiles/stm32_blinking_led.dir/Core/Src/stm32f7xx_hal_msp.c.obj
 .debug_abbrev  0x000015dc       0x24 CMakeFiles/stm32_blinking_led.dir/startup_stm32f767xx.s.obj
 .debug_abbrev  0x00001600       0x46 CMakeFiles/stm32_blinking_led.dir/app/app.c.obj
 .debug_abbrev  0x00001646      0x12a CMakeFiles/stm32_blinking_led.dir/app/features/feat_blinky.c.obj
 .debug_abbrev  0x00001770       0x46 CMakeFiles/stm32_blinking_led.dir/app/features/feature.c.obj

.debug_aranges  0x00000000      0x7e0
 .debug_aranges
                0x00000000       0x28 cmake/stm32cubemx/CMakeFiles/STM32_Drivers.dir/__/__/Core/Src/system_stm32f7xx.c.obj
 .debug_aranges
                0x00000028      0x128 cmake/stm32cubemx/CMakeFiles/STM32_Drivers.dir/__/__/Drivers/STM32F7xx_HAL_Driver/Src/stm32f7xx_hal_cortex.c.obj
 .debug_aranges
                0x00000150      0x2a0 cmake/stm32cubemx/CMakeFiles/STM32_Drivers.dir/__/__/Drivers/STM32F7xx_HAL_Driver/Src/stm32f7xx_hal_i2c.c.obj
 .debug_aranges
                0x000003f0       0x38 cmake/stm32cubemx/CMakeFiles/STM32_Drivers.dir/__/__/Drivers/STM32F7xx_HAL_Driver/Src/stm32f7xx_hal_i2c_ex.c.obj
 .debug_aranges
                0x00000428       0x88 cmake/stm32cubemx/CMakeFiles/STM32_Drivers.dir/__/__/Drivers/STM32F7xx_HAL_Driver/Src/stm32f7xx_hal_rcc.c.obj
 .debug_aranges
                0x000004b0       0x50 cmake/stm32cubemx/CMakeFiles/STM32_Drivers.dir/__/__/Drivers/STM32F7xx_HAL_Driver/Src/stm32f7xx_hal_rcc_ex.c.obj
 .debug_aranges
                0x00000500       0x58 cmake/stm32cubemx/CMakeFiles/STM32_Drivers.dir/__/__/Drivers/STM32F7xx_HAL_Driver/Src/stm32f7xx_hal_gpio.c.obj
 .debug_aranges
                0x00000558      0x110 cmake/stm32cubemx/CMakeFiles/STM32_Drivers.dir/__/__/Drivers/STM32F7xx_HAL_Driver/Src/stm32f7xx_hal.c.obj
 .debug_aranges
                0x00000668       0x48 CMakeFiles/stm32_blinking_led.dir/Core/Src/main.c.obj
 .debug_aranges
                0x000006b0       0x60 CMakeFiles/stm32_blinking_led.dir/Core/Src/stm32f7xx_it.c.obj
 .debug_aranges
                0x00000710       0x30 CMakeFiles/stm32_blinking_led.dir/Core/Src/stm32f7xx_hal_msp.c.obj
 .debug_aranges
                0x00000740       0x28 CMakeFiles/stm32_blinking_led.dir/startup_stm32f767xx.s.obj
 .debug_aranges
                0x00000768       0x28 CMakeFiles/stm32_blinking_led.dir/app/app.c.obj
 .debug_aranges
                0x00000790       0x28 CMakeFiles/stm32_blinking_led.dir/app/features/feat_blinky.c.obj
 .debug_aranges
                0x000007b8       0x28 CMakeFiles/stm32_blinking_led.dir/app/features/feature.c.obj

.debug_rnglists
                0x00000000      0x5e7
 .debug_rnglists
                0x00000000       0x1a cmake/stm32cubemx/CMakeFiles/STM32_Drivers.dir/__/__/Core/Src/system_stm32f7xx.c.obj
 .debug_rnglists
                0x0000001a       0xda cmake/stm32cubemx/CMakeFiles/STM32_Drivers.dir/__/__/Drivers/STM32F7xx_HAL_Driver/Src/stm32f7xx_hal_cortex.c.obj
 .debug_rnglists
                0x000000f4      0x228 cmake/stm32cubemx/CMakeFiles/STM32_Drivers.dir/__/__/Drivers/STM32F7xx_HAL_Driver/Src/stm32f7xx_hal_i2c.c.obj
 .debug_rnglists
                0x0000031c       0x27 cmake/stm32cubemx/CMakeFiles/STM32_Drivers.dir/__/__/Drivers/STM32F7xx_HAL_Driver/Src/stm32f7xx_hal_i2c_ex.c.obj
 .debug_rnglists
                0x00000343       0x67 cmake/stm32cubemx/CMakeFiles/STM32_Drivers.dir/__/__/Drivers/STM32F7xx_HAL_Driver/Src/stm32f7xx_hal_rcc.c.obj
 .debug_rnglists
                0x000003aa       0x3c cmake/stm32cubemx/CMakeFiles/STM32_Drivers.dir/__/__/Drivers/STM32F7xx_HAL_Driver/Src/stm32f7xx_hal_rcc_ex.c.obj
 .debug_rnglists
                0x000003e6       0x3f cmake/stm32cubemx/CMakeFiles/STM32_Drivers.dir/__/__/Drivers/STM32F7xx_HAL_Driver/Src/stm32f7xx_hal_gpio.c.obj
 .debug_rnglists
                0x00000425       0xc7 cmake/stm32cubemx/CMakeFiles/STM32_Drivers.dir/__/__/Drivers/STM32F7xx_HAL_Driver/Src/stm32f7xx_hal.c.obj
 .debug_rnglists
                0x000004ec       0x34 CMakeFiles/stm32_blinking_led.dir/Core/Src/main.c.obj
 .debug_rnglists
                0x00000520       0x43 CMakeFiles/stm32_blinking_led.dir/Core/Src/stm32f7xx_it.c.obj
 .debug_rnglists
                0x00000563       0x20 CMakeFiles/stm32_blinking_led.dir/Core/Src/stm32f7xx_hal_msp.c.obj
 .debug_rnglists
                0x00000583       0x19 CMakeFiles/stm32_blinking_led.dir/startup_stm32f767xx.s.obj
 .debug_rnglists
                0x0000059c       0x19 CMakeFiles/stm32_blinking_led.dir/app/app.c.obj
 .debug_rnglists
                0x000005b5       0x19 CMakeFiles/stm32_blinking_led.dir/app/features/feat_blinky.c.obj
 .debug_rnglists
                0x000005ce       0x19 CMakeFiles/stm32_blinking_led.dir/app/features/feature.c.obj

.debug_macro    0x00000000    0x25aa5
 .debug_macro   0x00000000      0x1bb cmake/stm32cubemx/CMakeFiles/STM32_Drivers.dir/__/__/Core/Src/system_stm32f7xx.c.obj
 .debug_macro   0x000001bb      0xaf0 cmake/stm32cubemx/CMakeFiles/STM32_Drivers.dir/__/__/Core/Src/system_stm32f7xx.c.obj
 .debug_macro   0x00000cab       0x2e cmake/stm32cubemx/CMakeFiles/STM32_Drivers.dir/__/__/Core/Src/system_stm32f7xx.c.obj
 .debug_macro   0x00000cd9       0x3b cmake/stm32cubemx/CMakeFiles/STM32_Drivers.dir/__/__/Core/Src/system_stm32f7xx.c.obj
 .debug_macro   0x00000d14       0x22 cmake/stm32cubemx/CMakeFiles/STM32_Drivers.dir/__/__/Core/Src/system_stm32f7xx.c.obj
 .debug_macro   0x00000d36       0x8e cmake/stm32cubemx/CMakeFiles/STM32_Drivers.dir/__/__/Core/Src/system_stm32f7xx.c.obj
 .debug_macro   0x00000dc4       0x51 cmake/stm32cubemx/CMakeFiles/STM32_Drivers.dir/__/__/Core/Src/system_stm32f7xx.c.obj
 .debug_macro   0x00000e15      0x103 cmake/stm32cubemx/CMakeFiles/STM32_Drivers.dir/__/__/Core/Src/system_stm32f7xx.c.obj
 .debug_macro   0x00000f18       0x6a cmake/stm32cubemx/CMakeFiles/STM32_Drivers.dir/__/__/Core/Src/system_stm32f7xx.c.obj
 .debug_macro   0x00000f82      0x1df cmake/stm32cubemx/CMakeFiles/STM32_Drivers.dir/__/__/Core/Src/system_stm32f7xx.c.obj
 .debug_macro   0x00001161       0x1c cmake/stm32cubemx/CMakeFiles/STM32_Drivers.dir/__/__/Core/Src/system_stm32f7xx.c.obj
 .debug_macro   0x0000117d       0x22 cmake/stm32cubemx/CMakeFiles/STM32_Drivers.dir/__/__/Core/Src/system_stm32f7xx.c.obj
 .debug_macro   0x0000119f       0xd9 cmake/stm32cubemx/CMakeFiles/STM32_Drivers.dir/__/__/Core/Src/system_stm32f7xx.c.obj
 .debug_macro   0x00001278     0x12cd cmake/stm32cubemx/CMakeFiles/STM32_Drivers.dir/__/__/Core/Src/system_stm32f7xx.c.obj
 .debug_macro   0x00002545      0x11f cmake/stm32cubemx/CMakeFiles/STM32_Drivers.dir/__/__/Core/Src/system_stm32f7xx.c.obj
 .debug_macro   0x00002664       0x19 cmake/stm32cubemx/CMakeFiles/STM32_Drivers.dir/__/__/Core/Src/system_stm32f7xx.c.obj
 .debug_macro   0x0000267d    0x1aa23 cmake/stm32cubemx/CMakeFiles/STM32_Drivers.dir/__/__/Core/Src/system_stm32f7xx.c.obj
 .debug_macro   0x0001d0a0       0x6d cmake/stm32cubemx/CMakeFiles/STM32_Drivers.dir/__/__/Core/Src/system_stm32f7xx.c.obj
 .debug_macro   0x0001d10d      0x287 cmake/stm32cubemx/CMakeFiles/STM32_Drivers.dir/__/__/Core/Src/system_stm32f7xx.c.obj
 .debug_macro   0x0001d394     0x375e cmake/stm32cubemx/CMakeFiles/STM32_Drivers.dir/__/__/Core/Src/system_stm32f7xx.c.obj
 .debug_macro   0x00020af2      0x190 cmake/stm32cubemx/CMakeFiles/STM32_Drivers.dir/__/__/Core/Src/system_stm32f7xx.c.obj
 .debug_macro   0x00020c82       0x63 cmake/stm32cubemx/CMakeFiles/STM32_Drivers.dir/__/__/Core/Src/system_stm32f7xx.c.obj
 .debug_macro   0x00020ce5     0x1add cmake/stm32cubemx/CMakeFiles/STM32_Drivers.dir/__/__/Core/Src/system_stm32f7xx.c.obj
 .debug_macro   0x000227c2      0x6c4 cmake/stm32cubemx/CMakeFiles/STM32_Drivers.dir/__/__/Core/Src/system_stm32f7xx.c.obj
 .debug_macro   0x00022e86      0x18b cmake/stm32cubemx/CMakeFiles/STM32_Drivers.dir/__/__/Core/Src/system_stm32f7xx.c.obj
 .debug_macro   0x00023011      0x115 cmake/stm32cubemx/CMakeFiles/STM32_Drivers.dir/__/__/Core/Src/system_stm32f7xx.c.obj
 .debug_macro   0x00023126      0x26e cmake/stm32cubemx/CMakeFiles/STM32_Drivers.dir/__/__/Core/Src/system_stm32f7xx.c.obj
 .debug_macro   0x00023394       0xa5 cmake/stm32cubemx/CMakeFiles/STM32_Drivers.dir/__/__/Core/Src/system_stm32f7xx.c.obj
 .debug_macro   0x00023439      0x24f cmake/stm32cubemx/CMakeFiles/STM32_Drivers.dir/__/__/Core/Src/system_stm32f7xx.c.obj
 .debug_macro   0x00023688       0x71 cmake/stm32cubemx/CMakeFiles/STM32_Drivers.dir/__/__/Core/Src/system_stm32f7xx.c.obj
 .debug_macro   0x000236f9       0x58 cmake/stm32cubemx/CMakeFiles/STM32_Drivers.dir/__/__/Core/Src/system_stm32f7xx.c.obj
 .debug_macro   0x00023751      0x236 cmake/stm32cubemx/CMakeFiles/STM32_Drivers.dir/__/__/Core/Src/system_stm32f7xx.c.obj
 .debug_macro   0x00023987      0x14e cmake/stm32cubemx/CMakeFiles/STM32_Drivers.dir/__/__/Core/Src/system_stm32f7xx.c.obj
 .debug_macro   0x00023ad5      0x3db cmake/stm32cubemx/CMakeFiles/STM32_Drivers.dir/__/__/Core/Src/system_stm32f7xx.c.obj
 .debug_macro   0x00023eb0       0x12 cmake/stm32cubemx/CMakeFiles/STM32_Drivers.dir/__/__/Core/Src/system_stm32f7xx.c.obj
 .debug_macro   0x00023ec2      0x22c cmake/stm32cubemx/CMakeFiles/STM32_Drivers.dir/__/__/Core/Src/system_stm32f7xx.c.obj
 .debug_macro   0x000240ee       0x61 cmake/stm32cubemx/CMakeFiles/STM32_Drivers.dir/__/__/Core/Src/system_stm32f7xx.c.obj
 .debug_macro   0x0002414f       0xa5 cmake/stm32cubemx/CMakeFiles/STM32_Drivers.dir/__/__/Core/Src/system_stm32f7xx.c.obj
 .debug_macro   0x000241f4      0x12e cmake/stm32cubemx/CMakeFiles/STM32_Drivers.dir/__/__/Core/Src/system_stm32f7xx.c.obj
 .debug_macro   0x00024322      0x108 cmake/stm32cubemx/CMakeFiles/STM32_Drivers.dir/__/__/Core/Src/system_stm32f7xx.c.obj
 .debug_macro   0x0002442a       0x35 cmake/stm32cubemx/CMakeFiles/STM32_Drivers.dir/__/__/Core/Src/system_stm32f7xx.c.obj
 .debug_macro   0x0002445f      0x15b cmake/stm32cubemx/CMakeFiles/STM32_Drivers.dir/__/__/Core/Src/system_stm32f7xx.c.obj
 .debug_macro   0x000245ba      0x1bb cmake/stm32cubemx/CMakeFiles/STM32_Drivers.dir/__/__/Drivers/STM32F7xx_HAL_Driver/Src/stm32f7xx_hal_cortex.c.obj
 .debug_macro   0x00024775      0x287 cmake/stm32cubemx/CMakeFiles/STM32_Drivers.dir/__/__/Drivers/STM32F7xx_HAL_Driver/Src/stm32f7xx_hal_i2c.c.obj
 .debug_macro   0x000249fc      0x1bb cmake/stm32cubemx/CMakeFiles/STM32_Drivers.dir/__/__/Drivers/STM32F7xx_HAL_Driver/Src/stm32f7xx_hal_i2c_ex.c.obj
 .debug_macro   0x00024bb7      0x1df cmake/stm32cubemx/CMakeFiles/STM32_Drivers.dir/__/__/Drivers/STM32F7xx_HAL_Driver/Src/stm32f7xx_hal_rcc.c.obj
 .debug_macro   0x00024d96      0x1bb cmake/stm32cubemx/CMakeFiles/STM32_Drivers.dir/__/__/Drivers/STM32F7xx_HAL_Driver/Src/stm32f7xx_hal_rcc_ex.c.obj
 .debug_macro   0x00024f51      0x1c1 cmake/stm32cubemx/CMakeFiles/STM32_Drivers.dir/__/__/Drivers/STM32F7xx_HAL_Driver/Src/stm32f7xx_hal_gpio.c.obj
 .debug_macro   0x00025112      0x1df cmake/stm32cubemx/CMakeFiles/STM32_Drivers.dir/__/__/Drivers/STM32F7xx_HAL_Driver/Src/stm32f7xx_hal.c.obj
 .debug_macro   0x000252f1      0x1d4 CMakeFiles/stm32_blinking_led.dir/Core/Src/main.c.obj
 .debug_macro   0x000254c5       0x1c CMakeFiles/stm32_blinking_led.dir/Core/Src/main.c.obj
 .debug_macro   0x000254e1      0x1d4 CMakeFiles/stm32_blinking_led.dir/Core/Src/stm32f7xx_it.c.obj
 .debug_macro   0x000256b5      0x1ca CMakeFiles/stm32_blinking_led.dir/Core/Src/stm32f7xx_hal_msp.c.obj
 .debug_macro   0x0002587f       0x2d CMakeFiles/stm32_blinking_led.dir/app/app.c.obj
 .debug_macro   0x000258ac      0x1d4 CMakeFiles/stm32_blinking_led.dir/app/features/feat_blinky.c.obj
 .debug_macro   0x00025a80       0x25 CMakeFiles/stm32_blinking_led.dir/app/features/feature.c.obj

.debug_line     0x00000000     0x9f57
 .debug_line    0x00000000      0x6a6 cmake/stm32cubemx/CMakeFiles/STM32_Drivers.dir/__/__/Core/Src/system_stm32f7xx.c.obj
 .debug_line    0x000006a6      0xbd9 cmake/stm32cubemx/CMakeFiles/STM32_Drivers.dir/__/__/Drivers/STM32F7xx_HAL_Driver/Src/stm32f7xx_hal_cortex.c.obj
 .debug_line    0x0000127f     0x3690 cmake/stm32cubemx/CMakeFiles/STM32_Drivers.dir/__/__/Drivers/STM32F7xx_HAL_Driver/Src/stm32f7xx_hal_i2c.c.obj
 .debug_line    0x0000490f      0x704 cmake/stm32cubemx/CMakeFiles/STM32_Drivers.dir/__/__/Drivers/STM32F7xx_HAL_Driver/Src/stm32f7xx_hal_i2c_ex.c.obj
 .debug_line    0x00005013      0xe8e cmake/stm32cubemx/CMakeFiles/STM32_Drivers.dir/__/__/Drivers/STM32F7xx_HAL_Driver/Src/stm32f7xx_hal_rcc.c.obj
 .debug_line    0x00005ea1      0xddc cmake/stm32cubemx/CMakeFiles/STM32_Drivers.dir/__/__/Drivers/STM32F7xx_HAL_Driver/Src/stm32f7xx_hal_rcc_ex.c.obj
 .debug_line    0x00006c7d      0xab3 cmake/stm32cubemx/CMakeFiles/STM32_Drivers.dir/__/__/Drivers/STM32F7xx_HAL_Driver/Src/stm32f7xx_hal_gpio.c.obj
 .debug_line    0x00007730      0x989 cmake/stm32cubemx/CMakeFiles/STM32_Drivers.dir/__/__/Drivers/STM32F7xx_HAL_Driver/Src/stm32f7xx_hal.c.obj
 .debug_line    0x000080b9      0x7be CMakeFiles/stm32_blinking_led.dir/Core/Src/main.c.obj
 .debug_line    0x00008877      0x6e1 CMakeFiles/stm32_blinking_led.dir/Core/Src/stm32f7xx_it.c.obj
 .debug_line    0x00008f58      0x698 CMakeFiles/stm32_blinking_led.dir/Core/Src/stm32f7xx_hal_msp.c.obj
 .debug_line    0x000095f0       0x7a CMakeFiles/stm32_blinking_led.dir/startup_stm32f767xx.s.obj
 .debug_line    0x0000966a      0x1be CMakeFiles/stm32_blinking_led.dir/app/app.c.obj
 .debug_line    0x00009828      0x66b CMakeFiles/stm32_blinking_led.dir/app/features/feat_blinky.c.obj
 .debug_line    0x00009e93       0xc4 CMakeFiles/stm32_blinking_led.dir/app/features/feature.c.obj

.debug_str      0x00000000    0xe940e
 .debug_str     0x00000000    0xe940e cmake/stm32cubemx/CMakeFiles/STM32_Drivers.dir/__/__/Core/Src/system_stm32f7xx.c.obj
                              0xe6976 (size before relaxing)
 .debug_str     0x000e940e    0xe7398 cmake/stm32cubemx/CMakeFiles/STM32_Drivers.dir/__/__/Drivers/STM32F7xx_HAL_Driver/Src/stm32f7xx_hal_cortex.c.obj
 .debug_str     0x000e940e    0xe7b89 cmake/stm32cubemx/CMakeFiles/STM32_Drivers.dir/__/__/Drivers/STM32F7xx_HAL_Driver/Src/stm32f7xx_hal_i2c.c.obj
 .debug_str     0x000e940e    0xe6e08 cmake/stm32cubemx/CMakeFiles/STM32_Drivers.dir/__/__/Drivers/STM32F7xx_HAL_Driver/Src/stm32f7xx_hal_i2c_ex.c.obj
 .debug_str     0x000e940e    0xe6cf1 cmake/stm32cubemx/CMakeFiles/STM32_Drivers.dir/__/__/Drivers/STM32F7xx_HAL_Driver/Src/stm32f7xx_hal_rcc.c.obj
 .debug_str     0x000e940e    0xe6c54 cmake/stm32cubemx/CMakeFiles/STM32_Drivers.dir/__/__/Drivers/STM32F7xx_HAL_Driver/Src/stm32f7xx_hal_rcc_ex.c.obj
 .debug_str     0x000e940e    0xe6a34 cmake/stm32cubemx/CMakeFiles/STM32_Drivers.dir/__/__/Drivers/STM32F7xx_HAL_Driver/Src/stm32f7xx_hal_gpio.c.obj
 .debug_str     0x000e940e    0xe73b6 cmake/stm32cubemx/CMakeFiles/STM32_Drivers.dir/__/__/Drivers/STM32F7xx_HAL_Driver/Src/stm32f7xx_hal.c.obj
 .debug_str     0x000e940e    0xe7143 CMakeFiles/stm32_blinking_led.dir/Core/Src/main.c.obj
 .debug_str     0x000e940e    0xe67f2 CMakeFiles/stm32_blinking_led.dir/Core/Src/stm32f7xx_it.c.obj
 .debug_str     0x000e940e    0xe714b CMakeFiles/stm32_blinking_led.dir/Core/Src/stm32f7xx_hal_msp.c.obj
 .debug_str     0x000e940e       0xc4 CMakeFiles/stm32_blinking_led.dir/startup_stm32f767xx.s.obj
 .debug_str     0x000e940e     0x2f21 CMakeFiles/stm32_blinking_led.dir/app/app.c.obj
 .debug_str     0x000e940e    0xe67fd CMakeFiles/stm32_blinking_led.dir/app/features/feat_blinky.c.obj
 .debug_str     0x000e940e     0x2f3b CMakeFiles/stm32_blinking_led.dir/app/features/feature.c.obj

.debug_frame    0x00000000     0x1e58
 .debug_frame   0x00000000       0x58 cmake/stm32cubemx/CMakeFiles/STM32_Drivers.dir/__/__/Core/Src/system_stm32f7xx.c.obj
 .debug_frame   0x00000058      0x4e8 cmake/stm32cubemx/CMakeFiles/STM32_Drivers.dir/__/__/Drivers/STM32F7xx_HAL_Driver/Src/stm32f7xx_hal_cortex.c.obj
 .debug_frame   0x00000540      0xc38 cmake/stm32cubemx/CMakeFiles/STM32_Drivers.dir/__/__/Drivers/STM32F7xx_HAL_Driver/Src/stm32f7xx_hal_i2c.c.obj
 .debug_frame   0x00001178       0xb0 cmake/stm32cubemx/CMakeFiles/STM32_Drivers.dir/__/__/Drivers/STM32F7xx_HAL_Driver/Src/stm32f7xx_hal_i2c_ex.c.obj
 .debug_frame   0x00001228      0x1f8 cmake/stm32cubemx/CMakeFiles/STM32_Drivers.dir/__/__/Drivers/STM32F7xx_HAL_Driver/Src/stm32f7xx_hal_rcc.c.obj
 .debug_frame   0x00001420      0x118 cmake/stm32cubemx/CMakeFiles/STM32_Drivers.dir/__/__/Drivers/STM32F7xx_HAL_Driver/Src/stm32f7xx_hal_rcc_ex.c.obj
 .debug_frame   0x00001538      0x14c cmake/stm32cubemx/CMakeFiles/STM32_Drivers.dir/__/__/Drivers/STM32F7xx_HAL_Driver/Src/stm32f7xx_hal_gpio.c.obj
 .debug_frame   0x00001684      0x3f4 cmake/stm32cubemx/CMakeFiles/STM32_Drivers.dir/__/__/Drivers/STM32F7xx_HAL_Driver/Src/stm32f7xx_hal.c.obj
 .debug_frame   0x00001a78       0xcc CMakeFiles/stm32_blinking_led.dir/Core/Src/main.c.obj
 .debug_frame   0x00001b44      0x104 CMakeFiles/stm32_blinking_led.dir/Core/Src/stm32f7xx_it.c.obj
 .debug_frame   0x00001c48       0x84 CMakeFiles/stm32_blinking_led.dir/Core/Src/stm32f7xx_hal_msp.c.obj
 .debug_frame   0x00001ccc       0x48 CMakeFiles/stm32_blinking_led.dir/app/app.c.obj
 .debug_frame   0x00001d14       0x50 CMakeFiles/stm32_blinking_led.dir/app/features/feat_blinky.c.obj
 .debug_frame   0x00001d64       0x48 CMakeFiles/stm32_blinking_led.dir/app/features/feature.c.obj
 .debug_frame   0x00001dac       0x2c C:/PROGRA~2/ARMGNU~1/142BCE~1.3RE/bin/../lib/gcc/arm-none-eabi/14.3.1/thumb/v7e-m+dp/hard\libgcc.a(_aeabi_uldivmod.o)
 .debug_frame   0x00001dd8       0x34 C:/PROGRA~2/ARMGNU~1/142BCE~1.3RE/bin/../lib/gcc/arm-none-eabi/14.3.1/thumb/v7e-m+dp/hard\libgcc.a(_udivmoddi4.o)
 .debug_frame   0x00001e0c       0x20 C:/PROGRA~2/ARMGNU~1/142BCE~1.3RE/bin/../lib/gcc/arm-none-eabi/14.3.1/../../../../arm-none-eabi/lib/thumb/v7e-m+dp/hard\libg_nano.a(libc_a-memset.o)
 .debug_frame   0x00001e2c       0x2c C:/PROGRA~2/ARMGNU~1/142BCE~1.3RE/bin/../lib/gcc/arm-none-eabi/14.3.1/../../../../arm-none-eabi/lib/thumb/v7e-m+dp/hard\libg_nano.a(libc_a-init.o)

.debug_line_str
                0x00000000      0x181
 .debug_line_str
                0x00000000      0x181 CMakeFiles/stm32_blinking_led.dir/startup_stm32f767xx.s.obj
                                 0xa8 (size before relaxing)
 .debug_line_str
                0x00000181       0xcd C:/PROGRA~2/ARMGNU~1/142BCE~1.3RE/bin/../lib/gcc/arm-none-eabi/14.3.1/thumb/v7e-m+dp/hard\libgcc.a(_aeabi_uldivmod.o)
 .debug_line_str
                0x00000181       0xd1 C:/PROGRA~2/ARMGNU~1/142BCE~1.3RE/bin/../lib/gcc/arm-none-eabi/14.3.1/thumb/v7e-m+dp/hard\libgcc.a(_dvmd_tls.o)
